<?xml version="1.0"?>
<link_info>
   <banner>TMS320C6x Linker PC v7.4.4</banner>
   <copyright>Copyright (c) 1996-2013 Texas Instruments Incorporated</copyright>
   <link_time>0x541a2c7e</link_time>
   <output_file>Lab3.out</output_file>
   <entry_point>
      <name>_c_int00</name>
      <address>0x118198a0</address>
   </entry_point>
   <input_file_list>
      <input_file id="fl-2">
         <path>.\</path>
         <kind>object</kind>
         <file>vectors_intr.obj</file>
         <name>vectors_intr.obj</name>
      </input_file>
      <input_file id="fl-3">
         <path>.\</path>
         <kind>object</kind>
         <file>psc.obj</file>
         <name>psc.obj</name>
      </input_file>
      <input_file id="fl-4">
         <path>.\</path>
         <kind>object</kind>
         <file>gpio.obj</file>
         <name>gpio.obj</name>
      </input_file>
      <input_file id="fl-5">
         <path>.\</path>
         <kind>object</kind>
         <file>Lab3_s2.obj</file>
         <name>Lab3_s2.obj</name>
      </input_file>
      <input_file id="fl-6">
         <path>.\</path>
         <kind>object</kind>
         <file>L138_LCDK_switch_led.obj</file>
         <name>L138_LCDK_switch_led.obj</name>
      </input_file>
      <input_file id="fl-7">
         <path>.\</path>
         <kind>object</kind>
         <file>L138_LCDK_aic3106_init.obj</file>
         <name>L138_LCDK_aic3106_init.obj</name>
      </input_file>
      <input_file id="fl-d">
         <path>C:\CCSv4-2-4_with_SOM-M1_BSL_WS\OMAP-L138_GEL_BSL_Files\bsl\lib\</path>
         <kind>archive</kind>
         <file>evmomapl138_bsl.lib</file>
         <name>evmomapl138_timer.obj</name>
      </input_file>
      <input_file id="fl-e">
         <path>C:\CCSv4-2-4_with_SOM-M1_BSL_WS\OMAP-L138_GEL_BSL_Files\bsl\lib\</path>
         <kind>archive</kind>
         <file>evmomapl138_bsl.lib</file>
         <name>evmomapl138_gpio.obj</name>
      </input_file>
      <input_file id="fl-f">
         <path>C:\CCSv4-2-4_with_SOM-M1_BSL_WS\OMAP-L138_GEL_BSL_Files\bsl\lib\</path>
         <kind>archive</kind>
         <file>evmomapl138_bsl.lib</file>
         <name>evmomapl138_aic3106.obj</name>
      </input_file>
      <input_file id="fl-10">
         <path>C:\CCSv4-2-4_with_SOM-M1_BSL_WS\OMAP-L138_GEL_BSL_Files\bsl\lib\</path>
         <kind>archive</kind>
         <file>evmomapl138_bsl.lib</file>
         <name>evmomapl138.obj</name>
      </input_file>
      <input_file id="fl-11">
         <path>C:\CCSv4-2-4_with_SOM-M1_BSL_WS\OMAP-L138_GEL_BSL_Files\bsl\lib\</path>
         <kind>archive</kind>
         <file>evmomapl138_bsl.lib</file>
         <name>evmomapl138_i2c_gpio.obj</name>
      </input_file>
      <input_file id="fl-12">
         <path>C:\CCSv4-2-4_with_SOM-M1_BSL_WS\OMAP-L138_GEL_BSL_Files\bsl\lib\</path>
         <kind>archive</kind>
         <file>evmomapl138_bsl.lib</file>
         <name>evmomapl138_i2c.obj</name>
      </input_file>
      <input_file id="fl-13">
         <path>C:\ti\ccsv5\tools\compiler\c6000_7.4.4\lib\</path>
         <kind>archive</kind>
         <file>rts6740.lib</file>
         <name>boot.obj</name>
      </input_file>
      <input_file id="fl-14">
         <path>C:\ti\ccsv5\tools\compiler\c6000_7.4.4\lib\</path>
         <kind>archive</kind>
         <file>rts6740.lib</file>
         <name>exit.obj</name>
      </input_file>
      <input_file id="fl-15">
         <path>C:\ti\ccsv5\tools\compiler\c6000_7.4.4\lib\</path>
         <kind>archive</kind>
         <file>rts6740.lib</file>
         <name>printf.obj</name>
      </input_file>
      <input_file id="fl-16">
         <path>C:\ti\ccsv5\tools\compiler\c6000_7.4.4\lib\</path>
         <kind>archive</kind>
         <file>rts6740.lib</file>
         <name>_lock.obj</name>
      </input_file>
      <input_file id="fl-17">
         <path>C:\ti\ccsv5\tools\compiler\c6000_7.4.4\lib\</path>
         <kind>archive</kind>
         <file>rts6740.lib</file>
         <name>_printfi.obj</name>
      </input_file>
      <input_file id="fl-18">
         <path>C:\ti\ccsv5\tools\compiler\c6000_7.4.4\lib\</path>
         <kind>archive</kind>
         <file>rts6740.lib</file>
         <name>args_main.obj</name>
      </input_file>
      <input_file id="fl-19">
         <path>C:\ti\ccsv5\tools\compiler\c6000_7.4.4\lib\</path>
         <kind>archive</kind>
         <file>rts6740.lib</file>
         <name>atoi.obj</name>
      </input_file>
      <input_file id="fl-1a">
         <path>C:\ti\ccsv5\tools\compiler\c6000_7.4.4\lib\</path>
         <kind>archive</kind>
         <file>rts6740.lib</file>
         <name>autoinit.obj</name>
      </input_file>
      <input_file id="fl-1b">
         <path>C:\ti\ccsv5\tools\compiler\c6000_7.4.4\lib\</path>
         <kind>archive</kind>
         <file>rts6740.lib</file>
         <name>cpp_init.obj</name>
      </input_file>
      <input_file id="fl-1c">
         <path>C:\ti\ccsv5\tools\compiler\c6000_7.4.4\lib\</path>
         <kind>archive</kind>
         <file>rts6740.lib</file>
         <name>cpy_tbl.obj</name>
      </input_file>
      <input_file id="fl-1d">
         <path>C:\ti\ccsv5\tools\compiler\c6000_7.4.4\lib\</path>
         <kind>archive</kind>
         <file>rts6740.lib</file>
         <name>ctype.obj</name>
      </input_file>
      <input_file id="fl-1e">
         <path>C:\ti\ccsv5\tools\compiler\c6000_7.4.4\lib\</path>
         <kind>archive</kind>
         <file>rts6740.lib</file>
         <name>defs.obj</name>
      </input_file>
      <input_file id="fl-1f">
         <path>C:\ti\ccsv5\tools\compiler\c6000_7.4.4\lib\</path>
         <kind>archive</kind>
         <file>rts6740.lib</file>
         <name>divd.obj</name>
      </input_file>
      <input_file id="fl-20">
         <path>C:\ti\ccsv5\tools\compiler\c6000_7.4.4\lib\</path>
         <kind>archive</kind>
         <file>rts6740.lib</file>
         <name>divu.obj</name>
      </input_file>
      <input_file id="fl-21">
         <path>C:\ti\ccsv5\tools\compiler\c6000_7.4.4\lib\</path>
         <kind>archive</kind>
         <file>rts6740.lib</file>
         <name>fixdli.obj</name>
      </input_file>
      <input_file id="fl-22">
         <path>C:\ti\ccsv5\tools\compiler\c6000_7.4.4\lib\</path>
         <kind>archive</kind>
         <file>rts6740.lib</file>
         <name>fltlid.obj</name>
      </input_file>
      <input_file id="fl-23">
         <path>C:\ti\ccsv5\tools\compiler\c6000_7.4.4\lib\</path>
         <kind>archive</kind>
         <file>rts6740.lib</file>
         <name>fputc.obj</name>
      </input_file>
      <input_file id="fl-24">
         <path>C:\ti\ccsv5\tools\compiler\c6000_7.4.4\lib\</path>
         <kind>archive</kind>
         <file>rts6740.lib</file>
         <name>fputs.obj</name>
      </input_file>
      <input_file id="fl-25">
         <path>C:\ti\ccsv5\tools\compiler\c6000_7.4.4\lib\</path>
         <kind>archive</kind>
         <file>rts6740.lib</file>
         <name>frcmpyd_div.obj</name>
      </input_file>
      <input_file id="fl-26">
         <path>C:\ti\ccsv5\tools\compiler\c6000_7.4.4\lib\</path>
         <kind>archive</kind>
         <file>rts6740.lib</file>
         <name>imath40.obj</name>
      </input_file>
      <input_file id="fl-27">
         <path>C:\ti\ccsv5\tools\compiler\c6000_7.4.4\lib\</path>
         <kind>archive</kind>
         <file>rts6740.lib</file>
         <name>imath64.obj</name>
      </input_file>
      <input_file id="fl-28">
         <path>C:\ti\ccsv5\tools\compiler\c6000_7.4.4\lib\</path>
         <kind>archive</kind>
         <file>rts6740.lib</file>
         <name>isinf.obj</name>
      </input_file>
      <input_file id="fl-29">
         <path>C:\ti\ccsv5\tools\compiler\c6000_7.4.4\lib\</path>
         <kind>archive</kind>
         <file>rts6740.lib</file>
         <name>llshift.obj</name>
      </input_file>
      <input_file id="fl-2a">
         <path>C:\ti\ccsv5\tools\compiler\c6000_7.4.4\lib\</path>
         <kind>archive</kind>
         <file>rts6740.lib</file>
         <name>lowlev.obj</name>
      </input_file>
      <input_file id="fl-2b">
         <path>C:\ti\ccsv5\tools\compiler\c6000_7.4.4\lib\</path>
         <kind>archive</kind>
         <file>rts6740.lib</file>
         <name>ltoa.obj</name>
      </input_file>
      <input_file id="fl-2c">
         <path>C:\ti\ccsv5\tools\compiler\c6000_7.4.4\lib\</path>
         <kind>archive</kind>
         <file>rts6740.lib</file>
         <name>memccpy.obj</name>
      </input_file>
      <input_file id="fl-2d">
         <path>C:\ti\ccsv5\tools\compiler\c6000_7.4.4\lib\</path>
         <kind>archive</kind>
         <file>rts6740.lib</file>
         <name>memcpy64.obj</name>
      </input_file>
      <input_file id="fl-2e">
         <path>C:\ti\ccsv5\tools\compiler\c6000_7.4.4\lib\</path>
         <kind>archive</kind>
         <file>rts6740.lib</file>
         <name>memset.obj</name>
      </input_file>
      <input_file id="fl-2f">
         <path>C:\ti\ccsv5\tools\compiler\c6000_7.4.4\lib\</path>
         <kind>archive</kind>
         <file>rts6740.lib</file>
         <name>negll.obj</name>
      </input_file>
      <input_file id="fl-30">
         <path>C:\ti\ccsv5\tools\compiler\c6000_7.4.4\lib\</path>
         <kind>archive</kind>
         <file>rts6740.lib</file>
         <name>trgdrv.obj</name>
      </input_file>
      <input_file id="fl-31">
         <path>C:\ti\ccsv5\tools\compiler\c6000_7.4.4\lib\</path>
         <kind>archive</kind>
         <file>rts6740.lib</file>
         <name>trgmsg.obj</name>
      </input_file>
      <input_file id="fl-32">
         <path>C:\ti\ccsv5\tools\compiler\c6000_7.4.4\lib\</path>
         <kind>archive</kind>
         <file>rts6740.lib</file>
         <name>_io_perm.obj</name>
      </input_file>
      <input_file id="fl-33">
         <path>C:\ti\ccsv5\tools\compiler\c6000_7.4.4\lib\</path>
         <kind>archive</kind>
         <file>rts6740.lib</file>
         <name>abs.obj</name>
      </input_file>
      <input_file id="fl-34">
         <path>C:\ti\ccsv5\tools\compiler\c6000_7.4.4\lib\</path>
         <kind>archive</kind>
         <file>rts6740.lib</file>
         <name>fflush.obj</name>
      </input_file>
      <input_file id="fl-35">
         <path>C:\ti\ccsv5\tools\compiler\c6000_7.4.4\lib\</path>
         <kind>archive</kind>
         <file>rts6740.lib</file>
         <name>fseek.obj</name>
      </input_file>
      <input_file id="fl-36">
         <path>C:\ti\ccsv5\tools\compiler\c6000_7.4.4\lib\</path>
         <kind>archive</kind>
         <file>rts6740.lib</file>
         <name>setvbuf.obj</name>
      </input_file>
      <input_file id="fl-37">
         <path>C:\ti\ccsv5\tools\compiler\c6000_7.4.4\lib\</path>
         <kind>archive</kind>
         <file>rts6740.lib</file>
         <name>fopen.obj</name>
      </input_file>
      <input_file id="fl-38">
         <path>C:\ti\ccsv5\tools\compiler\c6000_7.4.4\lib\</path>
         <kind>archive</kind>
         <file>rts6740.lib</file>
         <name>memory.obj</name>
      </input_file>
      <input_file id="fl-39">
         <path>C:\ti\ccsv5\tools\compiler\c6000_7.4.4\lib\</path>
         <kind>archive</kind>
         <file>rts6740.lib</file>
         <name>fclose.obj</name>
      </input_file>
      <input_file id="fl-3a">
         <path>C:\ti\ccsv5\tools\compiler\c6000_7.4.4\lib\</path>
         <kind>archive</kind>
         <file>rts6740.lib</file>
         <name>remove.obj</name>
      </input_file>
   </input_file_list>
   <object_component_list>
      <object_component id="oc-d4">
         <name>.text</name>
         <load_address>0x11810000</load_address>
         <run_address>0x11810000</run_address>
         <size>0x1560</size>
         <input_file_ref idref="fl-7"/>
      </object_component>
      <object_component id="oc-e6">
         <name>.text</name>
         <load_address>0x11811560</load_address>
         <run_address>0x11811560</run_address>
         <size>0xc20</size>
         <input_file_ref idref="fl-10"/>
      </object_component>
      <object_component id="oc-20">
         <name>.text:retain</name>
         <load_address>0x11812180</load_address>
         <run_address>0x11812180</run_address>
         <size>0x680</size>
         <input_file_ref idref="fl-5"/>
      </object_component>
      <object_component id="oc-118">
         <name>.text:__divd</name>
         <load_address>0x11812800</load_address>
         <run_address>0x11812800</run_address>
         <size>0x5a0</size>
         <input_file_ref idref="fl-1f"/>
      </object_component>
      <object_component id="oc-e8">
         <name>.text</name>
         <load_address>0x11812da0</load_address>
         <run_address>0x11812da0</run_address>
         <size>0x5a0</size>
         <input_file_ref idref="fl-4"/>
      </object_component>
      <object_component id="oc-10c">
         <name>.text:__getarg_diouxp</name>
         <load_address>0x11813340</load_address>
         <run_address>0x11813340</run_address>
         <size>0x580</size>
         <input_file_ref idref="fl-17"/>
      </object_component>
      <object_component id="oc-f1">
         <name>.text</name>
         <load_address>0x118138c0</load_address>
         <run_address>0x118138c0</run_address>
         <size>0x4e0</size>
         <input_file_ref idref="fl-11"/>
      </object_component>
      <object_component id="oc-f4">
         <name>.text:__printfi</name>
         <load_address>0x11813da0</load_address>
         <run_address>0x11813da0</run_address>
         <size>0x440</size>
         <input_file_ref idref="fl-17"/>
      </object_component>
      <object_component id="oc-f9">
         <name>.text:__setfield</name>
         <load_address>0x118141e0</load_address>
         <run_address>0x118141e0</run_address>
         <size>0x440</size>
         <input_file_ref idref="fl-17"/>
      </object_component>
      <object_component id="oc-f6">
         <name>.text:_fputs</name>
         <load_address>0x11814620</load_address>
         <run_address>0x11814620</run_address>
         <size>0x3a0</size>
         <input_file_ref idref="fl-24"/>
      </object_component>
      <object_component id="oc-e4">
         <name>.text</name>
         <load_address>0x118149c0</load_address>
         <run_address>0x118149c0</run_address>
         <size>0x380</size>
         <input_file_ref idref="fl-e"/>
      </object_component>
      <object_component id="oc-ed">
         <name>.text</name>
         <load_address>0x11814d40</load_address>
         <run_address>0x11814d40</run_address>
         <size>0x380</size>
         <input_file_ref idref="fl-12"/>
      </object_component>
      <object_component id="oc-d5">
         <name>.text</name>
         <load_address>0x118150c0</load_address>
         <run_address>0x118150c0</run_address>
         <size>0x320</size>
         <input_file_ref idref="fl-6"/>
      </object_component>
      <object_component id="oc-101">
         <name>.text:__pproc_fge</name>
         <load_address>0x118153e0</load_address>
         <run_address>0x118153e0</run_address>
         <size>0x320</size>
         <input_file_ref idref="fl-17"/>
      </object_component>
      <object_component id="oc-f8">
         <name>.text:__pproc_fwp</name>
         <load_address>0x11815700</load_address>
         <run_address>0x11815700</run_address>
         <size>0x2c0</size>
         <input_file_ref idref="fl-17"/>
      </object_component>
      <object_component id="oc-113">
         <name>.text:_ecvt</name>
         <load_address>0x118159c0</load_address>
         <run_address>0x118159c0</run_address>
         <size>0x2a0</size>
         <input_file_ref idref="fl-17"/>
      </object_component>
      <object_component id="oc-116">
         <name>.text:_fcvt</name>
         <load_address>0x11815c60</load_address>
         <run_address>0x11815c60</run_address>
         <size>0x2a0</size>
         <input_file_ref idref="fl-17"/>
      </object_component>
      <object_component id="oc-110">
         <name>.text:_free</name>
         <load_address>0x11815f00</load_address>
         <run_address>0x11815f00</run_address>
         <size>0x280</size>
         <input_file_ref idref="fl-38"/>
      </object_component>
      <object_component id="oc-124">
         <name>.text:__divull</name>
         <load_address>0x11816180</load_address>
         <run_address>0x11816180</run_address>
         <size>0x260</size>
         <input_file_ref idref="fl-27"/>
      </object_component>
      <object_component id="oc-10b">
         <name>.text:__pconv_e</name>
         <load_address>0x118163e0</load_address>
         <run_address>0x118163e0</run_address>
         <size>0x260</size>
         <input_file_ref idref="fl-17"/>
      </object_component>
      <object_component id="oc-102">
         <name>.text:__pproc_diouxp</name>
         <load_address>0x11816640</load_address>
         <run_address>0x11816640</run_address>
         <size>0x240</size>
         <input_file_ref idref="fl-17"/>
      </object_component>
      <object_component id="oc-fa">
         <name>.text:__pproc_str</name>
         <load_address>0x11816880</load_address>
         <run_address>0x11816880</run_address>
         <size>0x220</size>
         <input_file_ref idref="fl-17"/>
      </object_component>
      <object_component id="oc-fb">
         <name>.text:_fputc</name>
         <load_address>0x11816aa0</load_address>
         <run_address>0x11816aa0</run_address>
         <size>0x220</size>
         <input_file_ref idref="fl-23"/>
      </object_component>
      <object_component id="oc-109">
         <name>.text:__pconv_g</name>
         <load_address>0x11816cc0</load_address>
         <run_address>0x11816cc0</run_address>
         <size>0x200</size>
         <input_file_ref idref="fl-17"/>
      </object_component>
      <object_component id="oc-105">
         <name>.text:_setvbuf</name>
         <load_address>0x11816ec0</load_address>
         <run_address>0x11816ec0</run_address>
         <size>0x200</size>
         <input_file_ref idref="fl-36"/>
      </object_component>
      <object_component id="oc-e5">
         <name>.text</name>
         <load_address>0x118170c0</load_address>
         <run_address>0x118170c0</run_address>
         <size>0x1e0</size>
         <input_file_ref idref="fl-d"/>
      </object_component>
      <object_component id="oc-115">
         <name>.text:__mcpy</name>
         <load_address>0x118172a0</load_address>
         <run_address>0x118172a0</run_address>
         <size>0x1c0</size>
         <input_file_ref idref="fl-17"/>
      </object_component>
      <object_component id="oc-123">
         <name>.text:__divul</name>
         <load_address>0x11817460</load_address>
         <run_address>0x11817460</run_address>
         <size>0x1a0</size>
         <input_file_ref idref="fl-26"/>
      </object_component>
      <object_component id="oc-e3">
         <name>.text</name>
         <load_address>0x11817600</load_address>
         <run_address>0x11817600</run_address>
         <size>0x1a0</size>
         <input_file_ref idref="fl-f"/>
      </object_component>
      <object_component id="oc-dd">
         <name>.text:_HOSTrename</name>
         <load_address>0x118177a0</load_address>
         <run_address>0x118177a0</run_address>
         <size>0x180</size>
         <input_file_ref idref="fl-30"/>
      </object_component>
      <object_component id="oc-111">
         <name>.text:_malloc</name>
         <load_address>0x11817920</load_address>
         <run_address>0x11817920</run_address>
         <size>0x180</size>
         <input_file_ref idref="fl-38"/>
      </object_component>
      <object_component id="oc-f7">
         <name>.text:__pproc_fflags</name>
         <load_address>0x11817aa0</load_address>
         <run_address>0x11817aa0</run_address>
         <size>0x140</size>
         <input_file_ref idref="fl-17"/>
      </object_component>
      <object_component id="oc-12c">
         <name>.text:_getdevice</name>
         <load_address>0x11817be0</load_address>
         <run_address>0x11817be0</run_address>
         <size>0x140</size>
         <input_file_ref idref="fl-2a"/>
      </object_component>
      <object_component id="oc-e7">
         <name>.text</name>
         <load_address>0x11817d20</load_address>
         <run_address>0x11817d20</run_address>
         <size>0x140</size>
         <input_file_ref idref="fl-3"/>
      </object_component>
      <object_component id="oc-11c">
         <name>.text:__closefile</name>
         <load_address>0x11817e60</load_address>
         <run_address>0x11817e60</run_address>
         <size>0x120</size>
         <input_file_ref idref="fl-39"/>
      </object_component>
      <object_component id="oc-10e">
         <name>.text:__ltostr</name>
         <load_address>0x11817f80</load_address>
         <run_address>0x11817f80</run_address>
         <size>0x120</size>
         <input_file_ref idref="fl-17"/>
      </object_component>
      <object_component id="oc-104">
         <name>.text:_fseek</name>
         <load_address>0x118180a0</load_address>
         <run_address>0x118180a0</run_address>
         <size>0x120</size>
         <input_file_ref idref="fl-35"/>
      </object_component>
      <object_component id="oc-db">
         <name>.text:_HOSTlseek</name>
         <load_address>0x118181c0</load_address>
         <run_address>0x118181c0</run_address>
         <size>0x100</size>
         <input_file_ref idref="fl-30"/>
      </object_component>
      <object_component id="oc-fc">
         <name>.text:__wrt_ok</name>
         <load_address>0x118182c0</load_address>
         <run_address>0x118182c0</run_address>
         <size>0x100</size>
         <input_file_ref idref="fl-32"/>
      </object_component>
      <object_component id="oc-d7">
         <name>.text:_HOSTopen</name>
         <load_address>0x118183c0</load_address>
         <run_address>0x118183c0</run_address>
         <size>0xe0</size>
         <input_file_ref idref="fl-30"/>
      </object_component>
      <object_component id="oc-100">
         <name>.text:_atoi</name>
         <load_address>0x118184a0</load_address>
         <run_address>0x118184a0</run_address>
         <size>0xe0</size>
         <input_file_ref idref="fl-19"/>
      </object_component>
      <object_component id="oc-125">
         <name>.text:_close</name>
         <load_address>0x11818580</load_address>
         <run_address>0x11818580</run_address>
         <size>0xe0</size>
         <input_file_ref idref="fl-2a"/>
      </object_component>
      <object_component id="oc-ff">
         <name>.text:_memset</name>
         <load_address>0x11818660</load_address>
         <run_address>0x11818660</run_address>
         <size>0xe0</size>
         <input_file_ref idref="fl-2e"/>
      </object_component>
      <object_component id="oc-f0">
         <name>.text:_printf</name>
         <load_address>0x11818740</load_address>
         <run_address>0x11818740</run_address>
         <size>0xe0</size>
         <input_file_ref idref="fl-15"/>
      </object_component>
      <object_component id="oc-d9">
         <name>.text:_HOSTread</name>
         <load_address>0x11818820</load_address>
         <run_address>0x11818820</run_address>
         <size>0xc0</size>
         <input_file_ref idref="fl-30"/>
      </object_component>
      <object_component id="oc-dc">
         <name>.text:_HOSTunlink</name>
         <load_address>0x118188e0</load_address>
         <run_address>0x118188e0</run_address>
         <size>0xc0</size>
         <input_file_ref idref="fl-30"/>
      </object_component>
      <object_component id="oc-da">
         <name>.text:_HOSTwrite</name>
         <load_address>0x118189a0</load_address>
         <run_address>0x118189a0</run_address>
         <size>0xc0</size>
         <input_file_ref idref="fl-30"/>
      </object_component>
      <object_component id="oc-d1">
         <name>.text:__auto_init</name>
         <load_address>0x11818a60</load_address>
         <run_address>0x11818a60</run_address>
         <size>0xc0</size>
         <input_file_ref idref="fl-1a"/>
      </object_component>
      <object_component id="oc-119">
         <name>.text:__div</name>
         <load_address>0x11818b20</load_address>
         <run_address>0x11818b20</run_address>
         <size>0xc0</size>
         <input_file_ref idref="fl-17"/>
      </object_component>
      <object_component id="oc-122">
         <name>.text:__divu</name>
         <load_address>0x11818be0</load_address>
         <run_address>0x11818be0</run_address>
         <size>0xc0</size>
         <input_file_ref idref="fl-20"/>
      </object_component>
      <object_component id="oc-fd">
         <name>.text:__doflush</name>
         <load_address>0x11818ca0</load_address>
         <run_address>0x11818ca0</run_address>
         <size>0xc0</size>
         <input_file_ref idref="fl-34"/>
      </object_component>
      <object_component id="oc-d3">
         <name>.text:_exit</name>
         <load_address>0x11818d60</load_address>
         <run_address>0x11818d60</run_address>
         <size>0xc0</size>
         <input_file_ref idref="fl-14"/>
      </object_component>
      <object_component id="oc-11e">
         <name>.text:_ltoa</name>
         <load_address>0x11818e20</load_address>
         <run_address>0x11818e20</run_address>
         <size>0xc0</size>
         <input_file_ref idref="fl-2b"/>
      </object_component>
      <object_component id="oc-d8">
         <name>.text:_HOSTclose</name>
         <load_address>0x11818ee0</load_address>
         <run_address>0x11818ee0</run_address>
         <size>0xa0</size>
         <input_file_ref idref="fl-30"/>
      </object_component>
      <object_component id="oc-112">
         <name>.text:__cleanup</name>
         <load_address>0x11818f80</load_address>
         <run_address>0x11818f80</run_address>
         <size>0xa0</size>
         <input_file_ref idref="fl-37"/>
      </object_component>
      <object_component id="oc-128">
         <name>.text:__divli</name>
         <load_address>0x11819020</load_address>
         <run_address>0x11819020</run_address>
         <size>0xa0</size>
         <input_file_ref idref="fl-26"/>
      </object_component>
      <object_component id="oc-114">
         <name>.text:__ecpy</name>
         <load_address>0x118190c0</load_address>
         <run_address>0x118190c0</run_address>
         <size>0xa0</size>
         <input_file_ref idref="fl-17"/>
      </object_component>
      <object_component id="oc-117">
         <name>.text:__fcpy</name>
         <load_address>0x11819160</load_address>
         <run_address>0x11819160</run_address>
         <size>0xa0</size>
         <input_file_ref idref="fl-17"/>
      </object_component>
      <object_component id="oc-11d">
         <name>.text:__fixdli</name>
         <load_address>0x11819200</load_address>
         <run_address>0x11819200</run_address>
         <size>0xa0</size>
         <input_file_ref idref="fl-21"/>
      </object_component>
      <object_component id="oc-10a">
         <name>.text:__pconv_f</name>
         <load_address>0x118192a0</load_address>
         <run_address>0x118192a0</run_address>
         <size>0xa0</size>
         <input_file_ref idref="fl-17"/>
      </object_component>
      <object_component id="oc-de">
         <name>.text:_copy_in</name>
         <load_address>0x11819340</load_address>
         <run_address>0x11819340</run_address>
         <size>0xa0</size>
         <input_file_ref idref="fl-1c"/>
      </object_component>
      <object_component id="oc-12d">
         <name>.text:_finddevice</name>
         <load_address>0x118193e0</load_address>
         <run_address>0x118193e0</run_address>
         <size>0xa0</size>
         <input_file_ref idref="fl-2a"/>
      </object_component>
      <object_component id="oc-10f">
         <name>.text:_lseek</name>
         <load_address>0x11819480</load_address>
         <run_address>0x11819480</run_address>
         <size>0xa0</size>
         <input_file_ref idref="fl-2a"/>
      </object_component>
      <object_component id="oc-df">
         <name>.text:_memcpy</name>
         <load_address>0x11819520</load_address>
         <run_address>0x11819520</run_address>
         <size>0xa0</size>
         <input_file_ref idref="fl-2d"/>
      </object_component>
      <object_component id="oc-11b">
         <name>.text:_minsert</name>
         <load_address>0x118195c0</load_address>
         <run_address>0x118195c0</run_address>
         <size>0xa0</size>
         <input_file_ref idref="fl-38"/>
      </object_component>
      <object_component id="oc-11a">
         <name>.text:_mremove</name>
         <load_address>0x11819660</load_address>
         <run_address>0x11819660</run_address>
         <size>0xa0</size>
         <input_file_ref idref="fl-38"/>
      </object_component>
      <object_component id="oc-fe">
         <name>.text:_write</name>
         <load_address>0x11819700</load_address>
         <run_address>0x11819700</run_address>
         <size>0xa0</size>
         <input_file_ref idref="fl-2a"/>
      </object_component>
      <object_component id="oc-11f">
         <name>.text:__fltlid</name>
         <load_address>0x118197a0</load_address>
         <run_address>0x118197a0</run_address>
         <size>0x80</size>
         <input_file_ref idref="fl-22"/>
      </object_component>
      <object_component id="oc-129">
         <name>.text:__llshl</name>
         <load_address>0x11819820</load_address>
         <run_address>0x11819820</run_address>
         <size>0x80</size>
         <input_file_ref idref="fl-29"/>
      </object_component>
      <object_component id="oc-e">
         <name>.text:_c_int00</name>
         <load_address>0x118198a0</load_address>
         <run_address>0x118198a0</run_address>
         <size>0x80</size>
         <input_file_ref idref="fl-13"/>
      </object_component>
      <object_component id="oc-ec">
         <name>.text:_readmsg</name>
         <load_address>0x11819920</load_address>
         <run_address>0x11819920</run_address>
         <size>0x80</size>
         <input_file_ref idref="fl-31"/>
      </object_component>
      <object_component id="oc-12b">
         <name>.text:_unlink</name>
         <load_address>0x118199a0</load_address>
         <run_address>0x118199a0</run_address>
         <size>0x80</size>
         <input_file_ref idref="fl-2a"/>
      </object_component>
      <object_component id="oc-e0">
         <name>.text:___TI_cpp_init</name>
         <load_address>0x11819a20</load_address>
         <run_address>0x11819a20</run_address>
         <size>0x60</size>
         <input_file_ref idref="fl-1b"/>
      </object_component>
      <object_component id="oc-12a">
         <name>.text:__subcull</name>
         <load_address>0x11819a80</load_address>
         <run_address>0x11819a80</run_address>
         <size>0x60</size>
         <input_file_ref idref="fl-27"/>
      </object_component>
      <object_component id="oc-103">
         <name>.text:_memccpy</name>
         <load_address>0x11819ae0</load_address>
         <run_address>0x11819ae0</run_address>
         <size>0x60</size>
         <input_file_ref idref="fl-2c"/>
      </object_component>
      <object_component id="oc-eb">
         <name>.text:_writemsg</name>
         <load_address>0x11819b40</load_address>
         <run_address>0x11819b40</run_address>
         <size>0x60</size>
         <input_file_ref idref="fl-31"/>
      </object_component>
      <object_component id="oc-e1">
         <name>.text</name>
         <load_address>0x11819ba0</load_address>
         <run_address>0x11819ba0</run_address>
         <size>0x40</size>
         <input_file_ref idref="fl-5"/>
      </object_component>
      <object_component id="oc-108">
         <name>.text:___isinf</name>
         <load_address>0x11819be0</load_address>
         <run_address>0x11819be0</run_address>
         <size>0x40</size>
         <input_file_ref idref="fl-28"/>
      </object_component>
      <object_component id="oc-107">
         <name>.text:___isnan</name>
         <load_address>0x11819c20</load_address>
         <run_address>0x11819c20</run_address>
         <size>0x40</size>
         <input_file_ref idref="fl-17"/>
      </object_component>
      <object_component id="oc-d2">
         <name>.text:__args_main</name>
         <load_address>0x11819c60</load_address>
         <run_address>0x11819c60</run_address>
         <size>0x40</size>
         <input_file_ref idref="fl-18"/>
      </object_component>
      <object_component id="oc-121">
         <name>.text:__frcmpyd_div</name>
         <load_address>0x11819ca0</load_address>
         <run_address>0x11819ca0</run_address>
         <size>0x40</size>
         <input_file_ref idref="fl-25"/>
      </object_component>
      <object_component id="oc-120">
         <name>.text:__llshru</name>
         <load_address>0x11819ce0</load_address>
         <run_address>0x11819ce0</run_address>
         <size>0x40</size>
         <input_file_ref idref="fl-29"/>
      </object_component>
      <object_component id="oc-127">
         <name>.text:__remli</name>
         <load_address>0x11819d20</load_address>
         <run_address>0x11819d20</run_address>
         <size>0x40</size>
         <input_file_ref idref="fl-26"/>
      </object_component>
      <object_component id="oc-10d">
         <name>.text:__negll</name>
         <load_address>0x11819d60</load_address>
         <run_address>0x11819d60</run_address>
         <size>0x20</size>
         <input_file_ref idref="fl-2f"/>
      </object_component>
      <object_component id="oc-d6">
         <name>.text:__nop</name>
         <load_address>0x11819d80</load_address>
         <run_address>0x11819d80</run_address>
         <size>0x20</size>
         <input_file_ref idref="fl-16"/>
      </object_component>
      <object_component id="oc-f5">
         <name>.text:__outc</name>
         <load_address>0x11819da0</load_address>
         <run_address>0x11819da0</run_address>
         <size>0x20</size>
         <input_file_ref idref="fl-15"/>
      </object_component>
      <object_component id="oc-f3">
         <name>.text:__outs</name>
         <load_address>0x11819dc0</load_address>
         <run_address>0x11819dc0</run_address>
         <size>0x20</size>
         <input_file_ref idref="fl-15"/>
      </object_component>
      <object_component id="oc-e2">
         <name>.text:_abort</name>
         <load_address>0x11819de0</load_address>
         <run_address>0x11819de0</run_address>
         <size>0x20</size>
         <input_file_ref idref="fl-14"/>
      </object_component>
      <object_component id="oc-126">
         <name>.text:_remove</name>
         <load_address>0x11819e00</load_address>
         <run_address>0x11819e00</run_address>
         <size>0x20</size>
         <input_file_ref idref="fl-3a"/>
      </object_component>
      <object_component id="oc-f">
         <name>.text</name>
         <load_address>0x11819e20</load_address>
         <run_address>0x11819e20</run_address>
         <size>0x20</size>
         <input_file_ref idref="fl-2"/>
      </object_component>
      <object_component id="oc-106">
         <name>.const:.string:__ctypes_</name>
         <load_address>0x11822a00</load_address>
         <run_address>0x11822a00</run_address>
         <size>0x101</size>
         <input_file_ref idref="fl-1d"/>
      </object_component>
      <object_component id="oc-83">
         <name>.const:.string</name>
         <load_address>0x11822b01</load_address>
         <run_address>0x11822b01</run_address>
         <size>0x2</size>
         <input_file_ref idref="fl-24"/>
      </object_component>
      <object_component id="oc-ef">
         <name>.const:_bitval_u32</name>
         <load_address>0x11822b08</load_address>
         <run_address>0x11822b08</run_address>
         <size>0x80</size>
         <input_file_ref idref="fl-10"/>
      </object_component>
      <object_component id="oc-3c">
         <name>.const:.string</name>
         <load_address>0x11822b88</load_address>
         <run_address>0x11822b88</run_address>
         <size>0x40</size>
         <input_file_ref idref="fl-10"/>
      </object_component>
      <object_component id="oc-5b">
         <name>.const:.string</name>
         <load_address>0x11822bc8</load_address>
         <run_address>0x11822bc8</run_address>
         <size>0x23</size>
         <input_file_ref idref="fl-17"/>
      </object_component>
      <object_component id="oc-1c">
         <name>.bss</name>
         <uninitialized>true</uninitialized>
         <run_address>0x118227cc</run_address>
         <size>0x10</size>
         <input_file_ref idref="fl-5"/>
      </object_component>
      <object_component id="oc-28">
         <name>.bss</name>
         <uninitialized>true</uninitialized>
         <run_address>0x118227b0</run_address>
         <size>0x1c</size>
         <input_file_ref idref="fl-7"/>
      </object_component>
      <object_component id="oc-44">
         <name>.bss</name>
         <uninitialized>true</uninitialized>
         <run_address>0x118227dc</run_address>
         <size>0x4</size>
         <input_file_ref idref="fl-12"/>
      </object_component>
      <object_component id="oc-1f">
         <name>.far</name>
         <uninitialized>true</uninitialized>
         <run_address>0x11819e40</run_address>
         <size>0x7d00</size>
         <input_file_ref idref="fl-5"/>
      </object_component>
      <object_component id="oc-2b">
         <name>.far</name>
         <uninitialized>true</uninitialized>
         <run_address>0x11821f90</run_address>
         <size>0x8</size>
         <input_file_ref idref="fl-7"/>
      </object_component>
      <object_component id="oc-4f">
         <name>.far</name>
         <uninitialized>true</uninitialized>
         <run_address>0x11821f84</run_address>
         <size>0xc</size>
         <input_file_ref idref="fl-14"/>
      </object_component>
      <object_component id="oc-57">
         <name>.far</name>
         <uninitialized>true</uninitialized>
         <run_address>0x11821f98</run_address>
         <size>0x8</size>
         <input_file_ref idref="fl-16"/>
      </object_component>
      <object_component id="oc-71">
         <name>.far</name>
         <uninitialized>true</uninitialized>
         <run_address>0x11821b40</run_address>
         <size>0x324</size>
         <input_file_ref idref="fl-1e"/>
      </object_component>
      <object_component id="oc-97">
         <name>.far</name>
         <uninitialized>true</uninitialized>
         <run_address>0x11821e68</run_address>
         <size>0x11c</size>
         <input_file_ref idref="fl-2a"/>
      </object_component>
      <object_component id="oc-aa">
         <name>.far</name>
         <uninitialized>true</uninitialized>
         <run_address>0x11821fa8</run_address>
         <size>0x8</size>
         <input_file_ref idref="fl-30"/>
      </object_component>
      <object_component id="oc-c2">
         <name>.far</name>
         <uninitialized>true</uninitialized>
         <run_address>0x11821e64</run_address>
         <size>0x4</size>
         <input_file_ref idref="fl-37"/>
      </object_component>
      <object_component id="oc-c7">
         <name>.far</name>
         <uninitialized>true</uninitialized>
         <run_address>0x11821fa0</run_address>
         <size>0x8</size>
         <input_file_ref idref="fl-38"/>
      </object_component>
      <object_component id="oc-ee">
         <name>.switch:_getRegisterBankAndBit</name>
         <load_address>0x11822ed8</load_address>
         <run_address>0x11822ed8</run_address>
         <size>0x24</size>
         <input_file_ref idref="fl-e"/>
      </object_component>
      <object_component id="oc-f2">
         <name>.switch:_GPIOIntTypeSet</name>
         <load_address>0x11822efc</load_address>
         <run_address>0x11822efc</run_address>
         <size>0x10</size>
         <input_file_ref idref="fl-4"/>
      </object_component>
      <object_component id="oc-ea">
         <name>.switch:_LCDK_LED_off</name>
         <load_address>0x11822f0c</load_address>
         <run_address>0x11822f0c</run_address>
         <size>0x10</size>
         <input_file_ref idref="fl-6"/>
      </object_component>
      <object_component id="oc-e9">
         <name>.switch:_LCDK_LED_on</name>
         <load_address>0x11822f1c</load_address>
         <run_address>0x11822f1c</run_address>
         <size>0x10</size>
         <input_file_ref idref="fl-6"/>
      </object_component>
      <object_component id="oc-4a">
         <name>.stack</name>
         <uninitialized>true</uninitialized>
         <run_address>0x11821fb0</run_address>
         <size>0x8</size>
         <input_file_ref idref="fl-13"/>
      </object_component>
      <object_component id="oc-143">
         <name>.stack</name>
         <uninitialized>true</uninitialized>
         <run_address>0x11821fb0</run_address>
         <size>0x0</size>
      </object_component>
      <object_component id="oc-70">
         <name>.cinit</name>
         <load_address>0x11822bf0</load_address>
         <run_address>0x11822bf0</run_address>
         <size>0x5c</size>
         <input_file_ref idref="fl-1e"/>
      </object_component>
      <object_component id="oc-96">
         <name>.cinit</name>
         <load_address>0x11822c50</load_address>
         <run_address>0x11822c50</run_address>
         <size>0x5c</size>
         <input_file_ref idref="fl-2a"/>
      </object_component>
      <object_component id="oc-1e">
         <name>.cinit</name>
         <load_address>0x11822cb0</load_address>
         <run_address>0x11822cb0</run_address>
         <size>0x3c</size>
         <input_file_ref idref="fl-5"/>
      </object_component>
      <object_component id="oc-2a">
         <name>.cinit</name>
         <load_address>0x11822cf0</load_address>
         <run_address>0x11822cf0</run_address>
         <size>0x2c</size>
         <input_file_ref idref="fl-7"/>
      </object_component>
      <object_component id="oc-4e">
         <name>.cinit</name>
         <load_address>0x11822d20</load_address>
         <run_address>0x11822d20</run_address>
         <size>0x2c</size>
         <input_file_ref idref="fl-14"/>
      </object_component>
      <object_component id="oc-c6">
         <name>.cinit</name>
         <load_address>0x11822d50</load_address>
         <run_address>0x11822d50</run_address>
         <size>0x2c</size>
         <input_file_ref idref="fl-38"/>
      </object_component>
      <object_component id="oc-56">
         <name>.cinit</name>
         <load_address>0x11822d80</load_address>
         <run_address>0x11822d80</run_address>
         <size>0x1c</size>
         <input_file_ref idref="fl-16"/>
      </object_component>
      <object_component id="oc-c1">
         <name>.cinit</name>
         <load_address>0x11822da0</load_address>
         <run_address>0x11822da0</run_address>
         <size>0xc</size>
         <input_file_ref idref="fl-37"/>
      </object_component>
      <object_component id="oc-c8">
         <name>.sysmem</name>
         <uninitialized>true</uninitialized>
         <run_address>0x11800000</run_address>
         <size>0x8</size>
         <input_file_ref idref="fl-38"/>
      </object_component>
      <object_component id="oc-144">
         <name>.sysmem</name>
         <uninitialized>true</uninitialized>
         <run_address>0x11800000</run_address>
         <size>0x0</size>
      </object_component>
      <object_component id="oc-ae">
         <name>.cio</name>
         <uninitialized>true</uninitialized>
         <run_address>0x11822db8</run_address>
         <size>0x120</size>
         <input_file_ref idref="fl-31"/>
      </object_component>
      <object_component id="oc-10">
         <name>.vecs</name>
         <load_address>0x11822800</load_address>
         <run_address>0x11822800</run_address>
         <size>0x200</size>
         <input_file_ref idref="fl-2"/>
      </object_component>
      <object_component id="oc-11">
         <name>.debug_info</name>
         <load_address>0x0</load_address>
         <run_address>0x0</run_address>
         <size>0xf2</size>
         <input_file_ref idref="fl-2"/>
      </object_component>
      <object_component id="oc-14">
         <name>.debug_info</name>
         <load_address>0xf2</load_address>
         <run_address>0xf2</run_address>
         <size>0x856</size>
         <input_file_ref idref="fl-3"/>
      </object_component>
      <object_component id="oc-18">
         <name>.debug_info</name>
         <load_address>0x948</load_address>
         <run_address>0x948</run_address>
         <size>0x10e8</size>
         <input_file_ref idref="fl-4"/>
      </object_component>
      <object_component id="oc-1d">
         <name>.debug_info</name>
         <load_address>0x1a30</load_address>
         <run_address>0x1a30</run_address>
         <size>0xdd4</size>
         <input_file_ref idref="fl-5"/>
      </object_component>
      <object_component id="oc-24">
         <name>.debug_info</name>
         <load_address>0x2804</load_address>
         <run_address>0x2804</run_address>
         <size>0xc2f</size>
         <input_file_ref idref="fl-6"/>
      </object_component>
      <object_component id="oc-29">
         <name>.debug_info</name>
         <load_address>0x3433</load_address>
         <run_address>0x3433</run_address>
         <size>0x3b6b</size>
         <input_file_ref idref="fl-7"/>
      </object_component>
      <object_component id="oc-2f">
         <name>.debug_info</name>
         <load_address>0x6f9e</load_address>
         <run_address>0x6f9e</run_address>
         <size>0xb66</size>
         <input_file_ref idref="fl-d"/>
      </object_component>
      <object_component id="oc-33">
         <name>.debug_info</name>
         <load_address>0x7b04</load_address>
         <run_address>0x7b04</run_address>
         <size>0x103b</size>
         <input_file_ref idref="fl-e"/>
      </object_component>
      <object_component id="oc-37">
         <name>.debug_info</name>
         <load_address>0x8b3f</load_address>
         <run_address>0x8b3f</run_address>
         <size>0xf0d</size>
         <input_file_ref idref="fl-f"/>
      </object_component>
      <object_component id="oc-3b">
         <name>.debug_info</name>
         <load_address>0x9a4c</load_address>
         <run_address>0x9a4c</run_address>
         <size>0x27ab</size>
         <input_file_ref idref="fl-10"/>
      </object_component>
      <object_component id="oc-40">
         <name>.debug_info</name>
         <load_address>0xc1f7</load_address>
         <run_address>0xc1f7</run_address>
         <size>0xf63</size>
         <input_file_ref idref="fl-11"/>
      </object_component>
      <object_component id="oc-45">
         <name>.debug_info</name>
         <load_address>0xd15a</load_address>
         <run_address>0xd15a</run_address>
         <size>0x1400</size>
         <input_file_ref idref="fl-12"/>
      </object_component>
      <object_component id="oc-49">
         <name>.debug_info</name>
         <load_address>0xe55a</load_address>
         <run_address>0xe55a</run_address>
         <size>0x6f2</size>
         <input_file_ref idref="fl-13"/>
      </object_component>
      <object_component id="oc-4d">
         <name>.debug_info</name>
         <load_address>0xec4c</load_address>
         <run_address>0xec4c</run_address>
         <size>0x7bf</size>
         <input_file_ref idref="fl-14"/>
      </object_component>
      <object_component id="oc-52">
         <name>.debug_info</name>
         <load_address>0xf40b</load_address>
         <run_address>0xf40b</run_address>
         <size>0x8e9</size>
         <input_file_ref idref="fl-15"/>
      </object_component>
      <object_component id="oc-55">
         <name>.debug_info</name>
         <load_address>0xfcf4</load_address>
         <run_address>0xfcf4</run_address>
         <size>0x633</size>
         <input_file_ref idref="fl-16"/>
      </object_component>
      <object_component id="oc-5a">
         <name>.debug_info</name>
         <load_address>0x10327</load_address>
         <run_address>0x10327</run_address>
         <size>0x2674</size>
         <input_file_ref idref="fl-17"/>
      </object_component>
      <object_component id="oc-5e">
         <name>.debug_info</name>
         <load_address>0x1299b</load_address>
         <run_address>0x1299b</run_address>
         <size>0x6c8</size>
         <input_file_ref idref="fl-18"/>
      </object_component>
      <object_component id="oc-61">
         <name>.debug_info</name>
         <load_address>0x13063</load_address>
         <run_address>0x13063</run_address>
         <size>0x6d5</size>
         <input_file_ref idref="fl-19"/>
      </object_component>
      <object_component id="oc-64">
         <name>.debug_info</name>
         <load_address>0x13738</load_address>
         <run_address>0x13738</run_address>
         <size>0x83e</size>
         <input_file_ref idref="fl-1a"/>
      </object_component>
      <object_component id="oc-67">
         <name>.debug_info</name>
         <load_address>0x13f76</load_address>
         <run_address>0x13f76</run_address>
         <size>0x6b6</size>
         <input_file_ref idref="fl-1b"/>
      </object_component>
      <object_component id="oc-6a">
         <name>.debug_info</name>
         <load_address>0x1462c</load_address>
         <run_address>0x1462c</run_address>
         <size>0x7ac</size>
         <input_file_ref idref="fl-1c"/>
      </object_component>
      <object_component id="oc-6d">
         <name>.debug_info</name>
         <load_address>0x14dd8</load_address>
         <run_address>0x14dd8</run_address>
         <size>0x5e1</size>
         <input_file_ref idref="fl-1d"/>
      </object_component>
      <object_component id="oc-6f">
         <name>.debug_info</name>
         <load_address>0x153b9</load_address>
         <run_address>0x153b9</run_address>
         <size>0x6ce</size>
         <input_file_ref idref="fl-1e"/>
      </object_component>
      <object_component id="oc-73">
         <name>.debug_info</name>
         <load_address>0x15a87</load_address>
         <run_address>0x15a87</run_address>
         <size>0x96a</size>
         <input_file_ref idref="fl-1f"/>
      </object_component>
      <object_component id="oc-76">
         <name>.debug_info</name>
         <load_address>0x163f1</load_address>
         <run_address>0x163f1</run_address>
         <size>0xbd</size>
         <input_file_ref idref="fl-20"/>
      </object_component>
      <object_component id="oc-79">
         <name>.debug_info</name>
         <load_address>0x164ae</load_address>
         <run_address>0x164ae</run_address>
         <size>0x67e</size>
         <input_file_ref idref="fl-21"/>
      </object_component>
      <object_component id="oc-7c">
         <name>.debug_info</name>
         <load_address>0x16b2c</load_address>
         <run_address>0x16b2c</run_address>
         <size>0x697</size>
         <input_file_ref idref="fl-22"/>
      </object_component>
      <object_component id="oc-7f">
         <name>.debug_info</name>
         <load_address>0x171c3</load_address>
         <run_address>0x171c3</run_address>
         <size>0x811</size>
         <input_file_ref idref="fl-23"/>
      </object_component>
      <object_component id="oc-82">
         <name>.debug_info</name>
         <load_address>0x179d4</load_address>
         <run_address>0x179d4</run_address>
         <size>0xa9d</size>
         <input_file_ref idref="fl-24"/>
      </object_component>
      <object_component id="oc-86">
         <name>.debug_info</name>
         <load_address>0x18471</load_address>
         <run_address>0x18471</run_address>
         <size>0x653</size>
         <input_file_ref idref="fl-25"/>
      </object_component>
      <object_component id="oc-89">
         <name>.debug_info</name>
         <load_address>0x18ac4</load_address>
         <run_address>0x18ac4</run_address>
         <size>0x78a</size>
         <input_file_ref idref="fl-26"/>
      </object_component>
      <object_component id="oc-8c">
         <name>.debug_info</name>
         <load_address>0x1924e</load_address>
         <run_address>0x1924e</run_address>
         <size>0x785</size>
         <input_file_ref idref="fl-27"/>
      </object_component>
      <object_component id="oc-8f">
         <name>.debug_info</name>
         <load_address>0x199d3</load_address>
         <run_address>0x199d3</run_address>
         <size>0x7fd</size>
         <input_file_ref idref="fl-28"/>
      </object_component>
      <object_component id="oc-92">
         <name>.debug_info</name>
         <load_address>0x1a1d0</load_address>
         <run_address>0x1a1d0</run_address>
         <size>0x6e8</size>
         <input_file_ref idref="fl-29"/>
      </object_component>
      <object_component id="oc-95">
         <name>.debug_info</name>
         <load_address>0x1a8b8</load_address>
         <run_address>0x1a8b8</run_address>
         <size>0xe70</size>
         <input_file_ref idref="fl-2a"/>
      </object_component>
      <object_component id="oc-9a">
         <name>.debug_info</name>
         <load_address>0x1b728</load_address>
         <run_address>0x1b728</run_address>
         <size>0x716</size>
         <input_file_ref idref="fl-2b"/>
      </object_component>
      <object_component id="oc-9d">
         <name>.debug_info</name>
         <load_address>0x1be3e</load_address>
         <run_address>0x1be3e</run_address>
         <size>0x6b9</size>
         <input_file_ref idref="fl-2c"/>
      </object_component>
      <object_component id="oc-a0">
         <name>.debug_info</name>
         <load_address>0x1c4f7</load_address>
         <run_address>0x1c4f7</run_address>
         <size>0xcc</size>
         <input_file_ref idref="fl-2d"/>
      </object_component>
      <object_component id="oc-a3">
         <name>.debug_info</name>
         <load_address>0x1c5c3</load_address>
         <run_address>0x1c5c3</run_address>
         <size>0x79d</size>
         <input_file_ref idref="fl-2e"/>
      </object_component>
      <object_component id="oc-a6">
         <name>.debug_info</name>
         <load_address>0x1cd60</load_address>
         <run_address>0x1cd60</run_address>
         <size>0x5ff</size>
         <input_file_ref idref="fl-2f"/>
      </object_component>
      <object_component id="oc-a9">
         <name>.debug_info</name>
         <load_address>0x1d35f</load_address>
         <run_address>0x1d35f</run_address>
         <size>0xdc3</size>
         <input_file_ref idref="fl-30"/>
      </object_component>
      <object_component id="oc-ad">
         <name>.debug_info</name>
         <load_address>0x1e122</load_address>
         <run_address>0x1e122</run_address>
         <size>0x850</size>
         <input_file_ref idref="fl-31"/>
      </object_component>
      <object_component id="oc-b1">
         <name>.debug_info</name>
         <load_address>0x1e972</load_address>
         <run_address>0x1e972</run_address>
         <size>0x741</size>
         <input_file_ref idref="fl-32"/>
      </object_component>
      <object_component id="oc-b4">
         <name>.debug_info</name>
         <load_address>0x1f0b3</load_address>
         <run_address>0x1f0b3</run_address>
         <size>0x5b3</size>
         <input_file_ref idref="fl-33"/>
      </object_component>
      <object_component id="oc-b7">
         <name>.debug_info</name>
         <load_address>0x1f666</load_address>
         <run_address>0x1f666</run_address>
         <size>0x768</size>
         <input_file_ref idref="fl-34"/>
      </object_component>
      <object_component id="oc-ba">
         <name>.debug_info</name>
         <load_address>0x1fdce</load_address>
         <run_address>0x1fdce</run_address>
         <size>0x7a0</size>
         <input_file_ref idref="fl-35"/>
      </object_component>
      <object_component id="oc-bd">
         <name>.debug_info</name>
         <load_address>0x2056e</load_address>
         <run_address>0x2056e</run_address>
         <size>0x7f3</size>
         <input_file_ref idref="fl-36"/>
      </object_component>
      <object_component id="oc-c0">
         <name>.debug_info</name>
         <load_address>0x20d61</load_address>
         <run_address>0x20d61</run_address>
         <size>0x852</size>
         <input_file_ref idref="fl-37"/>
      </object_component>
      <object_component id="oc-c5">
         <name>.debug_info</name>
         <load_address>0x215b3</load_address>
         <run_address>0x215b3</run_address>
         <size>0xabf</size>
         <input_file_ref idref="fl-38"/>
      </object_component>
      <object_component id="oc-cb">
         <name>.debug_info</name>
         <load_address>0x22072</load_address>
         <run_address>0x22072</run_address>
         <size>0x7ed</size>
         <input_file_ref idref="fl-39"/>
      </object_component>
      <object_component id="oc-ce">
         <name>.debug_info</name>
         <load_address>0x2285f</load_address>
         <run_address>0x2285f</run_address>
         <size>0x64b</size>
         <input_file_ref idref="fl-3a"/>
      </object_component>
      <object_component id="oc-145">
         <name>.debug_info</name>
         <load_address>0x22eaa</load_address>
         <run_address>0x22eaa</run_address>
         <size>0x6d</size>
      </object_component>
      <object_component id="oc-12">
         <name>.debug_line</name>
         <load_address>0x0</load_address>
         <run_address>0x0</run_address>
         <size>0xcd</size>
         <input_file_ref idref="fl-2"/>
      </object_component>
      <object_component id="oc-16">
         <name>.debug_line</name>
         <load_address>0xcd</load_address>
         <run_address>0xcd</run_address>
         <size>0x7a</size>
         <input_file_ref idref="fl-3"/>
      </object_component>
      <object_component id="oc-1a">
         <name>.debug_line</name>
         <load_address>0x147</load_address>
         <run_address>0x147</run_address>
         <size>0x1f1</size>
         <input_file_ref idref="fl-4"/>
      </object_component>
      <object_component id="oc-22">
         <name>.debug_line</name>
         <load_address>0x338</load_address>
         <run_address>0x338</run_address>
         <size>0x134</size>
         <input_file_ref idref="fl-5"/>
      </object_component>
      <object_component id="oc-26">
         <name>.debug_line</name>
         <load_address>0x46c</load_address>
         <run_address>0x46c</run_address>
         <size>0x155</size>
         <input_file_ref idref="fl-6"/>
      </object_component>
      <object_component id="oc-2d">
         <name>.debug_line</name>
         <load_address>0x5c1</load_address>
         <run_address>0x5c1</run_address>
         <size>0x601</size>
         <input_file_ref idref="fl-7"/>
      </object_component>
      <object_component id="oc-31">
         <name>.debug_line</name>
         <load_address>0xbc2</load_address>
         <run_address>0xbc2</run_address>
         <size>0xd8</size>
         <input_file_ref idref="fl-d"/>
      </object_component>
      <object_component id="oc-35">
         <name>.debug_line</name>
         <load_address>0xc9a</load_address>
         <run_address>0xc9a</run_address>
         <size>0x1ba</size>
         <input_file_ref idref="fl-e"/>
      </object_component>
      <object_component id="oc-39">
         <name>.debug_line</name>
         <load_address>0xe54</load_address>
         <run_address>0xe54</run_address>
         <size>0xad</size>
         <input_file_ref idref="fl-f"/>
      </object_component>
      <object_component id="oc-3e">
         <name>.debug_line</name>
         <load_address>0xf01</load_address>
         <run_address>0xf01</run_address>
         <size>0x2d8</size>
         <input_file_ref idref="fl-10"/>
      </object_component>
      <object_component id="oc-42">
         <name>.debug_line</name>
         <load_address>0x11d9</load_address>
         <run_address>0x11d9</run_address>
         <size>0x169</size>
         <input_file_ref idref="fl-11"/>
      </object_component>
      <object_component id="oc-47">
         <name>.debug_line</name>
         <load_address>0x1342</load_address>
         <run_address>0x1342</run_address>
         <size>0x143</size>
         <input_file_ref idref="fl-12"/>
      </object_component>
      <object_component id="oc-4b">
         <name>.debug_line</name>
         <load_address>0x1485</load_address>
         <run_address>0x1485</run_address>
         <size>0x3d</size>
         <input_file_ref idref="fl-13"/>
      </object_component>
      <object_component id="oc-50">
         <name>.debug_line</name>
         <load_address>0x14c2</load_address>
         <run_address>0x14c2</run_address>
         <size>0x4f</size>
         <input_file_ref idref="fl-14"/>
      </object_component>
      <object_component id="oc-53">
         <name>.debug_line</name>
         <load_address>0x1511</load_address>
         <run_address>0x1511</run_address>
         <size>0x6a</size>
         <input_file_ref idref="fl-15"/>
      </object_component>
      <object_component id="oc-58">
         <name>.debug_line</name>
         <load_address>0x157b</load_address>
         <run_address>0x157b</run_address>
         <size>0x35</size>
         <input_file_ref idref="fl-16"/>
      </object_component>
      <object_component id="oc-5c">
         <name>.debug_line</name>
         <load_address>0x15b0</load_address>
         <run_address>0x15b0</run_address>
         <size>0x31a</size>
         <input_file_ref idref="fl-17"/>
      </object_component>
      <object_component id="oc-5f">
         <name>.debug_line</name>
         <load_address>0x18ca</load_address>
         <run_address>0x18ca</run_address>
         <size>0x3f</size>
         <input_file_ref idref="fl-18"/>
      </object_component>
      <object_component id="oc-62">
         <name>.debug_line</name>
         <load_address>0x1909</load_address>
         <run_address>0x1909</run_address>
         <size>0x45</size>
         <input_file_ref idref="fl-19"/>
      </object_component>
      <object_component id="oc-65">
         <name>.debug_line</name>
         <load_address>0x194e</load_address>
         <run_address>0x194e</run_address>
         <size>0x49</size>
         <input_file_ref idref="fl-1a"/>
      </object_component>
      <object_component id="oc-68">
         <name>.debug_line</name>
         <load_address>0x1997</load_address>
         <run_address>0x1997</run_address>
         <size>0x45</size>
         <input_file_ref idref="fl-1b"/>
      </object_component>
      <object_component id="oc-6b">
         <name>.debug_line</name>
         <load_address>0x19dc</load_address>
         <run_address>0x19dc</run_address>
         <size>0x44</size>
         <input_file_ref idref="fl-1c"/>
      </object_component>
      <object_component id="oc-74">
         <name>.debug_line</name>
         <load_address>0x1a20</load_address>
         <run_address>0x1a20</run_address>
         <size>0x3c</size>
         <input_file_ref idref="fl-1f"/>
      </object_component>
      <object_component id="oc-77">
         <name>.debug_line</name>
         <load_address>0x1a5c</load_address>
         <run_address>0x1a5c</run_address>
         <size>0x44</size>
         <input_file_ref idref="fl-20"/>
      </object_component>
      <object_component id="oc-7a">
         <name>.debug_line</name>
         <load_address>0x1aa0</load_address>
         <run_address>0x1aa0</run_address>
         <size>0x3d</size>
         <input_file_ref idref="fl-21"/>
      </object_component>
      <object_component id="oc-7d">
         <name>.debug_line</name>
         <load_address>0x1add</load_address>
         <run_address>0x1add</run_address>
         <size>0x3d</size>
         <input_file_ref idref="fl-22"/>
      </object_component>
      <object_component id="oc-80">
         <name>.debug_line</name>
         <load_address>0x1b1a</load_address>
         <run_address>0x1b1a</run_address>
         <size>0x3f</size>
         <input_file_ref idref="fl-23"/>
      </object_component>
      <object_component id="oc-84">
         <name>.debug_line</name>
         <load_address>0x1b59</load_address>
         <run_address>0x1b59</run_address>
         <size>0x93</size>
         <input_file_ref idref="fl-24"/>
      </object_component>
      <object_component id="oc-87">
         <name>.debug_line</name>
         <load_address>0x1bec</load_address>
         <run_address>0x1bec</run_address>
         <size>0x3e</size>
         <input_file_ref idref="fl-25"/>
      </object_component>
      <object_component id="oc-8a">
         <name>.debug_line</name>
         <load_address>0x1c2a</load_address>
         <run_address>0x1c2a</run_address>
         <size>0x73</size>
         <input_file_ref idref="fl-26"/>
      </object_component>
      <object_component id="oc-8d">
         <name>.debug_line</name>
         <load_address>0x1c9d</load_address>
         <run_address>0x1c9d</run_address>
         <size>0x61</size>
         <input_file_ref idref="fl-27"/>
      </object_component>
      <object_component id="oc-90">
         <name>.debug_line</name>
         <load_address>0x1cfe</load_address>
         <run_address>0x1cfe</run_address>
         <size>0x38</size>
         <input_file_ref idref="fl-28"/>
      </object_component>
      <object_component id="oc-93">
         <name>.debug_line</name>
         <load_address>0x1d36</load_address>
         <run_address>0x1d36</run_address>
         <size>0x56</size>
         <input_file_ref idref="fl-29"/>
      </object_component>
      <object_component id="oc-98">
         <name>.debug_line</name>
         <load_address>0x1d8c</load_address>
         <run_address>0x1d8c</run_address>
         <size>0xf5</size>
         <input_file_ref idref="fl-2a"/>
      </object_component>
      <object_component id="oc-9b">
         <name>.debug_line</name>
         <load_address>0x1e81</load_address>
         <run_address>0x1e81</run_address>
         <size>0x40</size>
         <input_file_ref idref="fl-2b"/>
      </object_component>
      <object_component id="oc-9e">
         <name>.debug_line</name>
         <load_address>0x1ec1</load_address>
         <run_address>0x1ec1</run_address>
         <size>0x3f</size>
         <input_file_ref idref="fl-2c"/>
      </object_component>
      <object_component id="oc-a1">
         <name>.debug_line</name>
         <load_address>0x1f00</load_address>
         <run_address>0x1f00</run_address>
         <size>0x4a</size>
         <input_file_ref idref="fl-2d"/>
      </object_component>
      <object_component id="oc-a4">
         <name>.debug_line</name>
         <load_address>0x1f4a</load_address>
         <run_address>0x1f4a</run_address>
         <size>0x46</size>
         <input_file_ref idref="fl-2e"/>
      </object_component>
      <object_component id="oc-a7">
         <name>.debug_line</name>
         <load_address>0x1f90</load_address>
         <run_address>0x1f90</run_address>
         <size>0x39</size>
         <input_file_ref idref="fl-2f"/>
      </object_component>
      <object_component id="oc-ab">
         <name>.debug_line</name>
         <load_address>0x1fc9</load_address>
         <run_address>0x1fc9</run_address>
         <size>0x126</size>
         <input_file_ref idref="fl-30"/>
      </object_component>
      <object_component id="oc-af">
         <name>.debug_line</name>
         <load_address>0x20ef</load_address>
         <run_address>0x20ef</run_address>
         <size>0x66</size>
         <input_file_ref idref="fl-31"/>
      </object_component>
      <object_component id="oc-b2">
         <name>.debug_line</name>
         <load_address>0x2155</load_address>
         <run_address>0x2155</run_address>
         <size>0x40</size>
         <input_file_ref idref="fl-32"/>
      </object_component>
      <object_component id="oc-b5">
         <name>.debug_line</name>
         <load_address>0x2195</load_address>
         <run_address>0x2195</run_address>
         <size>0x23</size>
         <input_file_ref idref="fl-33"/>
      </object_component>
      <object_component id="oc-b8">
         <name>.debug_line</name>
         <load_address>0x21b8</load_address>
         <run_address>0x21b8</run_address>
         <size>0x3e</size>
         <input_file_ref idref="fl-34"/>
      </object_component>
      <object_component id="oc-bb">
         <name>.debug_line</name>
         <load_address>0x21f6</load_address>
         <run_address>0x21f6</run_address>
         <size>0x3c</size>
         <input_file_ref idref="fl-35"/>
      </object_component>
      <object_component id="oc-be">
         <name>.debug_line</name>
         <load_address>0x2232</load_address>
         <run_address>0x2232</run_address>
         <size>0x3f</size>
         <input_file_ref idref="fl-36"/>
      </object_component>
      <object_component id="oc-c3">
         <name>.debug_line</name>
         <load_address>0x2271</load_address>
         <run_address>0x2271</run_address>
         <size>0x42</size>
         <input_file_ref idref="fl-37"/>
      </object_component>
      <object_component id="oc-c9">
         <name>.debug_line</name>
         <load_address>0x22b3</load_address>
         <run_address>0x22b3</run_address>
         <size>0xa7</size>
         <input_file_ref idref="fl-38"/>
      </object_component>
      <object_component id="oc-cc">
         <name>.debug_line</name>
         <load_address>0x235a</load_address>
         <run_address>0x235a</run_address>
         <size>0x3e</size>
         <input_file_ref idref="fl-39"/>
      </object_component>
      <object_component id="oc-cf">
         <name>.debug_line</name>
         <load_address>0x2398</load_address>
         <run_address>0x2398</run_address>
         <size>0x39</size>
         <input_file_ref idref="fl-3a"/>
      </object_component>
      <object_component id="oc-13">
         <name>.debug_abbrev</name>
         <load_address>0x0</load_address>
         <run_address>0x0</run_address>
         <size>0x20</size>
         <input_file_ref idref="fl-2"/>
      </object_component>
      <object_component id="oc-17">
         <name>.debug_abbrev</name>
         <load_address>0x20</load_address>
         <run_address>0x20</run_address>
         <size>0xab</size>
         <input_file_ref idref="fl-3"/>
      </object_component>
      <object_component id="oc-1b">
         <name>.debug_abbrev</name>
         <load_address>0xcb</load_address>
         <run_address>0xcb</run_address>
         <size>0xf8</size>
         <input_file_ref idref="fl-4"/>
      </object_component>
      <object_component id="oc-23">
         <name>.debug_abbrev</name>
         <load_address>0x1c3</load_address>
         <run_address>0x1c3</run_address>
         <size>0x13c</size>
         <input_file_ref idref="fl-5"/>
      </object_component>
      <object_component id="oc-27">
         <name>.debug_abbrev</name>
         <load_address>0x2ff</load_address>
         <run_address>0x2ff</run_address>
         <size>0xdf</size>
         <input_file_ref idref="fl-6"/>
      </object_component>
      <object_component id="oc-2e">
         <name>.debug_abbrev</name>
         <load_address>0x3de</load_address>
         <run_address>0x3de</run_address>
         <size>0x229</size>
         <input_file_ref idref="fl-7"/>
      </object_component>
      <object_component id="oc-32">
         <name>.debug_abbrev</name>
         <load_address>0x607</load_address>
         <run_address>0x607</run_address>
         <size>0x104</size>
         <input_file_ref idref="fl-d"/>
      </object_component>
      <object_component id="oc-36">
         <name>.debug_abbrev</name>
         <load_address>0x70b</load_address>
         <run_address>0x70b</run_address>
         <size>0x175</size>
         <input_file_ref idref="fl-e"/>
      </object_component>
      <object_component id="oc-3a">
         <name>.debug_abbrev</name>
         <load_address>0x880</load_address>
         <run_address>0x880</run_address>
         <size>0xf0</size>
         <input_file_ref idref="fl-f"/>
      </object_component>
      <object_component id="oc-3f">
         <name>.debug_abbrev</name>
         <load_address>0x970</load_address>
         <run_address>0x970</run_address>
         <size>0x208</size>
         <input_file_ref idref="fl-10"/>
      </object_component>
      <object_component id="oc-43">
         <name>.debug_abbrev</name>
         <load_address>0xb78</load_address>
         <run_address>0xb78</run_address>
         <size>0x147</size>
         <input_file_ref idref="fl-11"/>
      </object_component>
      <object_component id="oc-48">
         <name>.debug_abbrev</name>
         <load_address>0xcbf</load_address>
         <run_address>0xcbf</run_address>
         <size>0x136</size>
         <input_file_ref idref="fl-12"/>
      </object_component>
      <object_component id="oc-4c">
         <name>.debug_abbrev</name>
         <load_address>0xdf5</load_address>
         <run_address>0xdf5</run_address>
         <size>0xfe</size>
         <input_file_ref idref="fl-13"/>
      </object_component>
      <object_component id="oc-51">
         <name>.debug_abbrev</name>
         <load_address>0xef3</load_address>
         <run_address>0xef3</run_address>
         <size>0x119</size>
         <input_file_ref idref="fl-14"/>
      </object_component>
      <object_component id="oc-54">
         <name>.debug_abbrev</name>
         <load_address>0x100c</load_address>
         <run_address>0x100c</run_address>
         <size>0x161</size>
         <input_file_ref idref="fl-15"/>
      </object_component>
      <object_component id="oc-59">
         <name>.debug_abbrev</name>
         <load_address>0x116d</load_address>
         <run_address>0x116d</run_address>
         <size>0x9f</size>
         <input_file_ref idref="fl-16"/>
      </object_component>
      <object_component id="oc-5d">
         <name>.debug_abbrev</name>
         <load_address>0x120c</load_address>
         <run_address>0x120c</run_address>
         <size>0x1d1</size>
         <input_file_ref idref="fl-17"/>
      </object_component>
      <object_component id="oc-60">
         <name>.debug_abbrev</name>
         <load_address>0x13dd</load_address>
         <run_address>0x13dd</run_address>
         <size>0xe1</size>
         <input_file_ref idref="fl-18"/>
      </object_component>
      <object_component id="oc-63">
         <name>.debug_abbrev</name>
         <load_address>0x14be</load_address>
         <run_address>0x14be</run_address>
         <size>0xcc</size>
         <input_file_ref idref="fl-19"/>
      </object_component>
      <object_component id="oc-66">
         <name>.debug_abbrev</name>
         <load_address>0x158a</load_address>
         <run_address>0x158a</run_address>
         <size>0x13f</size>
         <input_file_ref idref="fl-1a"/>
      </object_component>
      <object_component id="oc-69">
         <name>.debug_abbrev</name>
         <load_address>0x16c9</load_address>
         <run_address>0x16c9</run_address>
         <size>0xdd</size>
         <input_file_ref idref="fl-1b"/>
      </object_component>
      <object_component id="oc-6c">
         <name>.debug_abbrev</name>
         <load_address>0x17a6</load_address>
         <run_address>0x17a6</run_address>
         <size>0x10c</size>
         <input_file_ref idref="fl-1c"/>
      </object_component>
      <object_component id="oc-6e">
         <name>.debug_abbrev</name>
         <load_address>0x18b2</load_address>
         <run_address>0x18b2</run_address>
         <size>0x5f</size>
         <input_file_ref idref="fl-1d"/>
      </object_component>
      <object_component id="oc-72">
         <name>.debug_abbrev</name>
         <load_address>0x1911</load_address>
         <run_address>0x1911</run_address>
         <size>0x8e</size>
         <input_file_ref idref="fl-1e"/>
      </object_component>
      <object_component id="oc-75">
         <name>.debug_abbrev</name>
         <load_address>0x199f</load_address>
         <run_address>0x199f</run_address>
         <size>0xf5</size>
         <input_file_ref idref="fl-1f"/>
      </object_component>
      <object_component id="oc-78">
         <name>.debug_abbrev</name>
         <load_address>0x1a94</load_address>
         <run_address>0x1a94</run_address>
         <size>0x3a</size>
         <input_file_ref idref="fl-20"/>
      </object_component>
      <object_component id="oc-7b">
         <name>.debug_abbrev</name>
         <load_address>0x1ace</load_address>
         <run_address>0x1ace</run_address>
         <size>0xac</size>
         <input_file_ref idref="fl-21"/>
      </object_component>
      <object_component id="oc-7e">
         <name>.debug_abbrev</name>
         <load_address>0x1b7a</load_address>
         <run_address>0x1b7a</run_address>
         <size>0xc3</size>
         <input_file_ref idref="fl-22"/>
      </object_component>
      <object_component id="oc-81">
         <name>.debug_abbrev</name>
         <load_address>0x1c3d</load_address>
         <run_address>0x1c3d</run_address>
         <size>0x11f</size>
         <input_file_ref idref="fl-23"/>
      </object_component>
      <object_component id="oc-85">
         <name>.debug_abbrev</name>
         <load_address>0x1d5c</load_address>
         <run_address>0x1d5c</run_address>
         <size>0x14b</size>
         <input_file_ref idref="fl-24"/>
      </object_component>
      <object_component id="oc-88">
         <name>.debug_abbrev</name>
         <load_address>0x1ea7</load_address>
         <run_address>0x1ea7</run_address>
         <size>0x8c</size>
         <input_file_ref idref="fl-25"/>
      </object_component>
[...]
         <value>0x118101a8</value>
         <object_component_ref idref="oc-d4"/>
      </symbol>
      <symbol id="sm-232">
         <name>_prand_seed</name>
         <value>0x118227c8</value>
         <object_component_ref idref="oc-28"/>
      </symbol>
      <symbol id="sm-233">
         <name>_output_sample</name>
         <value>0x11810000</value>
         <object_component_ref idref="oc-d4"/>
      </symbol>
      <symbol id="sm-234">
         <name>_pingIN</name>
         <value>0x118227b4</value>
         <object_component_ref idref="oc-28"/>
      </symbol>
      <symbol id="sm-235">
         <name>_AIC31_data</name>
         <value>0x11821f90</value>
         <object_component_ref idref="oc-2b"/>
      </symbol>
      <symbol id="sm-236">
         <name>_sreg</name>
         <value>0x11821f94</value>
         <object_component_ref idref="oc-2b"/>
      </symbol>
      <symbol id="sm-237">
         <name>_input_right_sample</name>
         <value>0x11810200</value>
         <object_component_ref idref="oc-d4"/>
      </symbol>
      <symbol id="sm-238">
         <name>_EDMA3_PaRAM_setup</name>
         <value>0x11810258</value>
         <object_component_ref idref="oc-d4"/>
      </symbol>
      <symbol id="sm-239">
         <name>_L138_init_LCDK_DIP</name>
         <value>0x11811118</value>
         <object_component_ref idref="oc-d4"/>
      </symbol>
      <symbol id="sm-23a">
         <name>_prand</name>
         <value>0x11811534</value>
         <object_component_ref idref="oc-d4"/>
      </symbol>
      <symbol id="sm-23b">
         <name>_fb</name>
         <value>0x118227c4</value>
         <object_component_ref idref="oc-28"/>
      </symbol>
      <symbol id="sm-23c">
         <name>_rand31_next</name>
         <value>0x118114b8</value>
         <object_component_ref idref="oc-d4"/>
      </symbol>
      <symbol id="sm-23d">
         <name>_read_LCDK_user_DIP</name>
         <value>0x11811160</value>
         <object_component_ref idref="oc-d4"/>
      </symbol>
      <symbol id="sm-23e">
         <name>_L138_init_mcasp_edma</name>
         <value>0x11810630</value>
         <object_component_ref idref="oc-d4"/>
      </symbol>
      <symbol id="sm-23f">
         <name>_L138_init_aic3106_registers</name>
         <value>0x11810de0</value>
         <object_component_ref idref="oc-d4"/>
      </symbol>
      <symbol id="sm-240">
         <name>_L138_initialise_intr</name>
         <value>0x118112ac</value>
         <object_component_ref idref="oc-d4"/>
      </symbol>
      <symbol id="sm-241">
         <name>_input_sample</name>
         <value>0x11810150</value>
         <object_component_ref idref="oc-d4"/>
      </symbol>
      <symbol id="sm-242">
         <name>_output_right_sample</name>
         <value>0x118100e0</value>
         <object_component_ref idref="oc-d4"/>
      </symbol>
      <symbol id="sm-243">
         <name>_pongIN</name>
         <value>0x118227bc</value>
         <object_component_ref idref="oc-28"/>
      </symbol>
      <symbol id="sm-244">
         <name>_pongOUT</name>
         <value>0x118227c0</value>
         <object_component_ref idref="oc-28"/>
      </symbol>
      <symbol id="sm-245">
         <name>_pingOUT</name>
         <value>0x118227b8</value>
         <object_component_ref idref="oc-28"/>
      </symbol>
      <symbol id="sm-246">
         <name>_L138_init_mcasp_poll</name>
         <value>0x11810b4c</value>
         <object_component_ref idref="oc-d4"/>
      </symbol>
      <symbol id="sm-255">
         <name>_USTIMER_get</name>
         <value>0x11817264</value>
         <object_component_ref idref="oc-e5"/>
      </symbol>
      <symbol id="sm-256">
         <name>_USTIMER_delay</name>
         <value>0x118171a4</value>
         <object_component_ref idref="oc-e5"/>
      </symbol>
      <symbol id="sm-257">
         <name>_USTIMER_set</name>
         <value>0x11817278</value>
         <object_component_ref idref="oc-e5"/>
      </symbol>
      <symbol id="sm-258">
         <name>_USTIMER_init</name>
         <value>0x118170c0</value>
         <object_component_ref idref="oc-e5"/>
      </symbol>
      <symbol id="sm-259">
         <name>_USTIMER_reset</name>
         <value>0x11817234</value>
         <object_component_ref idref="oc-e5"/>
      </symbol>
      <symbol id="sm-293">
         <name>_GPIO_getInput</name>
         <value>0x11814a38</value>
         <object_component_ref idref="oc-e4"/>
      </symbol>
      <symbol id="sm-294">
         <name>_GPIO_setDir</name>
         <value>0x118149c0</value>
         <object_component_ref idref="oc-e4"/>
      </symbol>
      <symbol id="sm-295">
         <name>_GPIO_toggleLoop</name>
         <value>0x11814b2c</value>
         <object_component_ref idref="oc-e4"/>
      </symbol>
      <symbol id="sm-296">
         <name>_GPIO_setOutput</name>
         <value>0x11814aac</value>
         <object_component_ref idref="oc-e4"/>
      </symbol>
      <symbol id="sm-2c2">
         <name>_AIC3106_writeRegister</name>
         <value>0x11817750</value>
         <object_component_ref idref="oc-e3"/>
      </symbol>
      <symbol id="sm-2c3">
         <name>_AIC3106_init</name>
         <value>0x11817600</value>
         <object_component_ref idref="oc-e3"/>
      </symbol>
      <symbol id="sm-2c4">
         <name>_AIC3106_readRegister</name>
         <value>0x118176f8</value>
         <object_component_ref idref="oc-e3"/>
      </symbol>
      <symbol id="sm-361">
         <name>_config_pll1</name>
         <value>0x11811e24</value>
         <object_component_ref idref="oc-e6"/>
      </symbol>
      <symbol id="sm-362">
         <name>_config_pll0</name>
         <value>0x11811be8</value>
         <object_component_ref idref="oc-e6"/>
      </symbol>
      <symbol id="sm-363">
         <name>_UTIL_isUIBoardAttached</name>
         <value>0x11812160</value>
         <object_component_ref idref="oc-e6"/>
      </symbol>
      <symbol id="sm-364">
         <name>_EVMOMAPL138_initRAM</name>
         <value>0x1181158c</value>
         <object_component_ref idref="oc-e6"/>
      </symbol>
      <symbol id="sm-365">
         <name>_EVMOMAPL138_lpscTransition</name>
         <value>0x11811810</value>
         <object_component_ref idref="oc-e6"/>
      </symbol>
      <symbol id="sm-366">
         <name>_EVMOMAPL138_enableDsp</name>
         <value>0x11811748</value>
         <object_component_ref idref="oc-e6"/>
      </symbol>
      <symbol id="sm-367">
         <name>_EVMOMAPL138_init</name>
         <value>0x11811560</value>
         <object_component_ref idref="oc-e6"/>
      </symbol>
      <symbol id="sm-368">
         <name>_UTIL_printMem</name>
         <value>0x11812008</value>
         <object_component_ref idref="oc-e6"/>
      </symbol>
      <symbol id="sm-369">
         <name>_EVMOMAPL138_pinmuxConfig</name>
         <value>0x11811774</value>
         <object_component_ref idref="oc-e6"/>
      </symbol>
      <symbol id="sm-36a">
         <name>_bitval_u32</name>
         <value>0x11822b08</value>
         <object_component_ref idref="oc-ef"/>
      </symbol>
      <symbol id="sm-398">
         <name>_I2CGPIO_getInput</name>
         <value>0x11813994</value>
         <object_component_ref idref="oc-f1"/>
      </symbol>
      <symbol id="sm-399">
         <name>_I2CGPIO_setOutputAll</name>
         <value>0x11813d08</value>
         <object_component_ref idref="oc-f1"/>
      </symbol>
      <symbol id="sm-39a">
         <name>_I2CGPIO_setOutput</name>
         <value>0x11813bc0</value>
         <object_component_ref idref="oc-f1"/>
      </symbol>
      <symbol id="sm-39b">
         <name>_I2CGPIO_getInputAll</name>
         <value>0x11813ab0</value>
         <object_component_ref idref="oc-f1"/>
      </symbol>
      <symbol id="sm-39c">
         <name>_I2CGPIO_init</name>
         <value>0x118138c0</value>
         <object_component_ref idref="oc-f1"/>
      </symbol>
      <symbol id="sm-3e5">
         <name>_I2C_read</name>
         <value>0x11814e2c</value>
         <object_component_ref idref="oc-ed"/>
      </symbol>
      <symbol id="sm-3e6">
         <name>_I2C_write</name>
         <value>0x11814f88</value>
         <object_component_ref idref="oc-ed"/>
      </symbol>
      <symbol id="sm-3e7">
         <name>_I2C_init</name>
         <value>0x11814d40</value>
         <object_component_ref idref="oc-ed"/>
      </symbol>
      <symbol id="sm-3f6">
         <name>_c_int00</name>
         <value>0x118198a0</value>
         <object_component_ref idref="oc-e"/>
      </symbol>
      <symbol id="sm-3f7">
         <name>__stack</name>
         <value>0x11821fb0</value>
         <object_component_ref idref="oc-4a"/>
      </symbol>
      <symbol id="sm-40e">
         <name>C$$EXIT</name>
         <value>0x11819de0</value>
         <object_component_ref idref="oc-e2"/>
      </symbol>
      <symbol id="sm-40f">
         <name>_exit</name>
         <value>0x11818d60</value>
         <object_component_ref idref="oc-d3"/>
      </symbol>
      <symbol id="sm-410">
         <name>___TI_enable_exit_profile_output</name>
         <value>0x11821f8c</value>
         <object_component_ref idref="oc-4f"/>
      </symbol>
      <symbol id="sm-411">
         <name>_abort</name>
         <value>0x11819de0</value>
         <object_component_ref idref="oc-e2"/>
      </symbol>
      <symbol id="sm-412">
         <name>__cleanup_ptr</name>
         <value>0x11821f84</value>
         <object_component_ref idref="oc-4f"/>
      </symbol>
      <symbol id="sm-413">
         <name>__dtors_ptr</name>
         <value>0x11821f88</value>
         <object_component_ref idref="oc-4f"/>
      </symbol>
      <symbol id="sm-428">
         <name>_printf</name>
         <value>0x11818740</value>
         <object_component_ref idref="oc-f0"/>
      </symbol>
      <symbol id="sm-436">
         <name>__unlock</name>
         <value>0x11821f9c</value>
         <object_component_ref idref="oc-57"/>
      </symbol>
      <symbol id="sm-437">
         <name>__lock</name>
         <value>0x11821f98</value>
         <object_component_ref idref="oc-57"/>
      </symbol>
      <symbol id="sm-438">
         <name>__nop</name>
         <value>0x11819d80</value>
         <object_component_ref idref="oc-d6"/>
      </symbol>
      <symbol id="sm-542">
         <name>__printfi</name>
         <value>0x11813da0</value>
         <object_component_ref idref="oc-f4"/>
      </symbol>
      <symbol id="sm-54c">
         <name>__args_main</name>
         <value>0x11819c60</value>
         <object_component_ref idref="oc-d2"/>
      </symbol>
      <symbol id="sm-54d">
         <name>__TI_args_main</name>
         <value>0x1</value>
      </symbol>
      <symbol id="sm-55b">
         <name>_atoi</name>
         <value>0x118184a0</value>
         <object_component_ref idref="oc-100"/>
      </symbol>
      <symbol id="sm-56a">
         <name>__auto_init</name>
         <value>0x11818a60</value>
         <object_component_ref idref="oc-d1"/>
      </symbol>
      <symbol id="sm-577">
         <name>___TI_cpp_init</name>
         <value>0x11819a20</value>
         <object_component_ref idref="oc-e0"/>
      </symbol>
      <symbol id="sm-585">
         <name>_copy_in</name>
         <value>0x11819340</value>
         <object_component_ref idref="oc-de"/>
      </symbol>
      <symbol id="sm-58d">
         <name>__ctypes_</name>
         <value>0x11822a00</value>
         <object_component_ref idref="oc-106"/>
      </symbol>
      <symbol id="sm-597">
         <name>__tmpnams</name>
         <value>0x11821d20</value>
         <object_component_ref idref="oc-71"/>
      </symbol>
      <symbol id="sm-598">
         <name>__ft_end</name>
         <value>0x11821e60</value>
         <object_component_ref idref="oc-71"/>
      </symbol>
      <symbol id="sm-599">
         <name>__ftable</name>
         <value>0x11821b40</value>
         <object_component_ref idref="oc-71"/>
      </symbol>
      <symbol id="sm-5ab">
         <name>__divd</name>
         <value>0x11812800</value>
         <object_component_ref idref="oc-118"/>
      </symbol>
      <symbol id="sm-5b4">
         <name>__c6xabi_divu</name>
         <value>0x11818be0</value>
         <object_component_ref idref="oc-122"/>
      </symbol>
      <symbol id="sm-5b5">
         <name>__divu</name>
         <value>0x11818be0</value>
         <object_component_ref idref="oc-122"/>
      </symbol>
      <symbol id="sm-5c2">
         <name>__fixdli</name>
         <value>0x11819200</value>
         <object_component_ref idref="oc-11d"/>
      </symbol>
      <symbol id="sm-5cd">
         <name>__fltlid</name>
         <value>0x118197a0</value>
         <object_component_ref idref="oc-11f"/>
      </symbol>
      <symbol id="sm-5e8">
         <name>_putc</name>
         <value>0x11816aa0</value>
         <object_component_ref idref="oc-fb"/>
      </symbol>
      <symbol id="sm-5e9">
         <name>_fputc</name>
         <value>0x11816aa0</value>
         <object_component_ref idref="oc-fb"/>
      </symbol>
      <symbol id="sm-60b">
         <name>_fputs</name>
         <value>0x11814620</value>
         <object_component_ref idref="oc-f6"/>
      </symbol>
      <symbol id="sm-615">
         <name>__frcmpyd_div</name>
         <value>0x11819ca0</value>
         <object_component_ref idref="oc-121"/>
      </symbol>
      <symbol id="sm-625">
         <name>__divul</name>
         <value>0x11817460</value>
         <object_component_ref idref="oc-123"/>
      </symbol>
      <symbol id="sm-626">
         <name>__remli</name>
         <value>0x11819d20</value>
         <object_component_ref idref="oc-127"/>
      </symbol>
      <symbol id="sm-627">
         <name>__divli</name>
         <value>0x11819020</value>
         <object_component_ref idref="oc-128"/>
      </symbol>
      <symbol id="sm-63b">
         <name>__subcull</name>
         <value>0x11819a80</value>
         <object_component_ref idref="oc-12a"/>
      </symbol>
      <symbol id="sm-63c">
         <name>__divull</name>
         <value>0x11816180</value>
         <object_component_ref idref="oc-124"/>
      </symbol>
      <symbol id="sm-646">
         <name>___isinf</name>
         <value>0x11819be0</value>
         <object_component_ref idref="oc-108"/>
      </symbol>
      <symbol id="sm-654">
         <name>__llshl</name>
         <value>0x11819820</value>
         <object_component_ref idref="oc-129"/>
      </symbol>
      <symbol id="sm-655">
         <name>__llshru</name>
         <value>0x11819ce0</value>
         <object_component_ref idref="oc-120"/>
      </symbol>
      <symbol id="sm-692">
         <name>_unlink</name>
         <value>0x118199a0</value>
         <object_component_ref idref="oc-12b"/>
      </symbol>
      <symbol id="sm-693">
         <name>_lseek</name>
         <value>0x11819480</value>
         <object_component_ref idref="oc-10f"/>
      </symbol>
      <symbol id="sm-694">
         <name>_close</name>
         <value>0x11818580</value>
         <object_component_ref idref="oc-125"/>
      </symbol>
      <symbol id="sm-695">
         <name>_write</name>
         <value>0x11819700</value>
         <object_component_ref idref="oc-fe"/>
      </symbol>
      <symbol id="sm-6a2">
         <name>_ltoa</name>
         <value>0x11818e20</value>
         <object_component_ref idref="oc-11e"/>
      </symbol>
      <symbol id="sm-6af">
         <name>_memccpy</name>
         <value>0x11819ae0</value>
         <object_component_ref idref="oc-103"/>
      </symbol>
      <symbol id="sm-6b7">
         <name>_memcpy</name>
         <value>0x11819520</value>
         <object_component_ref idref="oc-df"/>
      </symbol>
      <symbol id="sm-6c2">
         <name>_memset</name>
         <value>0x11818660</value>
         <object_component_ref idref="oc-ff"/>
      </symbol>
      <symbol id="sm-6cc">
         <name>__negll</name>
         <value>0x11819d60</value>
         <object_component_ref idref="oc-10d"/>
      </symbol>
      <symbol id="sm-6f5">
         <name>_HOSTopen</name>
         <value>0x118183c0</value>
         <object_component_ref idref="oc-d7"/>
      </symbol>
      <symbol id="sm-6f6">
         <name>_HOSTread</name>
         <value>0x11818820</value>
         <object_component_ref idref="oc-d9"/>
      </symbol>
      <symbol id="sm-6f7">
         <name>_HOSTrename</name>
         <value>0x118177a0</value>
         <object_component_ref idref="oc-dd"/>
      </symbol>
      <symbol id="sm-6f8">
         <name>_HOSTwrite</name>
         <value>0x118189a0</value>
         <object_component_ref idref="oc-da"/>
      </symbol>
      <symbol id="sm-6f9">
         <name>_HOSTlseek</name>
         <value>0x118181c0</value>
         <object_component_ref idref="oc-db"/>
      </symbol>
      <symbol id="sm-6fa">
         <name>_HOSTunlink</name>
         <value>0x118188e0</value>
         <object_component_ref idref="oc-dc"/>
      </symbol>
      <symbol id="sm-6fb">
         <name>_HOSTclose</name>
         <value>0x11818ee0</value>
         <object_component_ref idref="oc-d8"/>
      </symbol>
      <symbol id="sm-70b">
         <name>C$$IO$$</name>
         <value>0x11819b98</value>
         <object_component_ref idref="oc-eb"/>
      </symbol>
      <symbol id="sm-70c">
         <name>__CIOBUF_</name>
         <value>0x11822db8</value>
         <object_component_ref idref="oc-ae"/>
      </symbol>
      <symbol id="sm-70d">
         <name>_readmsg</name>
         <value>0x11819920</value>
         <object_component_ref idref="oc-ec"/>
      </symbol>
      <symbol id="sm-70e">
         <name>_writemsg</name>
         <value>0x11819b40</value>
         <object_component_ref idref="oc-eb"/>
      </symbol>
      <symbol id="sm-71d">
         <name>__wrt_ok</name>
         <value>0x118182c0</value>
         <object_component_ref idref="oc-fc"/>
      </symbol>
      <symbol id="sm-731">
         <name>__doflush</name>
         <value>0x11818ca0</value>
         <object_component_ref idref="oc-fd"/>
      </symbol>
      <symbol id="sm-742">
         <name>_fseek</name>
         <value>0x118180a0</value>
         <object_component_ref idref="oc-104"/>
      </symbol>
      <symbol id="sm-758">
         <name>_setvbuf</name>
         <value>0x11816ec0</value>
         <object_component_ref idref="oc-105"/>
      </symbol>
      <symbol id="sm-76b">
         <name>__cleanup</name>
         <value>0x11818f80</value>
         <object_component_ref idref="oc-112"/>
      </symbol>
      <symbol id="sm-7a4">
         <name>__sys_memory</name>
         <value>0x11800000</value>
         <object_component_ref idref="oc-c8"/>
      </symbol>
      <symbol id="sm-7a5">
         <name>_free</name>
         <value>0x11815f00</value>
         <object_component_ref idref="oc-110"/>
      </symbol>
      <symbol id="sm-7a6">
         <name>_malloc</name>
         <value>0x11817920</value>
         <object_component_ref idref="oc-111"/>
      </symbol>
      <symbol id="sm-7b8">
         <name>__closefile</name>
         <value>0x11817e60</value>
         <object_component_ref idref="oc-11c"/>
      </symbol>
      <symbol id="sm-7c2">
         <name>_remove</name>
         <value>0x11819e00</value>
         <object_component_ref idref="oc-126"/>
      </symbol>
   </symbol_table>
</link_info>
