******************************************************************************
               TMS320C6x Linker PC v7.4.4                      
******************************************************************************
>> Linked Mon Mar 09 16:46:55 2020

OUTPUT FILE NAME:   <Lab3s2.out>
ENTRY POINT SYMBOL: "_c_int00"  address: 1181b880


MEMORY CONFIGURATION

         name            origin    length      used     unused   attr    fill
----------------------  --------  ---------  --------  --------  ----  --------
  dsp_l2_ram            11800000   00040000  0001e7a7  00021859  RWIX
  shared_ram            80000000   00020000  00000000  00020000  RWIX
  external_ram          c0000000   08000000  01049f00  06fb6100  RWIX


SECTION ALLOCATION MAP

 output                                  attributes/
section   page    origin      length       input sections
--------  ----  ----------  ----------   ----------------
.data      0    11800000    00000000     UNINITIALIZED

.sysmem    0    11800000    00010000     UNINITIALIZED
                  11800000    00000008     rts6740.lib : memory.obj (.sysmem)
                  11800008    0000fff8     --HOLE--

.text      0    11810000    0000be80     
                  11810000    00001560     L138_LCDK_aic3106_init.obj (.text)
                  11811560    00000da0     jc113dFianl.obj (.text)
                  11812300    00000c20     evmomapl138_bsl.lib : evmomapl138.obj (.text)
                  11812f20    000005a0     rts6740.lib : divd.obj (.text:__divd)
                  118134c0    000005a0     gpio.obj (.text)
                  11813a60    00000580     rts6740.lib : _printfi.obj (.text:__getarg_diouxp)
                  11813fe0    00000560                 : powf.obj (.text:_powf)
                  11814540    000004e0     evmomapl138_bsl.lib : evmomapl138_i2c_gpio.obj (.text)
                  11814a20    00000440     rts6740.lib : _printfi.obj (.text:__printfi)
                  11814e60    00000440                 : _printfi.obj (.text:__setfield)
                  118152a0    00000400     jc113dFianl.obj (.text:retain)
                  118156a0    000003a0     rts6740.lib : fputs.obj (.text:_fputs)
                  11815a40    00000380     evmomapl138_bsl.lib : evmomapl138_gpio.obj (.text)
                  11815dc0    00000380                         : evmomapl138_i2c.obj (.text)
                  11816140    00000320     L138_LCDK_switch_led.obj (.text)
                  11816460    00000320     rts6740.lib : _printfi.obj (.text:__pproc_fge)
                  11816780    000002e0                 : cos.obj (.text:_cos)
                  11816a60    000002c0                 : _printfi.obj (.text:__pproc_fwp)
                  11816d20    000002a0                 : _printfi.obj (.text:_ecvt)
                  11816fc0    000002a0                 : _printfi.obj (.text:_fcvt)
                  11817260    00000280                 : divf.obj (.text:__divf)
                  118174e0    00000280                 : memory.obj (.text:_free)
                  11817760    00000280                 : sin.obj (.text:_sin)
                  118179e0    00000260                 : imath64.obj (.text:__divull)
                  11817c40    00000260                 : _printfi.obj (.text:__pconv_e)
                  11817ea0    00000240                 : _printfi.obj (.text:__pproc_diouxp)
                  118180e0    00000220                 : _printfi.obj (.text:__pproc_str)
                  11818300    00000220                 : fputc.obj (.text:_fputc)
                  11818520    00000200                 : _printfi.obj (.text:__pconv_g)
                  11818720    00000200                 : setvbuf.obj (.text:_setvbuf)
                  11818920    000001e0     evmomapl138_bsl.lib : evmomapl138_timer.obj (.text)
                  11818b00    000001c0     rts6740.lib : _printfi.obj (.text:__mcpy)
                  11818cc0    000001a0                 : imath40.obj (.text:__divul)
                  11818e60    000001a0     evmomapl138_bsl.lib : evmomapl138_aic3106.obj (.text)
                  11819000    00000180     rts6740.lib : trgdrv.obj (.text:_HOSTrename)
                  11819180    00000180                 : memory.obj (.text:_malloc)
                  11819300    00000140                 : _printfi.obj (.text:__pproc_fflags)
                  11819440    00000140                 : lowlev.obj (.text:_getdevice)
                  11819580    00000140     psc.obj (.text)
                  118196c0    00000120     rts6740.lib : fclose.obj (.text:__closefile)
                  118197e0    00000120                 : _printfi.obj (.text:__ltostr)
                  11819900    00000120                 : fseek.obj (.text:_fseek)
                  11819a20    00000120                 : ldexpf.obj (.text:_ldexpf)
                  11819b40    00000120                 : perror.obj (.text:_perror)
                  11819c60    00000100                 : trgdrv.obj (.text:_HOSTlseek)
                  11819d60    00000100                 : _io_perm.obj (.text:__wrt_ok)
                  11819e60    00000100                 : sqrtf.obj (.text:_sqrtf)
                  11819f60    000000e0                 : trgdrv.obj (.text:_HOSTopen)
                  1181a040    000000e0                 : divi.obj (.text:__divi)
                  1181a120    000000e0                 : atoi.obj (.text:_atoi)
                  1181a200    000000e0                 : lowlev.obj (.text:_close)
                  1181a2e0    000000e0                 : frexpf.obj (.text:_frexpf)
                  1181a3c0    000000e0                 : memset.obj (.text:_memset)
                  1181a4a0    000000e0                 : printf.obj (.text:_printf)
                  1181a580    000000c0                 : trgdrv.obj (.text:_HOSTread)
                  1181a640    000000c0                 : trgdrv.obj (.text:_HOSTunlink)
                  1181a700    000000c0                 : trgdrv.obj (.text:_HOSTwrite)
                  1181a7c0    000000c0                 : autoinit.obj (.text:__auto_init)
                  1181a880    000000c0                 : _printfi.obj (.text:__div)
                  1181a940    000000c0                 : divu.obj (.text:__divu)
                  1181aa00    000000c0                 : fflush.obj (.text:__doflush)
                  1181aac0    000000c0                 : remi.obj (.text:__remi)
                  1181ab80    000000c0                 : exit.obj (.text:_exit)
                  1181ac40    000000c0                 : ltoa.obj (.text:_ltoa)
                  1181ad00    000000a0                 : trgdrv.obj (.text:_HOSTclose)
                  1181ada0    000000a0                 : fopen.obj (.text:__cleanup)
                  1181ae40    000000a0                 : imath40.obj (.text:__divli)
                  1181aee0    000000a0                 : _printfi.obj (.text:__ecpy)
                  1181af80    000000a0                 : _printfi.obj (.text:__fcpy)
                  1181b020    000000a0                 : fixdli.obj (.text:__fixdli)
                  1181b0c0    000000a0                 : round.obj (.text:__nround)
                  1181b160    000000a0                 : _printfi.obj (.text:__pconv_f)
                  1181b200    000000a0                 : cpy_tbl.obj (.text:_copy_in)
                  1181b2a0    000000a0                 : lowlev.obj (.text:_finddevice)
                  1181b340    000000a0                 : lowlev.obj (.text:_lseek)
                  1181b3e0    000000a0                 : memcpy64.obj (.text:_memcpy)
                  1181b480    000000a0                 : memory.obj (.text:_minsert)
                  1181b520    000000a0                 : modf.obj (.text:_modf)
                  1181b5c0    000000a0                 : memory.obj (.text:_mremove)
                  1181b660    000000a0                 : lowlev.obj (.text:_write)
                  1181b700    00000080                 : fltlid.obj (.text:__fltlid)
                  1181b780    00000080                 : llshift.obj (.text:__llshl)
                  1181b800    00000080                 : roundf.obj (.text:__roundf)
                  1181b880    00000080                 : boot.obj (.text:_c_int00)
                  1181b900    00000080                 : trgmsg.obj (.text:_readmsg)
                  1181b980    00000080                 : lowlev.obj (.text:_unlink)
                  1181ba00    00000060                 : cpp_init.obj (.text:___TI_cpp_init)
                  1181ba60    00000060                 : imath64.obj (.text:__subcull)
                  1181bac0    00000060                 : memccpy.obj (.text:_memccpy)
                  1181bb20    00000060                 : modff.obj (.text:_modff)
                  1181bb80    00000060                 : trgmsg.obj (.text:_writemsg)
                  1181bbe0    00000040                 : isinf.obj (.text:___isinf)
                  1181bc20    00000040                 : _printfi.obj (.text:___isnan)
                  1181bc60    00000040                 : args_main.obj (.text:__args_main)
                  1181bca0    00000040                 : frcmpyd_div.obj (.text:__frcmpyd_div)
                  1181bce0    00000040                 : llshift.obj (.text:__llshru)
                  1181bd20    00000040                 : imath40.obj (.text:__remli)
                  1181bd60    00000020                 : negll.obj (.text:__negll)
                  1181bd80    00000020                 : _lock.obj (.text:__nop)
                  1181bda0    00000020                 : printf.obj (.text:__outc)
                  1181bdc0    00000020                 : printf.obj (.text:__outs)
                  1181bde0    00000020                 : trunc.obj (.text:__trunc)
                  1181be00    00000020                 : truncf.obj (.text:__truncf)
                  1181be20    00000020                 : exit.obj (.text:_abort)
                  1181be40    00000020                 : remove.obj (.text:_remove)
                  1181be60    00000020     vectors_intr.obj (.text)

.far       0    1181be80    00001308     UNINITIALIZED
                  1181be80    00000d90     jc113dFianl.obj (.far)
                  1181cc10    00000324     rts6740.lib : defs.obj (.far)
                  1181cf34    00000004                 : errno.obj (.far)
                  1181cf38    0000011c                 : lowlev.obj (.far)
                  1181d054    00000004                 : fopen.obj (.far)
                  1181d058    0000007c                 : powf.obj (.far)
                  1181d0d4    00000004     --HOLE--
                  1181d0d8    00000040                 : cos.obj (.far)
                  1181d118    00000040                 : sin.obj (.far)
                  1181d158    0000000c                 : exit.obj (.far)
                  1181d164    00000008     L138_LCDK_aic3106_init.obj (.far)
                  1181d16c    00000008     rts6740.lib : _lock.obj (.far)
                  1181d174    00000008                 : memory.obj (.far)
                  1181d17c    00000004     --HOLE--
                  1181d180    00000008                 : trgdrv.obj (.far)

.stack     0    1181d188    00000800     UNINITIALIZED
                  1181d188    00000008     rts6740.lib : boot.obj (.stack)
                  1181d190    000007f8     --HOLE--

.cinit     0    1181d988    0000062c     
                  1181d988    00000368     jc113dFianl.obj (.cinit)
                  1181dcf0    0000009c     rts6740.lib : powf.obj (.cinit)
                  1181dd8c    00000004     --HOLE-- [fill = 0]
                  1181dd90    0000005c                 : defs.obj (.cinit)
                  1181ddec    00000004     --HOLE-- [fill = 0]
                  1181ddf0    0000005c                 : lowlev.obj (.cinit)
                  1181de4c    00000004     --HOLE-- [fill = 0]
                  1181de50    00000048                 : cos.obj (.cinit)
                  1181de98    00000048                 : sin.obj (.cinit)
                  1181dee0    0000002c     L138_LCDK_aic3106_init.obj (.cinit)
                  1181df0c    00000004     --HOLE-- [fill = 0]
                  1181df10    0000002c     rts6740.lib : exit.obj (.cinit)
                  1181df3c    00000004     --HOLE-- [fill = 0]
                  1181df40    0000002c                 : memory.obj (.cinit)
                  1181df6c    00000004     --HOLE-- [fill = 0]
                  1181df70    0000001c                 : _lock.obj (.cinit)
                  1181df8c    00000004     --HOLE-- [fill = 0]
                  1181df90    0000000c                 : errno.obj (.cinit)
                  1181df9c    00000004     --HOLE-- [fill = 0]
                  1181dfa0    0000000c                 : fopen.obj (.cinit)
                  1181dfac    00000004     --HOLE-- [fill = 0]
                  1181dfb0    00000004     (.pad.cinit) [fill = 0]

.const     0    1181dfb8    000003bf     
                  1181dfb8    00000170     jc113dFianl.obj (.const:.string)
                  1181e128    00000101     rts6740.lib : ctype.obj (.const:.string:__ctypes_)
                  1181e229    00000002                 : fputs.obj (.const:.string)
                  1181e22b    00000005     --HOLE-- [fill = 0]
                  1181e230    00000080     evmomapl138_bsl.lib : evmomapl138.obj (.const:_bitval_u32)
                  1181e2b0    00000064     rts6740.lib : perror.obj (.const:.string)
                  1181e314    00000040     evmomapl138_bsl.lib : evmomapl138.obj (.const:.string)
                  1181e354    00000023     rts6740.lib : _printfi.obj (.const:.string)

.switch    0    1181e378    0000006c     
                  1181e378    00000024     evmomapl138_bsl.lib : evmomapl138_gpio.obj (.switch:_getRegisterBankAndBit)
                  1181e39c    00000018     rts6740.lib : perror.obj (.switch:_perror)
                  1181e3b4    00000010     gpio.obj (.switch:_GPIOIntTypeSet)
                  1181e3c4    00000010     L138_LCDK_switch_led.obj (.switch:_LCDK_LED_off)
                  1181e3d4    00000010     L138_LCDK_switch_led.obj (.switch:_LCDK_LED_on)

.vecs      0    1181e400    00000200     
                  1181e400    00000200     vectors_intr.obj (.vecs)

.cio       0    1181e600    00000120     UNINITIALIZED
                  1181e600    00000120     rts6740.lib : trgmsg.obj (.cio)

.bss       0    1181e720    000000a8     UNINITIALIZED
                  1181e720    00000088     jc113dFianl.obj (.bss)
                  1181e7a8    0000001c     L138_LCDK_aic3106_init.obj (.bss)
                  1181e7c4    00000004     evmomapl138_bsl.lib : evmomapl138_i2c.obj (.bss)

.EXT_RAM   0    c0000000    01049f00     UNINITIALIZED
                  c0000000    01049f00     jc113dFianl.obj (.EXT_RAM)


GLOBAL SYMBOLS: SORTED ALPHABETICALLY BY Name 

address    name
--------   ----
1181e720   $bss
1181e720   .bss
11800000   .data
11810000   .text
1181be20   C$$EXIT
1181bbd8   C$$IO$$
11818e60   _AIC3106_init
11818f58   _AIC3106_readRegister
11818fb0   _AIC3106_writeRegister
1181d164   _AIC31_data
11810258   _EDMA3_PaRAM_setup
118124e8   _EVMOMAPL138_enableDsp
11812300   _EVMOMAPL138_init
1181232c   _EVMOMAPL138_initRAM
118125b0   _EVMOMAPL138_lpscTransition
11812514   _EVMOMAPL138_pinmuxConfig
11813970   _GPIOBankIntDisable
11813934   _GPIOBankIntEnable
118139ac   _GPIOBankPinsWrite
11813558   _GPIODirModeGet
118134c0   _GPIODirModeSet
11813804   _GPIOIntTypeGet
11813698   _GPIOIntTypeSet
118138ec   _GPIOPinIntClear
1181388c   _GPIOPinIntStatus
11813638   _GPIOPinRead
118135b8   _GPIOPinWrite
11815ab8   _GPIO_getInput
11815a40   _GPIO_setDir
11815b2c   _GPIO_setOutput
11815bac   _GPIO_toggleLoop
1181ad00   _HOSTclose
11819c60   _HOSTlseek
11819f60   _HOSTopen
1181a580   _HOSTread
11819000   _HOSTrename
1181a640   _HOSTunlink
1181a700   _HOSTwrite
11814614   _I2CGPIO_getInput
11814730   _I2CGPIO_getInputAll
11814540   _I2CGPIO_init
11814840   _I2CGPIO_setOutput
11814988   _I2CGPIO_setOutputAll
11815dc0   _I2C_init
11815eac   _I2C_read
11816008   _I2C_write
11811118   _L138_init_LCDK_DIP
11810de0   _L138_init_aic3106_registers
11810630   _L138_init_mcasp_edma
118108ec   _L138_init_mcasp_intr
11810b4c   _L138_init_mcasp_poll
118112ac   _L138_initialise_intr
118111c4   _L138_initialise_poll
11816250   _LCDK_GPIO_init
118162c0   _LCDK_LED_init
118163c8   _LCDK_LED_off
11816330   _LCDK_LED_on
1181626c   _LCDK_SWITCH_init
11816310   _LCDK_SWITCH_state
11819580   _PSCModuleControl
11816140   _PinMuxSetup_leds
118161d4   _PinMuxSetup_switches
1181e798   _RC
11818a04   _USTIMER_delay
11818ac4   _USTIMER_get
11818920   _USTIMER_init
11818a94   _USTIMER_reset
11818ad8   _USTIMER_set
11812f00   _UTIL_isUIBoardAttached
11812da8   _UTIL_printMem
1181e600   __CIOBUF_
1181d988   __STACK_END
00000800   __STACK_SIZE
00010000   __SYSMEM_SIZE
00000001   __TI_args_main
1181ba00   ___TI_cpp_init
1181d160   ___TI_enable_exit_profile_output
ffffffff   ___TI_pprof_out_hndl
ffffffff   ___TI_prof_data_size
ffffffff   ___TI_prof_data_start
ffffffff   ___binit__
1181e720   ___bss__
ffffffff   ___c_args__
1181d988   ___cinit__
11800000   ___data__
11800000   ___edata__
1181e7c8   ___end__
1181be80   ___etext__
1181bbe0   ___isinf
ffffffff   ___pinit__
11810000   ___text__
1181bc60   __args_main
1181a7c0   __auto_init
1181a040   __c6xabi_divi
1181a940   __c6xabi_divu
1181aac0   __c6xabi_remi
1181ada0   __cleanup
1181d158   __cleanup_ptr
118196c0   __closefile
1181e128   __ctypes_
11812f20   __divd
11817260   __divf
1181a040   __divi
1181ae40   __divli
1181a940   __divu
11818cc0   __divul
118179e0   __divull
1181aa00   __doflush
1181d15c   __dtors_ptr
1181b020   __fixdli
1181b700   __fltlid
1181bca0   __frcmpyd_div
1181cf30   __ft_end
1181cc10   __ftable
1181b780   __llshl
1181bce0   __llshru
1181d16c   __lock
1181bd60   __negll
1181bd80   __nop
1181b0c0   __nround
11814a20   __printfi
1181aac0   __remi
1181bd20   __remli
1181b800   __roundf
1181d188   __stack
1181ba60   __subcull
11800000   __sys_memory
1181cdf0   __tmpnams
1181bde0   __trunc
1181be00   __truncf
1181d170   __unlock
11819d60   __wrt_ok
1181be20   _abort
1181a120   _atoi
1181e230   _bitval_u32
1181cbd0   _brev
c0f86a00   _buff
1181e79c   _c1
1181e7a0   _c2
1181e740   _cX
1181b880   _c_int00
11811cac   _calculateThresh
c0e00000   _circ_buff_i
c0ec3500   _circ_buff_q
1181a200   _close
11812988   _config_pll0
11812bc4   _config_pll1
1181b200   _copy_in
11811dd0   _correlate_stf
11816780   _cos
1181e760   _cos500
1181e748   _costheta
1181e784   _counter
1181e738   _cprev
1181e73c   _cprev2
1181e764   _csample
1181e76c   _csample_prev
1181e7a4   _delt
1181e77c   _detected
1181cf34   _errno
1181ab80   _exit
1181e7bc   _fb
1181e780   _finish_init
11818300   _fputc
118156a0   _fputs
118174e0   _free
1181a2e0   _frexpf
11819900   _fseek
1181e734   _ignorecount
118101a8   _input_left_sample
11810200   _input_right_sample
11810150   _input_sample
1181e788   _insert_counter
118152a0   _interrupt4
11819a20   _ldexpf
1181b340   _lseek
1181ac40   _ltoa
11811a18   _m_free
1181174c   _m_malloc
c0000000   _m_mem
11811bb8   _m_stat
11812004   _main
11819180   _malloc
1181e720   _mem_count
11811560   _mem_init
1181bac0   _memccpy
1181b3e0   _memcpy
1181a3c0   _memset
1181b520   _modf
1181bb20   _modff
11810068   _output_left_sample
118100e0   _output_right_sample
11810000   _output_sample
1181c3d0   _packetDetect
11811f38   _packet_detect
11819b40   _perror
1181e7ac   _pingIN
1181e7b0   _pingOUT
1181be80   _pointers
1181e7b4   _pongIN
1181e7b8   _pongOUT
1181c290   _possible_peaks
11813fe0   _powf
11811534   _prand
1181e7c0   _prand_seed
118113e8   _prbs
1181a4a0   _printf
11818300   _putc
1181e774   _r_i
1181c94c   _r_mag
1181e778   _r_q
118114b8   _rand31_next
11811160   _read_LCDK_user_DIP
1181b900   _readmsg
1181e78c   _record_counter
1181e790   _record_max
1181e794   _recording
1181be40   _remove
1181e754   _sX
11811b80   _s_free
11811b08   _s_malloc
c0c00000   _s_mem
1181e758   _sample
11818720   _setvbuf
11817760   _sin
1181e75c   _sin500
11811628   _sort
1181e72c   _sp
1181e74c   _sprev
1181e750   _sprev2
11819e60   _sqrtf
1181d168   _sreg
1181e768   _ssample
1181e770   _ssample_prev
1181e744   _theta
1181e730   _thresh
1181b980   _unlink
1181e724   _upper_bound_m
1181e728   _upper_bound_s
1181e420   _vector1
1181e540   _vector10
1181e560   _vector11
1181e580   _vector12
1181e5a0   _vector13
1181e5c0   _vector14
1181e5e0   _vector15
1181e440   _vector2
1181e460   _vector3
1181e4a0   _vector5
1181e4c0   _vector6
1181e4e0   _vector7
1181e500   _vector8
1181e520   _vector9
1181e400   _vectors
1181b660   _write
1181bb80   _writemsg
1181c150   _z_stf_i
1181c010   _z_stf_r
ffffffff   binit
1181d988   cinit
11800000   edata
1181e7c8   end
1181be80   etext
ffffffff   pinit


GLOBAL SYMBOLS: SORTED BY Symbol Address 

address    name
--------   ----
00000001   __TI_args_main
00000800   __STACK_SIZE
00010000   __SYSMEM_SIZE
11800000   .data
11800000   ___data__
11800000   ___edata__
11800000   __sys_memory
11800000   edata
11810000   .text
11810000   ___text__
11810000   _output_sample
11810068   _output_left_sample
118100e0   _output_right_sample
11810150   _input_sample
118101a8   _input_left_sample
11810200   _input_right_sample
11810258   _EDMA3_PaRAM_setup
11810630   _L138_init_mcasp_edma
118108ec   _L138_init_mcasp_intr
11810b4c   _L138_init_mcasp_poll
11810de0   _L138_init_aic3106_registers
11811118   _L138_init_LCDK_DIP
11811160   _read_LCDK_user_DIP
118111c4   _L138_initialise_poll
118112ac   _L138_initialise_intr
118113e8   _prbs
118114b8   _rand31_next
11811534   _prand
11811560   _mem_init
11811628   _sort
1181174c   _m_malloc
11811a18   _m_free
11811b08   _s_malloc
11811b80   _s_free
11811bb8   _m_stat
11811cac   _calculateThresh
11811dd0   _correlate_stf
11811f38   _packet_detect
11812004   _main
11812300   _EVMOMAPL138_init
1181232c   _EVMOMAPL138_initRAM
118124e8   _EVMOMAPL138_enableDsp
11812514   _EVMOMAPL138_pinmuxConfig
118125b0   _EVMOMAPL138_lpscTransition
11812988   _config_pll0
11812bc4   _config_pll1
11812da8   _UTIL_printMem
11812f00   _UTIL_isUIBoardAttached
11812f20   __divd
118134c0   _GPIODirModeSet
11813558   _GPIODirModeGet
118135b8   _GPIOPinWrite
11813638   _GPIOPinRead
11813698   _GPIOIntTypeSet
11813804   _GPIOIntTypeGet
1181388c   _GPIOPinIntStatus
118138ec   _GPIOPinIntClear
11813934   _GPIOBankIntEnable
11813970   _GPIOBankIntDisable
118139ac   _GPIOBankPinsWrite
11813fe0   _powf
11814540   _I2CGPIO_init
11814614   _I2CGPIO_getInput
11814730   _I2CGPIO_getInputAll
11814840   _I2CGPIO_setOutput
11814988   _I2CGPIO_setOutputAll
11814a20   __printfi
118152a0   _interrupt4
118156a0   _fputs
11815a40   _GPIO_setDir
11815ab8   _GPIO_getInput
11815b2c   _GPIO_setOutput
11815bac   _GPIO_toggleLoop
11815dc0   _I2C_init
11815eac   _I2C_read
11816008   _I2C_write
11816140   _PinMuxSetup_leds
118161d4   _PinMuxSetup_switches
11816250   _LCDK_GPIO_init
1181626c   _LCDK_SWITCH_init
118162c0   _LCDK_LED_init
11816310   _LCDK_SWITCH_state
11816330   _LCDK_LED_on
118163c8   _LCDK_LED_off
11816780   _cos
11817260   __divf
118174e0   _free
11817760   _sin
118179e0   __divull
11818300   _fputc
11818300   _putc
11818720   _setvbuf
11818920   _USTIMER_init
11818a04   _USTIMER_delay
11818a94   _USTIMER_reset
11818ac4   _USTIMER_get
11818ad8   _USTIMER_set
11818cc0   __divul
11818e60   _AIC3106_init
11818f58   _AIC3106_readRegister
11818fb0   _AIC3106_writeRegister
11819000   _HOSTrename
11819180   _malloc
11819580   _PSCModuleControl
118196c0   __closefile
11819900   _fseek
11819a20   _ldexpf
11819b40   _perror
11819c60   _HOSTlseek
11819d60   __wrt_ok
11819e60   _sqrtf
11819f60   _HOSTopen
1181a040   __c6xabi_divi
1181a040   __divi
1181a120   _atoi
1181a200   _close
1181a2e0   _frexpf
1181a3c0   _memset
1181a4a0   _printf
1181a580   _HOSTread
1181a640   _HOSTunlink
1181a700   _HOSTwrite
1181a7c0   __auto_init
1181a940   __c6xabi_divu
1181a940   __divu
1181aa00   __doflush
1181aac0   __c6xabi_remi
1181aac0   __remi
1181ab80   _exit
1181ac40   _ltoa
1181ad00   _HOSTclose
1181ada0   __cleanup
1181ae40   __divli
1181b020   __fixdli
1181b0c0   __nround
1181b200   _copy_in
1181b340   _lseek
1181b3e0   _memcpy
1181b520   _modf
1181b660   _write
1181b700   __fltlid
1181b780   __llshl
1181b800   __roundf
1181b880   _c_int00
1181b900   _readmsg
1181b980   _unlink
1181ba00   ___TI_cpp_init
1181ba60   __subcull
1181bac0   _memccpy
1181bb20   _modff
1181bb80   _writemsg
1181bbd8   C$$IO$$
1181bbe0   ___isinf
1181bc60   __args_main
1181bca0   __frcmpyd_div
1181bce0   __llshru
1181bd20   __remli
1181bd60   __negll
1181bd80   __nop
1181bde0   __trunc
1181be00   __truncf
1181be20   C$$EXIT
1181be20   _abort
1181be40   _remove
1181be80   ___etext__
1181be80   _pointers
1181be80   etext
1181c010   _z_stf_r
1181c150   _z_stf_i
1181c290   _possible_peaks
1181c3d0   _packetDetect
1181c94c   _r_mag
1181cbd0   _brev
1181cc10   __ftable
1181cdf0   __tmpnams
1181cf30   __ft_end
1181cf34   _errno
1181d158   __cleanup_ptr
1181d15c   __dtors_ptr
1181d160   ___TI_enable_exit_profile_output
1181d164   _AIC31_data
1181d168   _sreg
1181d16c   __lock
1181d170   __unlock
1181d188   __stack
1181d988   __STACK_END
1181d988   ___cinit__
1181d988   cinit
1181e128   __ctypes_
1181e230   _bitval_u32
1181e400   _vectors
1181e420   _vector1
1181e440   _vector2
1181e460   _vector3
1181e4a0   _vector5
1181e4c0   _vector6
1181e4e0   _vector7
1181e500   _vector8
1181e520   _vector9
1181e540   _vector10
1181e560   _vector11
1181e580   _vector12
1181e5a0   _vector13
1181e5c0   _vector14
1181e5e0   _vector15
1181e600   __CIOBUF_
1181e720   $bss
1181e720   .bss
1181e720   ___bss__
1181e720   _mem_count
1181e724   _upper_bound_m
1181e728   _upper_bound_s
1181e72c   _sp
1181e730   _thresh
1181e734   _ignorecount
1181e738   _cprev
1181e73c   _cprev2
1181e740   _cX
1181e744   _theta
1181e748   _costheta
1181e74c   _sprev
1181e750   _sprev2
1181e754   _sX
1181e758   _sample
1181e75c   _sin500
1181e760   _cos500
1181e764   _csample
1181e768   _ssample
1181e76c   _csample_prev
1181e770   _ssample_prev
1181e774   _r_i
1181e778   _r_q
1181e77c   _detected
1181e780   _finish_init
1181e784   _counter
1181e788   _insert_counter
1181e78c   _record_counter
1181e790   _record_max
1181e794   _recording
1181e798   _RC
1181e79c   _c1
1181e7a0   _c2
1181e7a4   _delt
1181e7ac   _pingIN
1181e7b0   _pingOUT
1181e7b4   _pongIN
1181e7b8   _pongOUT
1181e7bc   _fb
1181e7c0   _prand_seed
1181e7c8   ___end__
1181e7c8   end
c0000000   _m_mem
c0c00000   _s_mem
c0e00000   _circ_buff_i
c0ec3500   _circ_buff_q
c0f86a00   _buff
ffffffff   ___TI_pprof_out_hndl
ffffffff   ___TI_prof_data_size
ffffffff   ___TI_prof_data_start
ffffffff   ___binit__
ffffffff   ___c_args__
ffffffff   ___pinit__
ffffffff   binit
ffffffff   pinit

[264 symbols]
