<?xml version="1.0"?>
<link_info>
   <banner>TMS320C6x Linker PC v7.4.4</banner>
   <copyright>Copyright (c) 1996-2013 Texas Instruments Incorporated</copyright>
   <link_time>0x5e66d56f</link_time>
   <output_file>Lab3s2.out</output_file>
   <entry_point>
      <name>_c_int00</name>
      <address>0x1181b880</address>
   </entry_point>
   <input_file_list>
      <input_file id="fl-2">
         <path>.\</path>
         <kind>object</kind>
         <file>vectors_intr.obj</file>
         <name>vectors_intr.obj</name>
      </input_file>
      <input_file id="fl-3">
         <path>.\</path>
         <kind>object</kind>
         <file>psc.obj</file>
         <name>psc.obj</name>
      </input_file>
      <input_file id="fl-4">
         <path>.\</path>
         <kind>object</kind>
         <file>jc113dFianl.obj</file>
         <name>jc113dFianl.obj</name>
      </input_file>
      <input_file id="fl-5">
         <path>.\</path>
         <kind>object</kind>
         <file>gpio.obj</file>
         <name>gpio.obj</name>
      </input_file>
      <input_file id="fl-6">
         <path>.\</path>
         <kind>object</kind>
         <file>Lab3s2.obj</file>
         <name>Lab3s2.obj</name>
      </input_file>
      <input_file id="fl-7">
         <path>.\</path>
         <kind>object</kind>
         <file>L138_LCDK_switch_led.obj</file>
         <name>L138_LCDK_switch_led.obj</name>
      </input_file>
      <input_file id="fl-8">
         <path>.\</path>
         <kind>object</kind>
         <file>L138_LCDK_aic3106_init.obj</file>
         <name>L138_LCDK_aic3106_init.obj</name>
      </input_file>
      <input_file id="fl-12">
         <path>C:\ti\OMAP-L138_GEL_BSL_Files\bsl\lib\</path>
         <kind>archive</kind>
         <file>evmomapl138_bsl.lib</file>
         <name>evmomapl138_timer.obj</name>
      </input_file>
      <input_file id="fl-13">
         <path>C:\ti\OMAP-L138_GEL_BSL_Files\bsl\lib\</path>
         <kind>archive</kind>
         <file>evmomapl138_bsl.lib</file>
         <name>evmomapl138_gpio.obj</name>
      </input_file>
      <input_file id="fl-14">
         <path>C:\ti\OMAP-L138_GEL_BSL_Files\bsl\lib\</path>
         <kind>archive</kind>
         <file>evmomapl138_bsl.lib</file>
         <name>evmomapl138_aic3106.obj</name>
      </input_file>
      <input_file id="fl-15">
         <path>C:\ti\OMAP-L138_GEL_BSL_Files\bsl\lib\</path>
         <kind>archive</kind>
         <file>evmomapl138_bsl.lib</file>
         <name>evmomapl138.obj</name>
      </input_file>
      <input_file id="fl-16">
         <path>C:\ti\OMAP-L138_GEL_BSL_Files\bsl\lib\</path>
         <kind>archive</kind>
         <file>evmomapl138_bsl.lib</file>
         <name>evmomapl138_i2c_gpio.obj</name>
      </input_file>
      <input_file id="fl-17">
         <path>C:\ti\OMAP-L138_GEL_BSL_Files\bsl\lib\</path>
         <kind>archive</kind>
         <file>evmomapl138_bsl.lib</file>
         <name>evmomapl138_i2c.obj</name>
      </input_file>
      <input_file id="fl-18">
         <path>C:\ti\ccsv5\tools\compiler\c6000_7.4.4\lib\</path>
         <kind>archive</kind>
         <file>rts6740.lib</file>
         <name>boot.obj</name>
      </input_file>
      <input_file id="fl-19">
         <path>C:\ti\ccsv5\tools\compiler\c6000_7.4.4\lib\</path>
         <kind>archive</kind>
         <file>rts6740.lib</file>
         <name>cos.obj</name>
      </input_file>
      <input_file id="fl-1a">
         <path>C:\ti\ccsv5\tools\compiler\c6000_7.4.4\lib\</path>
         <kind>archive</kind>
         <file>rts6740.lib</file>
         <name>divf.obj</name>
      </input_file>
      <input_file id="fl-1b">
         <path>C:\ti\ccsv5\tools\compiler\c6000_7.4.4\lib\</path>
         <kind>archive</kind>
         <file>rts6740.lib</file>
         <name>divi.obj</name>
      </input_file>
      <input_file id="fl-1c">
         <path>C:\ti\ccsv5\tools\compiler\c6000_7.4.4\lib\</path>
         <kind>archive</kind>
         <file>rts6740.lib</file>
         <name>divu.obj</name>
      </input_file>
      <input_file id="fl-1d">
         <path>C:\ti\ccsv5\tools\compiler\c6000_7.4.4\lib\</path>
         <kind>archive</kind>
         <file>rts6740.lib</file>
         <name>exit.obj</name>
      </input_file>
      <input_file id="fl-1e">
         <path>C:\ti\ccsv5\tools\compiler\c6000_7.4.4\lib\</path>
         <kind>archive</kind>
         <file>rts6740.lib</file>
         <name>modf.obj</name>
      </input_file>
      <input_file id="fl-1f">
         <path>C:\ti\ccsv5\tools\compiler\c6000_7.4.4\lib\</path>
         <kind>archive</kind>
         <file>rts6740.lib</file>
         <name>perror.obj</name>
      </input_file>
      <input_file id="fl-20">
         <path>C:\ti\ccsv5\tools\compiler\c6000_7.4.4\lib\</path>
         <kind>archive</kind>
         <file>rts6740.lib</file>
         <name>powf.obj</name>
      </input_file>
      <input_file id="fl-21">
         <path>C:\ti\ccsv5\tools\compiler\c6000_7.4.4\lib\</path>
         <kind>archive</kind>
         <file>rts6740.lib</file>
         <name>printf.obj</name>
      </input_file>
      <input_file id="fl-22">
         <path>C:\ti\ccsv5\tools\compiler\c6000_7.4.4\lib\</path>
         <kind>archive</kind>
         <file>rts6740.lib</file>
         <name>remi.obj</name>
      </input_file>
      <input_file id="fl-23">
         <path>C:\ti\ccsv5\tools\compiler\c6000_7.4.4\lib\</path>
         <kind>archive</kind>
         <file>rts6740.lib</file>
         <name>round.obj</name>
      </input_file>
      <input_file id="fl-24">
         <path>C:\ti\ccsv5\tools\compiler\c6000_7.4.4\lib\</path>
         <kind>archive</kind>
         <file>rts6740.lib</file>
         <name>roundf.obj</name>
      </input_file>
      <input_file id="fl-25">
         <path>C:\ti\ccsv5\tools\compiler\c6000_7.4.4\lib\</path>
         <kind>archive</kind>
         <file>rts6740.lib</file>
         <name>sin.obj</name>
      </input_file>
      <input_file id="fl-26">
         <path>C:\ti\ccsv5\tools\compiler\c6000_7.4.4\lib\</path>
         <kind>archive</kind>
         <file>rts6740.lib</file>
         <name>sqrtf.obj</name>
      </input_file>
      <input_file id="fl-27">
         <path>C:\ti\ccsv5\tools\compiler\c6000_7.4.4\lib\</path>
         <kind>archive</kind>
         <file>rts6740.lib</file>
         <name>trunc.obj</name>
      </input_file>
      <input_file id="fl-28">
         <path>C:\ti\ccsv5\tools\compiler\c6000_7.4.4\lib\</path>
         <kind>archive</kind>
         <file>rts6740.lib</file>
         <name>truncf.obj</name>
      </input_file>
      <input_file id="fl-29">
         <path>C:\ti\ccsv5\tools\compiler\c6000_7.4.4\lib\</path>
         <kind>archive</kind>
         <file>rts6740.lib</file>
         <name>_lock.obj</name>
      </input_file>
      <input_file id="fl-2a">
         <path>C:\ti\ccsv5\tools\compiler\c6000_7.4.4\lib\</path>
         <kind>archive</kind>
         <file>rts6740.lib</file>
         <name>_printfi.obj</name>
      </input_file>
      <input_file id="fl-2b">
         <path>C:\ti\ccsv5\tools\compiler\c6000_7.4.4\lib\</path>
         <kind>archive</kind>
         <file>rts6740.lib</file>
         <name>args_main.obj</name>
      </input_file>
      <input_file id="fl-2c">
         <path>C:\ti\ccsv5\tools\compiler\c6000_7.4.4\lib\</path>
         <kind>archive</kind>
         <file>rts6740.lib</file>
         <name>atoi.obj</name>
      </input_file>
      <input_file id="fl-2d">
         <path>C:\ti\ccsv5\tools\compiler\c6000_7.4.4\lib\</path>
         <kind>archive</kind>
         <file>rts6740.lib</file>
         <name>autoinit.obj</name>
      </input_file>
      <input_file id="fl-2e">
         <path>C:\ti\ccsv5\tools\compiler\c6000_7.4.4\lib\</path>
         <kind>archive</kind>
         <file>rts6740.lib</file>
         <name>cpp_init.obj</name>
      </input_file>
      <input_file id="fl-2f">
         <path>C:\ti\ccsv5\tools\compiler\c6000_7.4.4\lib\</path>
         <kind>archive</kind>
         <file>rts6740.lib</file>
         <name>cpy_tbl.obj</name>
      </input_file>
      <input_file id="fl-30">
         <path>C:\ti\ccsv5\tools\compiler\c6000_7.4.4\lib\</path>
         <kind>archive</kind>
         <file>rts6740.lib</file>
         <name>ctype.obj</name>
      </input_file>
      <input_file id="fl-31">
         <path>C:\ti\ccsv5\tools\compiler\c6000_7.4.4\lib\</path>
         <kind>archive</kind>
         <file>rts6740.lib</file>
         <name>defs.obj</name>
      </input_file>
      <input_file id="fl-32">
         <path>C:\ti\ccsv5\tools\compiler\c6000_7.4.4\lib\</path>
         <kind>archive</kind>
         <file>rts6740.lib</file>
         <name>divd.obj</name>
      </input_file>
      <input_file id="fl-33">
         <path>C:\ti\ccsv5\tools\compiler\c6000_7.4.4\lib\</path>
         <kind>archive</kind>
         <file>rts6740.lib</file>
         <name>errno.obj</name>
      </input_file>
      <input_file id="fl-34">
         <path>C:\ti\ccsv5\tools\compiler\c6000_7.4.4\lib\</path>
         <kind>archive</kind>
         <file>rts6740.lib</file>
         <name>fixdli.obj</name>
      </input_file>
      <input_file id="fl-35">
         <path>C:\ti\ccsv5\tools\compiler\c6000_7.4.4\lib\</path>
         <kind>archive</kind>
         <file>rts6740.lib</file>
         <name>fltlid.obj</name>
      </input_file>
      <input_file id="fl-36">
         <path>C:\ti\ccsv5\tools\compiler\c6000_7.4.4\lib\</path>
         <kind>archive</kind>
         <file>rts6740.lib</file>
         <name>fputc.obj</name>
      </input_file>
      <input_file id="fl-37">
         <path>C:\ti\ccsv5\tools\compiler\c6000_7.4.4\lib\</path>
         <kind>archive</kind>
         <file>rts6740.lib</file>
         <name>fputs.obj</name>
      </input_file>
      <input_file id="fl-38">
         <path>C:\ti\ccsv5\tools\compiler\c6000_7.4.4\lib\</path>
         <kind>archive</kind>
         <file>rts6740.lib</file>
         <name>frcmpyd_div.obj</name>
      </input_file>
      <input_file id="fl-39">
         <path>C:\ti\ccsv5\tools\compiler\c6000_7.4.4\lib\</path>
         <kind>archive</kind>
         <file>rts6740.lib</file>
         <name>frexpf.obj</name>
      </input_file>
      <input_file id="fl-3a">
         <path>C:\ti\ccsv5\tools\compiler\c6000_7.4.4\lib\</path>
         <kind>archive</kind>
         <file>rts6740.lib</file>
         <name>imath40.obj</name>
      </input_file>
      <input_file id="fl-3b">
         <path>C:\ti\ccsv5\tools\compiler\c6000_7.4.4\lib\</path>
         <kind>archive</kind>
         <file>rts6740.lib</file>
         <name>imath64.obj</name>
      </input_file>
      <input_file id="fl-3c">
         <path>C:\ti\ccsv5\tools\compiler\c6000_7.4.4\lib\</path>
         <kind>archive</kind>
         <file>rts6740.lib</file>
         <name>isinf.obj</name>
      </input_file>
      <input_file id="fl-3d">
         <path>C:\ti\ccsv5\tools\compiler\c6000_7.4.4\lib\</path>
         <kind>archive</kind>
         <file>rts6740.lib</file>
         <name>ldexpf.obj</name>
      </input_file>
      <input_file id="fl-3e">
         <path>C:\ti\ccsv5\tools\compiler\c6000_7.4.4\lib\</path>
         <kind>archive</kind>
         <file>rts6740.lib</file>
         <name>llshift.obj</name>
      </input_file>
      <input_file id="fl-3f">
         <path>C:\ti\ccsv5\tools\compiler\c6000_7.4.4\lib\</path>
         <kind>archive</kind>
         <file>rts6740.lib</file>
         <name>lowlev.obj</name>
      </input_file>
      <input_file id="fl-40">
         <path>C:\ti\ccsv5\tools\compiler\c6000_7.4.4\lib\</path>
         <kind>archive</kind>
         <file>rts6740.lib</file>
         <name>ltoa.obj</name>
      </input_file>
      <input_file id="fl-41">
         <path>C:\ti\ccsv5\tools\compiler\c6000_7.4.4\lib\</path>
         <kind>archive</kind>
         <file>rts6740.lib</file>
         <name>memccpy.obj</name>
      </input_file>
      <input_file id="fl-42">
         <path>C:\ti\ccsv5\tools\compiler\c6000_7.4.4\lib\</path>
         <kind>archive</kind>
         <file>rts6740.lib</file>
         <name>memcpy64.obj</name>
      </input_file>
      <input_file id="fl-43">
         <path>C:\ti\ccsv5\tools\compiler\c6000_7.4.4\lib\</path>
         <kind>archive</kind>
         <file>rts6740.lib</file>
         <name>memset.obj</name>
      </input_file>
      <input_file id="fl-44">
         <path>C:\ti\ccsv5\tools\compiler\c6000_7.4.4\lib\</path>
         <kind>archive</kind>
         <file>rts6740.lib</file>
         <name>modff.obj</name>
      </input_file>
      <input_file id="fl-45">
         <path>C:\ti\ccsv5\tools\compiler\c6000_7.4.4\lib\</path>
         <kind>archive</kind>
         <file>rts6740.lib</file>
         <name>negll.obj</name>
      </input_file>
      <input_file id="fl-46">
         <path>C:\ti\ccsv5\tools\compiler\c6000_7.4.4\lib\</path>
         <kind>archive</kind>
         <file>rts6740.lib</file>
         <name>trgdrv.obj</name>
      </input_file>
      <input_file id="fl-47">
         <path>C:\ti\ccsv5\tools\compiler\c6000_7.4.4\lib\</path>
         <kind>archive</kind>
         <file>rts6740.lib</file>
         <name>trgmsg.obj</name>
      </input_file>
      <input_file id="fl-48">
         <path>C:\ti\ccsv5\tools\compiler\c6000_7.4.4\lib\</path>
         <kind>archive</kind>
         <file>rts6740.lib</file>
         <name>_io_perm.obj</name>
      </input_file>
      <input_file id="fl-49">
         <path>C:\ti\ccsv5\tools\compiler\c6000_7.4.4\lib\</path>
         <kind>archive</kind>
         <file>rts6740.lib</file>
         <name>abs.obj</name>
      </input_file>
      <input_file id="fl-4a">
         <path>C:\ti\ccsv5\tools\compiler\c6000_7.4.4\lib\</path>
         <kind>archive</kind>
         <file>rts6740.lib</file>
         <name>fflush.obj</name>
      </input_file>
      <input_file id="fl-4b">
         <path>C:\ti\ccsv5\tools\compiler\c6000_7.4.4\lib\</path>
         <kind>archive</kind>
         <file>rts6740.lib</file>
         <name>fseek.obj</name>
      </input_file>
      <input_file id="fl-4c">
         <path>C:\ti\ccsv5\tools\compiler\c6000_7.4.4\lib\</path>
         <kind>archive</kind>
         <file>rts6740.lib</file>
         <name>setvbuf.obj</name>
      </input_file>
      <input_file id="fl-4d">
         <path>C:\ti\ccsv5\tools\compiler\c6000_7.4.4\lib\</path>
         <kind>archive</kind>
         <file>rts6740.lib</file>
         <name>fopen.obj</name>
      </input_file>
      <input_file id="fl-4e">
         <path>C:\ti\ccsv5\tools\compiler\c6000_7.4.4\lib\</path>
         <kind>archive</kind>
         <file>rts6740.lib</file>
         <name>memory.obj</name>
      </input_file>
      <input_file id="fl-4f">
         <path>C:\ti\ccsv5\tools\compiler\c6000_7.4.4\lib\</path>
         <kind>archive</kind>
         <file>rts6740.lib</file>
         <name>fclose.obj</name>
      </input_file>
      <input_file id="fl-50">
         <path>C:\ti\ccsv5\tools\compiler\c6000_7.4.4\lib\</path>
         <kind>archive</kind>
         <file>rts6740.lib</file>
         <name>remove.obj</name>
      </input_file>
   </input_file_list>
   <object_component_list>
      <object_component id="oc-113">
         <name>.text</name>
         <load_address>0x11810000</load_address>
         <run_address>0x11810000</run_address>
         <size>0x1560</size>
         <input_file_ref idref="fl-8"/>
      </object_component>
      <object_component id="oc-120">
         <name>.text</name>
         <load_address>0x11811560</load_address>
         <run_address>0x11811560</run_address>
         <size>0xda0</size>
         <input_file_ref idref="fl-4"/>
      </object_component>
      <object_component id="oc-125">
         <name>.text</name>
         <load_address>0x11812300</load_address>
         <run_address>0x11812300</run_address>
         <size>0xc20</size>
         <input_file_ref idref="fl-15"/>
      </object_component>
      <object_component id="oc-16c">
         <name>.text:__divd</name>
         <load_address>0x11812f20</load_address>
         <run_address>0x11812f20</run_address>
         <size>0x5a0</size>
         <input_file_ref idref="fl-32"/>
      </object_component>
      <object_component id="oc-142">
         <name>.text</name>
         <load_address>0x118134c0</load_address>
         <run_address>0x118134c0</run_address>
         <size>0x5a0</size>
         <input_file_ref idref="fl-5"/>
      </object_component>
      <object_component id="oc-161">
         <name>.text:__getarg_diouxp</name>
         <load_address>0x11813a60</load_address>
         <run_address>0x11813a60</run_address>
         <size>0x580</size>
         <input_file_ref idref="fl-2a"/>
      </object_component>
      <object_component id="oc-12c">
         <name>.text:_powf</name>
         <load_address>0x11813fe0</load_address>
         <run_address>0x11813fe0</run_address>
         <size>0x560</size>
         <input_file_ref idref="fl-20"/>
      </object_component>
      <object_component id="oc-135">
         <name>.text</name>
         <load_address>0x11814540</load_address>
         <run_address>0x11814540</run_address>
         <size>0x4e0</size>
         <input_file_ref idref="fl-16"/>
      </object_component>
      <object_component id="oc-13a">
         <name>.text:__printfi</name>
         <load_address>0x11814a20</load_address>
         <run_address>0x11814a20</run_address>
         <size>0x440</size>
         <input_file_ref idref="fl-2a"/>
      </object_component>
      <object_component id="oc-14d">
         <name>.text:__setfield</name>
         <load_address>0x11814e60</load_address>
         <run_address>0x11814e60</run_address>
         <size>0x440</size>
         <input_file_ref idref="fl-2a"/>
      </object_component>
      <object_component id="oc-1d">
         <name>.text:retain</name>
         <load_address>0x118152a0</load_address>
         <run_address>0x118152a0</run_address>
         <size>0x400</size>
         <input_file_ref idref="fl-4"/>
      </object_component>
      <object_component id="oc-136">
         <name>.text:_fputs</name>
         <load_address>0x118156a0</load_address>
         <run_address>0x118156a0</run_address>
         <size>0x3a0</size>
         <input_file_ref idref="fl-37"/>
      </object_component>
      <object_component id="oc-123">
         <name>.text</name>
         <load_address>0x11815a40</load_address>
         <run_address>0x11815a40</run_address>
         <size>0x380</size>
         <input_file_ref idref="fl-13"/>
      </object_component>
      <object_component id="oc-132">
         <name>.text</name>
         <load_address>0x11815dc0</load_address>
         <run_address>0x11815dc0</run_address>
         <size>0x380</size>
         <input_file_ref idref="fl-17"/>
      </object_component>
      <object_component id="oc-12f">
         <name>.text</name>
         <load_address>0x11816140</load_address>
         <run_address>0x11816140</run_address>
         <size>0x320</size>
         <input_file_ref idref="fl-7"/>
      </object_component>
      <object_component id="oc-154">
         <name>.text:__pproc_fge</name>
         <load_address>0x11816460</load_address>
         <run_address>0x11816460</run_address>
         <size>0x320</size>
         <input_file_ref idref="fl-2a"/>
      </object_component>
      <object_component id="oc-131">
         <name>.text:_cos</name>
         <load_address>0x11816780</load_address>
         <run_address>0x11816780</run_address>
         <size>0x2e0</size>
         <input_file_ref idref="fl-19"/>
      </object_component>
      <object_component id="oc-14c">
         <name>.text:__pproc_fwp</name>
         <load_address>0x11816a60</load_address>
         <run_address>0x11816a60</run_address>
         <size>0x2c0</size>
         <input_file_ref idref="fl-2a"/>
      </object_component>
      <object_component id="oc-167">
         <name>.text:_ecvt</name>
         <load_address>0x11816d20</load_address>
         <run_address>0x11816d20</run_address>
         <size>0x2a0</size>
         <input_file_ref idref="fl-2a"/>
      </object_component>
      <object_component id="oc-16a">
         <name>.text:_fcvt</name>
         <load_address>0x11816fc0</load_address>
         <run_address>0x11816fc0</run_address>
         <size>0x2a0</size>
         <input_file_ref idref="fl-2a"/>
      </object_component>
      <object_component id="oc-114">
         <name>.text:__divf</name>
         <load_address>0x11817260</load_address>
         <run_address>0x11817260</run_address>
         <size>0x280</size>
         <input_file_ref idref="fl-1a"/>
      </object_component>
      <object_component id="oc-158">
         <name>.text:_free</name>
         <load_address>0x118174e0</load_address>
         <run_address>0x118174e0</run_address>
         <size>0x280</size>
         <input_file_ref idref="fl-4e"/>
      </object_component>
      <object_component id="oc-130">
         <name>.text:_sin</name>
         <load_address>0x11817760</load_address>
         <run_address>0x11817760</run_address>
         <size>0x280</size>
         <input_file_ref idref="fl-25"/>
      </object_component>
      <object_component id="oc-176">
         <name>.text:__divull</name>
         <load_address>0x118179e0</load_address>
         <run_address>0x118179e0</run_address>
         <size>0x260</size>
         <input_file_ref idref="fl-3b"/>
      </object_component>
      <object_component id="oc-160">
         <name>.text:__pconv_e</name>
         <load_address>0x11817c40</load_address>
         <run_address>0x11817c40</run_address>
         <size>0x260</size>
         <input_file_ref idref="fl-2a"/>
      </object_component>
      <object_component id="oc-155">
         <name>.text:__pproc_diouxp</name>
         <load_address>0x11817ea0</load_address>
         <run_address>0x11817ea0</run_address>
         <size>0x240</size>
         <input_file_ref idref="fl-2a"/>
      </object_component>
      <object_component id="oc-14e">
         <name>.text:__pproc_str</name>
         <load_address>0x118180e0</load_address>
         <run_address>0x118180e0</run_address>
         <size>0x220</size>
         <input_file_ref idref="fl-2a"/>
      </object_component>
      <object_component id="oc-138">
         <name>.text:_fputc</name>
         <load_address>0x11818300</load_address>
         <run_address>0x11818300</run_address>
         <size>0x220</size>
         <input_file_ref idref="fl-36"/>
      </object_component>
      <object_component id="oc-15e">
         <name>.text:__pconv_g</name>
         <load_address>0x11818520</load_address>
         <run_address>0x11818520</run_address>
         <size>0x200</size>
         <input_file_ref idref="fl-2a"/>
      </object_component>
      <object_component id="oc-151">
         <name>.text:_setvbuf</name>
         <load_address>0x11818720</load_address>
         <run_address>0x11818720</run_address>
         <size>0x200</size>
         <input_file_ref idref="fl-4c"/>
      </object_component>
      <object_component id="oc-124">
         <name>.text</name>
         <load_address>0x11818920</load_address>
         <run_address>0x11818920</run_address>
         <size>0x1e0</size>
         <input_file_ref idref="fl-12"/>
      </object_component>
      <object_component id="oc-169">
         <name>.text:__mcpy</name>
         <load_address>0x11818b00</load_address>
         <run_address>0x11818b00</run_address>
         <size>0x1c0</size>
         <input_file_ref idref="fl-2a"/>
      </object_component>
      <object_component id="oc-175">
         <name>.text:__divul</name>
         <load_address>0x11818cc0</load_address>
         <run_address>0x11818cc0</run_address>
         <size>0x1a0</size>
         <input_file_ref idref="fl-3a"/>
      </object_component>
      <object_component id="oc-122">
         <name>.text</name>
         <load_address>0x11818e60</load_address>
         <run_address>0x11818e60</run_address>
         <size>0x1a0</size>
         <input_file_ref idref="fl-14"/>
      </object_component>
      <object_component id="oc-11c">
         <name>.text:_HOSTrename</name>
         <load_address>0x11819000</load_address>
         <run_address>0x11819000</run_address>
         <size>0x180</size>
         <input_file_ref idref="fl-46"/>
      </object_component>
      <object_component id="oc-159">
         <name>.text:_malloc</name>
         <load_address>0x11819180</load_address>
         <run_address>0x11819180</run_address>
         <size>0x180</size>
         <input_file_ref idref="fl-4e"/>
      </object_component>
      <object_component id="oc-14b">
         <name>.text:__pproc_fflags</name>
         <load_address>0x11819300</load_address>
         <run_address>0x11819300</run_address>
         <size>0x140</size>
         <input_file_ref idref="fl-2a"/>
      </object_component>
      <object_component id="oc-17c">
         <name>.text:_getdevice</name>
         <load_address>0x11819440</load_address>
         <run_address>0x11819440</run_address>
         <size>0x140</size>
         <input_file_ref idref="fl-3f"/>
      </object_component>
      <object_component id="oc-141">
         <name>.text</name>
         <load_address>0x11819580</load_address>
         <run_address>0x11819580</run_address>
         <size>0x140</size>
         <input_file_ref idref="fl-3"/>
      </object_component>
      <object_component id="oc-166">
         <name>.text:__closefile</name>
         <load_address>0x118196c0</load_address>
         <run_address>0x118196c0</run_address>
         <size>0x120</size>
         <input_file_ref idref="fl-4f"/>
      </object_component>
      <object_component id="oc-163">
         <name>.text:__ltostr</name>
         <load_address>0x118197e0</load_address>
         <run_address>0x118197e0</run_address>
         <size>0x120</size>
         <input_file_ref idref="fl-2a"/>
      </object_component>
      <object_component id="oc-150">
         <name>.text:_fseek</name>
         <load_address>0x11819900</load_address>
         <run_address>0x11819900</run_address>
         <size>0x120</size>
         <input_file_ref idref="fl-4b"/>
      </object_component>
      <object_component id="oc-13d">
         <name>.text:_ldexpf</name>
         <load_address>0x11819a20</load_address>
         <run_address>0x11819a20</run_address>
         <size>0x120</size>
         <input_file_ref idref="fl-3d"/>
      </object_component>
      <object_component id="oc-128">
         <name>.text:_perror</name>
         <load_address>0x11819b40</load_address>
         <run_address>0x11819b40</run_address>
         <size>0x120</size>
         <input_file_ref idref="fl-1f"/>
      </object_component>
      <object_component id="oc-11a">
         <name>.text:_HOSTlseek</name>
         <load_address>0x11819c60</load_address>
         <run_address>0x11819c60</run_address>
         <size>0x100</size>
         <input_file_ref idref="fl-46"/>
      </object_component>
      <object_component id="oc-148">
         <name>.text:__wrt_ok</name>
         <load_address>0x11819d60</load_address>
         <run_address>0x11819d60</run_address>
         <size>0x100</size>
         <input_file_ref idref="fl-48"/>
      </object_component>
      <object_component id="oc-12d">
         <name>.text:_sqrtf</name>
         <load_address>0x11819e60</load_address>
         <run_address>0x11819e60</run_address>
         <size>0x100</size>
         <input_file_ref idref="fl-26"/>
      </object_component>
      <object_component id="oc-116">
         <name>.text:_HOSTopen</name>
         <load_address>0x11819f60</load_address>
         <run_address>0x11819f60</run_address>
         <size>0xe0</size>
         <input_file_ref idref="fl-46"/>
      </object_component>
      <object_component id="oc-12b">
         <name>.text:__divi</name>
         <load_address>0x1181a040</load_address>
         <run_address>0x1181a040</run_address>
         <size>0xe0</size>
         <input_file_ref idref="fl-1b"/>
      </object_component>
      <object_component id="oc-153">
         <name>.text:_atoi</name>
         <load_address>0x1181a120</load_address>
         <run_address>0x1181a120</run_address>
         <size>0xe0</size>
         <input_file_ref idref="fl-2c"/>
      </object_component>
      <object_component id="oc-16e">
         <name>.text:_close</name>
         <load_address>0x1181a200</load_address>
         <run_address>0x1181a200</run_address>
         <size>0xe0</size>
         <input_file_ref idref="fl-3f"/>
      </object_component>
      <object_component id="oc-13c">
         <name>.text:_frexpf</name>
         <load_address>0x1181a2e0</load_address>
         <run_address>0x1181a2e0</run_address>
         <size>0xe0</size>
         <input_file_ref idref="fl-39"/>
      </object_component>
      <object_component id="oc-152">
         <name>.text:_memset</name>
         <load_address>0x1181a3c0</load_address>
         <run_address>0x1181a3c0</run_address>
         <size>0xe0</size>
         <input_file_ref idref="fl-43"/>
      </object_component>
      <object_component id="oc-12a">
         <name>.text:_printf</name>
         <load_address>0x1181a4a0</load_address>
         <run_address>0x1181a4a0</run_address>
         <size>0xe0</size>
         <input_file_ref idref="fl-21"/>
      </object_component>
      <object_component id="oc-118">
         <name>.text:_HOSTread</name>
         <load_address>0x1181a580</load_address>
         <run_address>0x1181a580</run_address>
         <size>0xc0</size>
         <input_file_ref idref="fl-46"/>
      </object_component>
      <object_component id="oc-11b">
         <name>.text:_HOSTunlink</name>
         <load_address>0x1181a640</load_address>
         <run_address>0x1181a640</run_address>
         <size>0xc0</size>
         <input_file_ref idref="fl-46"/>
      </object_component>
      <object_component id="oc-119">
         <name>.text:_HOSTwrite</name>
         <load_address>0x1181a700</load_address>
         <run_address>0x1181a700</run_address>
         <size>0xc0</size>
         <input_file_ref idref="fl-46"/>
      </object_component>
      <object_component id="oc-110">
         <name>.text:__auto_init</name>
         <load_address>0x1181a7c0</load_address>
         <run_address>0x1181a7c0</run_address>
         <size>0xc0</size>
         <input_file_ref idref="fl-2d"/>
      </object_component>
      <object_component id="oc-16d">
         <name>.text:__div</name>
         <load_address>0x1181a880</load_address>
         <run_address>0x1181a880</run_address>
         <size>0xc0</size>
         <input_file_ref idref="fl-2a"/>
      </object_component>
      <object_component id="oc-129">
         <name>.text:__divu</name>
         <load_address>0x1181a940</load_address>
         <run_address>0x1181a940</run_address>
         <size>0xc0</size>
         <input_file_ref idref="fl-1c"/>
      </object_component>
      <object_component id="oc-149">
         <name>.text:__doflush</name>
         <load_address>0x1181aa00</load_address>
         <run_address>0x1181aa00</run_address>
         <size>0xc0</size>
         <input_file_ref idref="fl-4a"/>
      </object_component>
      <object_component id="oc-12e">
         <name>.text:__remi</name>
         <load_address>0x1181aac0</load_address>
         <run_address>0x1181aac0</run_address>
         <size>0xc0</size>
         <input_file_ref idref="fl-22"/>
      </object_component>
      <object_component id="oc-112">
         <name>.text:_exit</name>
         <load_address>0x1181ab80</load_address>
         <run_address>0x1181ab80</run_address>
         <size>0xc0</size>
         <input_file_ref idref="fl-1d"/>
      </object_component>
      <object_component id="oc-171">
         <name>.text:_ltoa</name>
         <load_address>0x1181ac40</load_address>
         <run_address>0x1181ac40</run_address>
         <size>0xc0</size>
         <input_file_ref idref="fl-40"/>
      </object_component>
      <object_component id="oc-117">
         <name>.text:_HOSTclose</name>
         <load_address>0x1181ad00</load_address>
         <run_address>0x1181ad00</run_address>
         <size>0xa0</size>
         <input_file_ref idref="fl-46"/>
      </object_component>
      <object_component id="oc-15a">
         <name>.text:__cleanup</name>
         <load_address>0x1181ada0</load_address>
         <run_address>0x1181ada0</run_address>
         <size>0xa0</size>
         <input_file_ref idref="fl-4d"/>
      </object_component>
      <object_component id="oc-179">
         <name>.text:__divli</name>
         <load_address>0x1181ae40</load_address>
         <run_address>0x1181ae40</run_address>
         <size>0xa0</size>
         <input_file_ref idref="fl-3a"/>
      </object_component>
      <object_component id="oc-168">
         <name>.text:__ecpy</name>
         <load_address>0x1181aee0</load_address>
         <run_address>0x1181aee0</run_address>
         <size>0xa0</size>
         <input_file_ref idref="fl-2a"/>
      </object_component>
      <object_component id="oc-16b">
         <name>.text:__fcpy</name>
         <load_address>0x1181af80</load_address>
         <run_address>0x1181af80</run_address>
         <size>0xa0</size>
         <input_file_ref idref="fl-2a"/>
      </object_component>
      <object_component id="oc-170">
         <name>.text:__fixdli</name>
         <load_address>0x1181b020</load_address>
         <run_address>0x1181b020</run_address>
         <size>0xa0</size>
         <input_file_ref idref="fl-34"/>
      </object_component>
      <object_component id="oc-146">
         <name>.text:__nround</name>
         <load_address>0x1181b0c0</load_address>
         <run_address>0x1181b0c0</run_address>
         <size>0xa0</size>
         <input_file_ref idref="fl-23"/>
      </object_component>
      <object_component id="oc-15f">
         <name>.text:__pconv_f</name>
         <load_address>0x1181b160</load_address>
         <run_address>0x1181b160</run_address>
         <size>0xa0</size>
         <input_file_ref idref="fl-2a"/>
      </object_component>
      <object_component id="oc-11d">
         <name>.text:_copy_in</name>
         <load_address>0x1181b200</load_address>
         <run_address>0x1181b200</run_address>
         <size>0xa0</size>
         <input_file_ref idref="fl-2f"/>
      </object_component>
      <object_component id="oc-17d">
         <name>.text:_finddevice</name>
         <load_address>0x1181b2a0</load_address>
         <run_address>0x1181b2a0</run_address>
         <size>0xa0</size>
         <input_file_ref idref="fl-3f"/>
      </object_component>
      <object_component id="oc-157">
         <name>.text:_lseek</name>
         <load_address>0x1181b340</load_address>
         <run_address>0x1181b340</run_address>
         <size>0xa0</size>
         <input_file_ref idref="fl-3f"/>
      </object_component>
      <object_component id="oc-11e">
         <name>.text:_memcpy</name>
         <load_address>0x1181b3e0</load_address>
         <run_address>0x1181b3e0</run_address>
         <size>0xa0</size>
         <input_file_ref idref="fl-42"/>
      </object_component>
      <object_component id="oc-165">
         <name>.text:_minsert</name>
         <load_address>0x1181b480</load_address>
         <run_address>0x1181b480</run_address>
         <size>0xa0</size>
         <input_file_ref idref="fl-4e"/>
      </object_component>
      <object_component id="oc-147">
         <name>.text:_modf</name>
         <load_address>0x1181b520</load_address>
         <run_address>0x1181b520</run_address>
         <size>0xa0</size>
         <input_file_ref idref="fl-1e"/>
      </object_component>
      <object_component id="oc-164">
         <name>.text:_mremove</name>
         <load_address>0x1181b5c0</load_address>
         <run_address>0x1181b5c0</run_address>
         <size>0xa0</size>
         <input_file_ref idref="fl-4e"/>
      </object_component>
      <object_component id="oc-14a">
         <name>.text:_write</name>
         <load_address>0x1181b660</load_address>
         <run_address>0x1181b660</run_address>
         <size>0xa0</size>
         <input_file_ref idref="fl-3f"/>
      </object_component>
      <object_component id="oc-172">
         <name>.text:__fltlid</name>
         <load_address>0x1181b700</load_address>
         <run_address>0x1181b700</run_address>
         <size>0x80</size>
         <input_file_ref idref="fl-35"/>
      </object_component>
      <object_component id="oc-17a">
         <name>.text:__llshl</name>
         <load_address>0x1181b780</load_address>
         <run_address>0x1181b780</run_address>
         <size>0x80</size>
         <input_file_ref idref="fl-3e"/>
      </object_component>
      <object_component id="oc-13e">
         <name>.text:__roundf</name>
         <load_address>0x1181b800</load_address>
         <run_address>0x1181b800</run_address>
         <size>0x80</size>
         <input_file_ref idref="fl-24"/>
      </object_component>
      <object_component id="oc-e">
         <name>.text:_c_int00</name>
         <load_address>0x1181b880</load_address>
         <run_address>0x1181b880</run_address>
         <size>0x80</size>
         <input_file_ref idref="fl-18"/>
      </object_component>
      <object_component id="oc-127">
         <name>.text:_readmsg</name>
         <load_address>0x1181b900</load_address>
         <run_address>0x1181b900</run_address>
         <size>0x80</size>
         <input_file_ref idref="fl-47"/>
      </object_component>
      <object_component id="oc-177">
         <name>.text:_unlink</name>
         <load_address>0x1181b980</load_address>
         <run_address>0x1181b980</run_address>
         <size>0x80</size>
         <input_file_ref idref="fl-3f"/>
      </object_component>
      <object_component id="oc-11f">
         <name>.text:___TI_cpp_init</name>
         <load_address>0x1181ba00</load_address>
         <run_address>0x1181ba00</run_address>
         <size>0x60</size>
         <input_file_ref idref="fl-2e"/>
      </object_component>
      <object_component id="oc-17b">
         <name>.text:__subcull</name>
         <load_address>0x1181ba60</load_address>
         <run_address>0x1181ba60</run_address>
         <size>0x60</size>
         <input_file_ref idref="fl-3b"/>
      </object_component>
      <object_component id="oc-156">
         <name>.text:_memccpy</name>
         <load_address>0x1181bac0</load_address>
         <run_address>0x1181bac0</run_address>
         <size>0x60</size>
         <input_file_ref idref="fl-41"/>
      </object_component>
      <object_component id="oc-140">
         <name>.text:_modff</name>
         <load_address>0x1181bb20</load_address>
         <run_address>0x1181bb20</run_address>
         <size>0x60</size>
         <input_file_ref idref="fl-44"/>
      </object_component>
      <object_component id="oc-126">
         <name>.text:_writemsg</name>
         <load_address>0x1181bb80</load_address>
         <run_address>0x1181bb80</run_address>
         <size>0x60</size>
         <input_file_ref idref="fl-47"/>
      </object_component>
      <object_component id="oc-15d">
         <name>.text:___isinf</name>
         <load_address>0x1181bbe0</load_address>
         <run_address>0x1181bbe0</run_address>
         <size>0x40</size>
         <input_file_ref idref="fl-3c"/>
      </object_component>
      <object_component id="oc-15c">
         <name>.text:___isnan</name>
         <load_address>0x1181bc20</load_address>
         <run_address>0x1181bc20</run_address>
         <size>0x40</size>
         <input_file_ref idref="fl-2a"/>
      </object_component>
      <object_component id="oc-111">
         <name>.text:__args_main</name>
         <load_address>0x1181bc60</load_address>
         <run_address>0x1181bc60</run_address>
         <size>0x40</size>
         <input_file_ref idref="fl-2b"/>
      </object_component>
      <object_component id="oc-174">
         <name>.text:__frcmpyd_div</name>
         <load_address>0x1181bca0</load_address>
         <run_address>0x1181bca0</run_address>
         <size>0x40</size>
         <input_file_ref idref="fl-38"/>
      </object_component>
      <object_component id="oc-173">
         <name>.text:__llshru</name>
         <load_address>0x1181bce0</load_address>
         <run_address>0x1181bce0</run_address>
         <size>0x40</size>
         <input_file_ref idref="fl-3e"/>
      </object_component>
      <object_component id="oc-178">
         <name>.text:__remli</name>
         <load_address>0x1181bd20</load_address>
         <run_address>0x1181bd20</run_address>
         <size>0x40</size>
         <input_file_ref idref="fl-3a"/>
      </object_component>
      <object_component id="oc-162">
         <name>.text:__negll</name>
         <load_address>0x1181bd60</load_address>
         <run_address>0x1181bd60</run_address>
         <size>0x20</size>
         <input_file_ref idref="fl-45"/>
      </object_component>
      <object_component id="oc-115">
         <name>.text:__nop</name>
         <load_address>0x1181bd80</load_address>
         <run_address>0x1181bd80</run_address>
         <size>0x20</size>
         <input_file_ref idref="fl-29"/>
      </object_component>
      <object_component id="oc-13b">
         <name>.text:__outc</name>
         <load_address>0x1181bda0</load_address>
         <run_address>0x1181bda0</run_address>
         <size>0x20</size>
         <input_file_ref idref="fl-21"/>
      </object_component>
      <object_component id="oc-139">
         <name>.text:__outs</name>
         <load_address>0x1181bdc0</load_address>
         <run_address>0x1181bdc0</run_address>
         <size>0x20</size>
         <input_file_ref idref="fl-21"/>
      </object_component>
      <object_component id="oc-145">
         <name>.text:__trunc</name>
         <load_address>0x1181bde0</load_address>
         <run_address>0x1181bde0</run_address>
         <size>0x20</size>
         <input_file_ref idref="fl-27"/>
      </object_component>
      <object_component id="oc-13f">
         <name>.text:__truncf</name>
         <load_address>0x1181be00</load_address>
         <run_address>0x1181be00</run_address>
         <size>0x20</size>
         <input_file_ref idref="fl-28"/>
      </object_component>
      <object_component id="oc-121">
         <name>.text:_abort</name>
         <load_address>0x1181be20</load_address>
         <run_address>0x1181be20</run_address>
         <size>0x20</size>
         <input_file_ref idref="fl-1d"/>
      </object_component>
      <object_component id="oc-16f">
         <name>.text:_remove</name>
         <load_address>0x1181be40</load_address>
         <run_address>0x1181be40</run_address>
         <size>0x20</size>
         <input_file_ref idref="fl-50"/>
      </object_component>
      <object_component id="oc-f">
         <name>.text</name>
         <load_address>0x1181be60</load_address>
         <run_address>0x1181be60</run_address>
         <size>0x20</size>
         <input_file_ref idref="fl-2"/>
      </object_component>
      <object_component id="oc-1e">
         <name>.const:.string</name>
         <load_address>0x1181dfb8</load_address>
         <run_address>0x1181dfb8</run_address>
         <size>0x170</size>
         <input_file_ref idref="fl-4"/>
      </object_component>
      <object_component id="oc-15b">
         <name>.const:.string:__ctypes_</name>
         <load_address>0x1181e128</load_address>
         <run_address>0x1181e128</run_address>
         <size>0x101</size>
         <input_file_ref idref="fl-30"/>
      </object_component>
      <object_component id="oc-b9">
         <name>.const:.string</name>
         <load_address>0x1181e229</load_address>
         <run_address>0x1181e229</run_address>
         <size>0x2</size>
         <input_file_ref idref="fl-37"/>
      </object_component>
      <object_component id="oc-134">
         <name>.const:_bitval_u32</name>
         <load_address>0x1181e230</load_address>
         <run_address>0x1181e230</run_address>
         <size>0x80</size>
         <input_file_ref idref="fl-15"/>
      </object_component>
      <object_component id="oc-68">
         <name>.const:.string</name>
         <load_address>0x1181e2b0</load_address>
         <run_address>0x1181e2b0</run_address>
         <size>0x64</size>
         <input_file_ref idref="fl-1f"/>
      </object_component>
      <object_component id="oc-40">
         <name>.const:.string</name>
         <load_address>0x1181e314</load_address>
         <run_address>0x1181e314</run_address>
         <size>0x40</size>
         <input_file_ref idref="fl-15"/>
      </object_component>
      <object_component id="oc-90">
         <name>.const:.string</name>
         <load_address>0x1181e354</load_address>
         <run_address>0x1181e354</run_address>
         <size>0x23</size>
         <input_file_ref idref="fl-2a"/>
      </object_component>
      <object_component id="oc-18">
         <name>.bss</name>
         <uninitialized>true</uninitialized>
         <run_address>0x1181e720</run_address>
         <size>0x88</size>
         <input_file_ref idref="fl-4"/>
      </object_component>
      <object_component id="oc-2c">
         <name>.bss</name>
         <uninitialized>true</uninitialized>
         <run_address>0x1181e7a8</run_address>
         <size>0x1c</size>
         <input_file_ref idref="fl-8"/>
      </object_component>
      <object_component id="oc-48">
         <name>.bss</name>
         <uninitialized>true</uninitialized>
         <run_address>0x1181e7c4</run_address>
         <size>0x4</size>
         <input_file_ref idref="fl-17"/>
      </object_component>
      <object_component id="oc-1b">
         <name>.far</name>
         <uninitialized>true</uninitialized>
         <run_address>0x1181be80</run_address>
         <size>0xd90</size>
         <input_file_ref idref="fl-4"/>
      </object_component>
      <object_component id="oc-2f">
         <name>.far</name>
         <uninitialized>true</uninitialized>
         <run_address>0x1181d164</run_address>
         <size>0x8</size>
         <input_file_ref idref="fl-8"/>
      </object_component>
      <object_component id="oc-53">
         <name>.far</name>
         <uninitialized>true</uninitialized>
         <run_address>0x1181d0d8</run_address>
         <size>0x40</size>
         <input_file_ref idref="fl-19"/>
      </object_component>
      <object_component id="oc-61">
         <name>.far</name>
         <uninitialized>true</uninitialized>
         <run_address>0x1181d158</run_address>
         <size>0xc</size>
         <input_file_ref idref="fl-1d"/>
      </object_component>
      <object_component id="oc-6d">
         <name>.far</name>
         <uninitialized>true</uninitialized>
         <run_address>0x1181d058</run_address>
         <size>0x7c</size>
         <input_file_ref idref="fl-20"/>
      </object_component>
      <object_component id="oc-7e">
         <name>.far</name>
         <uninitialized>true</uninitialized>
         <run_address>0x1181d118</run_address>
         <size>0x40</size>
         <input_file_ref idref="fl-25"/>
      </object_component>
      <object_component id="oc-8c">
         <name>.far</name>
         <uninitialized>true</uninitialized>
         <run_address>0x1181d16c</run_address>
         <size>0x8</size>
         <input_file_ref idref="fl-29"/>
      </object_component>
      <object_component id="oc-a6">
         <name>.far</name>
         <uninitialized>true</uninitialized>
         <run_address>0x1181cc10</run_address>
         <size>0x324</size>
         <input_file_ref idref="fl-31"/>
      </object_component>
      <object_component id="oc-ad">
         <name>.far</name>
         <uninitialized>true</uninitialized>
         <run_address>0x1181cf34</run_address>
         <size>0x4</size>
         <input_file_ref idref="fl-33"/>
      </object_component>
      <object_component id="oc-d3">
         <name>.far</name>
         <uninitialized>true</uninitialized>
         <run_address>0x1181cf38</run_address>
         <size>0x11c</size>
         <input_file_ref idref="fl-3f"/>
      </object_component>
      <object_component id="oc-e9">
         <name>.far</name>
         <uninitialized>true</uninitialized>
         <run_address>0x1181d180</run_address>
         <size>0x8</size>
         <input_file_ref idref="fl-46"/>
      </object_component>
      <object_component id="oc-101">
         <name>.far</name>
         <uninitialized>true</uninitialized>
         <run_address>0x1181d054</run_address>
         <size>0x4</size>
         <input_file_ref idref="fl-4d"/>
      </object_component>
      <object_component id="oc-106">
         <name>.far</name>
         <uninitialized>true</uninitialized>
         <run_address>0x1181d174</run_address>
         <size>0x8</size>
         <input_file_ref idref="fl-4e"/>
      </object_component>
      <object_component id="oc-133">
         <name>.switch:_getRegisterBankAndBit</name>
         <load_address>0x1181e378</load_address>
         <run_address>0x1181e378</run_address>
         <size>0x24</size>
         <input_file_ref idref="fl-13"/>
      </object_component>
      <object_component id="oc-137">
         <name>.switch:_perror</name>
         <load_address>0x1181e39c</load_address>
         <run_address>0x1181e39c</run_address>
         <size>0x18</size>
         <input_file_ref idref="fl-1f"/>
      </object_component>
      <object_component id="oc-14f">
         <name>.switch:_GPIOIntTypeSet</name>
         <load_address>0x1181e3b4</load_address>
         <run_address>0x1181e3b4</run_address>
         <size>0x10</size>
         <input_file_ref idref="fl-5"/>
      </object_component>
      <object_component id="oc-144">
         <name>.switch:_LCDK_LED_off</name>
         <load_address>0x1181e3c4</load_address>
         <run_address>0x1181e3c4</run_address>
         <size>0x10</size>
         <input_file_ref idref="fl-7"/>
      </object_component>
      <object_component id="oc-143">
         <name>.switch:_LCDK_LED_on</name>
         <load_address>0x1181e3d4</load_address>
         <run_address>0x1181e3d4</run_address>
         <size>0x10</size>
         <input_file_ref idref="fl-7"/>
      </object_component>
      <object_component id="oc-4e">
         <name>.stack</name>
         <uninitialized>true</uninitialized>
         <run_address>0x1181d188</run_address>
         <size>0x8</size>
         <input_file_ref idref="fl-18"/>
      </object_component>
      <object_component id="oc-193">
         <name>.stack</name>
         <uninitialized>true</uninitialized>
         <run_address>0x1181d188</run_address>
         <size>0x0</size>
      </object_component>
      <object_component id="oc-1a">
         <name>.cinit</name>
         <load_address>0x1181d988</load_address>
         <run_address>0x1181d988</run_address>
         <size>0x368</size>
         <input_file_ref idref="fl-4"/>
      </object_component>
      <object_component id="oc-6c">
         <name>.cinit</name>
         <load_address>0x1181dcf0</load_address>
         <run_address>0x1181dcf0</run_address>
         <size>0x9c</size>
         <input_file_ref idref="fl-20"/>
      </object_component>
      <object_component id="oc-a5">
         <name>.cinit</name>
         <load_address>0x1181dd90</load_address>
         <run_address>0x1181dd90</run_address>
         <size>0x5c</size>
         <input_file_ref idref="fl-31"/>
      </object_component>
      <object_component id="oc-d2">
         <name>.cinit</name>
         <load_address>0x1181ddf0</load_address>
         <run_address>0x1181ddf0</run_address>
         <size>0x5c</size>
         <input_file_ref idref="fl-3f"/>
      </object_component>
      <object_component id="oc-52">
         <name>.cinit</name>
         <load_address>0x1181de50</load_address>
         <run_address>0x1181de50</run_address>
         <size>0x48</size>
         <input_file_ref idref="fl-19"/>
      </object_component>
      <object_component id="oc-7d">
         <name>.cinit</name>
         <load_address>0x1181de98</load_address>
         <run_address>0x1181de98</run_address>
         <size>0x48</size>
         <input_file_ref idref="fl-25"/>
      </object_component>
      <object_component id="oc-2e">
         <name>.cinit</name>
         <load_address>0x1181dee0</load_address>
         <run_address>0x1181dee0</run_address>
         <size>0x2c</size>
         <input_file_ref idref="fl-8"/>
      </object_component>
      <object_component id="oc-60">
         <name>.cinit</name>
         <load_address>0x1181df10</load_address>
         <run_address>0x1181df10</run_address>
         <size>0x2c</size>
         <input_file_ref idref="fl-1d"/>
      </object_component>
      <object_component id="oc-105">
         <name>.cinit</name>
         <load_address>0x1181df40</load_address>
         <run_address>0x1181df40</run_address>
         <size>0x2c</size>
         <input_file_ref idref="fl-4e"/>
      </object_component>
      <object_component id="oc-8b">
         <name>.cinit</name>
         <load_address>0x1181df70</load_address>
         <run_address>0x1181df70</run_address>
         <size>0x1c</size>
         <input_file_ref idref="fl-29"/>
      </object_component>
      <object_component id="oc-ac">
         <name>.cinit</name>
         <load_address>0x1181df90</load_address>
         <run_address>0x1181df90</run_address>
         <size>0xc</size>
         <input_file_ref idref="fl-33"/>
      </object_component>
      <object_component id="oc-100">
         <name>.cinit</name>
         <load_address>0x1181dfa0</load_address>
         <run_address>0x1181dfa0</run_address>
         <size>0xc</size>
         <input_file_ref idref="fl-4d"/>
      </object_component>
      <object_component id="oc-107">
         <name>.sysmem</name>
         <uninitialized>true</uninitialized>
         <run_address>0x11800000</run_address>
         <size>0x8</size>
         <input_file_ref idref="fl-4e"/>
      </object_component>
      <object_component id="oc-194">
         <name>.sysmem</name>
         <uninitialized>true</uninitialized>
         <run_address>0x11800000</run_address>
         <size>0x0</size>
      </object_component>
      <object_component id="oc-ed">
         <name>.cio</name>
         <uninitialized>true</uninitialized>
         <run_address>0x1181e600</run_address>
         <size>0x120</size>
         <input_file_ref idref="fl-47"/>
      </object_component>
      <object_component id="oc-10">
         <name>.vecs</name>
         <load_address>0x1181e400</load_address>
         <run_address>0x1181e400</run_address>
         <size>0x200</size>
         <input_file_ref idref="fl-2"/>
      </object_component>
      <object_component id="oc-1c">
         <name>.EXT_RAM</name>
         <uninitialized>true</uninitialized>
         <run_address>0xc0000000</run_address>
         <size>0x1049f00</size>
         <input_file_ref idref="fl-4"/>
      </object_component>
      <object_component id="oc-11">
         <name>.debug_info</name>
         <load_address>0x0</load_address>
         <run_address>0x0</run_address>
         <size>0x100</size>
         <input_file_ref idref="fl-2"/>
      </object_component>
      <object_component id="oc-14">
         <name>.debug_info</name>
         <load_address>0x100</load_address>
         <run_address>0x100</run_address>
         <size>0x86a</size>
         <input_file_ref idref="fl-3"/>
      </object_component>
      <object_component id="oc-19">
         <name>.debug_info</name>
         <load_address>0x96a</load_address>
         <run_address>0x96a</run_address>
         <size>0x1d0f</size>
         <input_file_ref idref="fl-4"/>
      </object_component>
      <object_component id="oc-22">
         <name>.debug_info</name>
         <load_address>0x2679</load_address>
         <run_address>0x2679</run_address>
         <size>0x10f6</size>
         <input_file_ref idref="fl-5"/>
      </object_component>
      <object_component id="oc-26">
         <name>.debug_info</name>
         <load_address>0x376f</load_address>
         <run_address>0x376f</run_address>
         <size>0x5ce</size>
         <input_file_ref idref="fl-6"/>
      </object_component>
      <object_component id="oc-28">
         <name>.debug_info</name>
         <load_address>0x3d3d</load_address>
         <run_address>0x3d3d</run_address>
         <size>0xc3d</size>
         <input_file_ref idref="fl-7"/>
      </object_component>
      <object_component id="oc-2d">
         <name>.debug_info</name>
         <load_address>0x497a</load_address>
         <run_address>0x497a</run_address>
         <size>0x3bbb</size>
         <input_file_ref idref="fl-8"/>
      </object_component>
      <object_component id="oc-33">
         <name>.debug_info</name>
         <load_address>0x8535</load_address>
         <run_address>0x8535</run_address>
         <size>0xb66</size>
         <input_file_ref idref="fl-12"/>
      </object_component>
      <object_component id="oc-37">
         <name>.debug_info</name>
         <load_address>0x909b</load_address>
         <run_address>0x909b</run_address>
         <size>0x103b</size>
         <input_file_ref idref="fl-13"/>
      </object_component>
      <object_component id="oc-3b">
         <name>.debug_info</name>
         <load_address>0xa0d6</load_address>
         <run_address>0xa0d6</run_address>
         <size>0xf0d</size>
         <input_file_ref idref="fl-14"/>
      </object_component>
      <object_component id="oc-3f">
         <name>.debug_info</name>
         <load_address>0xafe3</load_address>
         <run_address>0xafe3</run_address>
         <size>0x27ab</size>
         <input_file_ref idref="fl-15"/>
      </object_component>
      <object_component id="oc-44">
         <name>.debug_info</name>
         <load_address>0xd78e</load_address>
         <run_address>0xd78e</run_address>
         <size>0xf63</size>
         <input_file_ref idref="fl-16"/>
      </object_component>
      <object_component id="oc-49">
         <name>.debug_info</name>
         <load_address>0xe6f1</load_address>
         <run_address>0xe6f1</run_address>
         <size>0x1400</size>
         <input_file_ref idref="fl-17"/>
      </object_component>
      <object_component id="oc-4d">
         <name>.debug_info</name>
         <load_address>0xfaf1</load_address>
         <run_address>0xfaf1</run_address>
         <size>0x6f2</size>
         <input_file_ref idref="fl-18"/>
      </object_component>
      <object_component id="oc-51">
         <name>.debug_info</name>
         <load_address>0x101e3</load_address>
         <run_address>0x101e3</run_address>
         <size>0x6e4</size>
         <input_file_ref idref="fl-19"/>
      </object_component>
      <object_component id="oc-56">
         <name>.debug_info</name>
         <load_address>0x108c7</load_address>
         <run_address>0x108c7</run_address>
         <size>0x8b5</size>
         <input_file_ref idref="fl-1a"/>
      </object_component>
      <object_component id="oc-59">
         <name>.debug_info</name>
         <load_address>0x1117c</load_address>
         <run_address>0x1117c</run_address>
         <size>0xbd</size>
         <input_file_ref idref="fl-1b"/>
      </object_component>
      <object_component id="oc-5c">
         <name>.debug_info</name>
         <load_address>0x11239</load_address>
         <run_address>0x11239</run_address>
         <size>0xbd</size>
         <input_file_ref idref="fl-1c"/>
      </object_component>
      <object_component id="oc-5f">
         <name>.debug_info</name>
         <load_address>0x112f6</load_address>
         <run_address>0x112f6</run_address>
         <size>0x7bf</size>
         <input_file_ref idref="fl-1d"/>
      </object_component>
      <object_component id="oc-64">
         <name>.debug_info</name>
         <load_address>0x11ab5</load_address>
         <run_address>0x11ab5</run_address>
         <size>0x667</size>
         <input_file_ref idref="fl-1e"/>
      </object_component>
      <object_component id="oc-67">
         <name>.debug_info</name>
         <load_address>0x1211c</load_address>
         <run_address>0x1211c</run_address>
         <size>0x774</size>
         <input_file_ref idref="fl-1f"/>
      </object_component>
      <object_component id="oc-6b">
         <name>.debug_info</name>
         <load_address>0x12890</load_address>
         <run_address>0x12890</run_address>
         <size>0x7da</size>
         <input_file_ref idref="fl-20"/>
      </object_component>
      <object_component id="oc-70">
         <name>.debug_info</name>
         <load_address>0x1306a</load_address>
         <run_address>0x1306a</run_address>
         <size>0x8e9</size>
         <input_file_ref idref="fl-21"/>
      </object_component>
      <object_component id="oc-73">
         <name>.debug_info</name>
         <load_address>0x13953</load_address>
         <run_address>0x13953</run_address>
         <size>0xbd</size>
         <input_file_ref idref="fl-22"/>
      </object_component>
      <object_component id="oc-76">
         <name>.debug_info</name>
         <load_address>0x13a10</load_address>
         <run_address>0x13a10</run_address>
         <size>0x63a</size>
         <input_file_ref idref="fl-23"/>
      </object_component>
      <object_component id="oc-79">
         <name>.debug_info</name>
         <load_address>0x1404a</load_address>
         <run_address>0x1404a</run_address>
         <size>0x640</size>
         <input_file_ref idref="fl-24"/>
      </object_component>
      <object_component id="oc-7c">
         <name>.debug_info</name>
         <load_address>0x1468a</load_address>
         <run_address>0x1468a</run_address>
         <size>0x6e4</size>
         <input_file_ref idref="fl-25"/>
      </object_component>
      <object_component id="oc-81">
         <name>.debug_info</name>
         <load_address>0x14d6e</load_address>
         <run_address>0x14d6e</run_address>
         <size>0x81c</size>
         <input_file_ref idref="fl-26"/>
      </object_component>
      <object_component id="oc-84">
         <name>.debug_info</name>
         <load_address>0x1558a</load_address>
         <run_address>0x1558a</run_address>
         <size>0x638</size>
         <input_file_ref idref="fl-27"/>
      </object_component>
      <object_component id="oc-87">
         <name>.debug_info</name>
         <load_address>0x15bc2</load_address>
         <run_address>0x15bc2</run_address>
         <size>0x640</size>
         <input_file_ref idref="fl-28"/>
      </object_component>
      <object_component id="oc-8a">
         <name>.debug_info</name>
         <load_address>0x16202</load_address>
         <run_address>0x16202</run_address>
         <size>0x633</size>
         <input_file_ref idref="fl-29"/>
      </object_component>
      <object_component id="oc-8f">
         <name>.debug_info</name>
         <load_address>0x16835</load_address>
         <run_address>0x16835</run_address>
         <size>0x2674</size>
         <input_file_ref idref="fl-2a"/>
      </object_component>
      <object_component id="oc-93">
         <name>.debug_info</name>
         <load_address>0x18ea9</load_address>
         <run_address>0x18ea9</run_address>
         <size>0x6c8</size>
         <input_file_ref idref="fl-2b"/>
      </object_component>
      <object_component id="oc-96">
         <name>.debug_info</name>
         <load_address>0x19571</load_address>
         <run_address>0x19571</run_address>
         <size>0x6d5</size>
         <input_file_ref idref="fl-2c"/>
      </object_component>
      <object_component id="oc-99">
         <name>.debug_info</name>
         <load_address>0x19c46</load_address>
         <run_address>0x19c46</run_address>
         <size>0x83e</size>
         <input_file_ref idref="fl-2d"/>
      </object_component>
      <object_component id="oc-9c">
         <name>.debug_info</name>
         <load_address>0x1a484</load_address>
         <run_address>0x1a484</run_address>
         <size>0x6b6</size>
         <input_file_ref idref="fl-2e"/>
      </object_component>
      <object_component id="oc-9f">
         <name>.debug_info</name>
         <load_address>0x1ab3a</load_address>
         <run_address>0x1ab3a</run_address>
         <size>0x7ac</size>
         <input_file_ref idref="fl-2f"/>
      </object_component>
      <object_component id="oc-a2">
         <name>.debug_info</name>
         <load_address>0x1b2e6</load_address>
         <run_address>0x1b2e6</run_address>
         <size>0x5e1</size>
         <input_file_ref idref="fl-30"/>
      </object_component>
      <object_component id="oc-a4">
         <name>.debug_info</name>
         <load_address>0x1b8c7</load_address>
         <run_address>0x1b8c7</run_address>
         <size>0x6ce</size>
         <input_file_ref idref="fl-31"/>
      </object_component>
      <object_component id="oc-a8">
         <name>.debug_info</name>
         <load_address>0x1bf95</load_address>
         <run_address>0x1bf95</run_address>
         <size>0x96a</size>
         <input_file_ref idref="fl-32"/>
      </object_component>
      <object_component id="oc-ab">
         <name>.debug_info</name>
         <load_address>0x1c8ff</load_address>
         <run_address>0x1c8ff</run_address>
         <size>0x5c9</size>
         <input_file_ref idref="fl-33"/>
      </object_component>
      <object_component id="oc-af">
         <name>.debug_info</name>
         <load_address>0x1cec8</load_address>
         <run_address>0x1cec8</run_address>
         <size>0x67e</size>
         <input_file_ref idref="fl-34"/>
      </object_component>
      <object_component id="oc-b2">
         <name>.debug_info</name>
         <load_address>0x1d546</load_address>
         <run_address>0x1d546</run_address>
         <size>0x697</size>
         <input_file_ref idref="fl-35"/>
      </object_component>
      <object_component id="oc-b5">
         <name>.debug_info</name>
         <load_address>0x1dbdd</load_address>
         <run_address>0x1dbdd</run_address>
         <size>0x811</size>
         <input_file_ref idref="fl-36"/>
      </object_component>
      <object_component id="oc-b8">
         <name>.debug_info</name>
         <load_address>0x1e3ee</load_address>
         <run_address>0x1e3ee</run_address>
         <size>0xa9d</size>
         <input_file_ref idref="fl-37"/>
      </object_component>
      <object_component id="oc-bc">
         <name>.debug_info</name>
         <load_address>0x1ee8b</load_address>
         <run_address>0x1ee8b</run_address>
         <size>0x653</size>
         <input_file_ref idref="fl-38"/>
      </object_component>
      <object_component id="oc-bf">
         <name>.debug_info</name>
         <load_address>0x1f4de</load_address>
         <run_address>0x1f4de</run_address>
         <size>0x670</size>
         <input_file_ref idref="fl-39"/>
      </object_component>
      <object_component id="oc-c2">
         <name>.debug_info</name>
         <load_address>0x1fb4e</load_address>
         <run_address>0x1fb4e</run_address>
         <size>0x78a</size>
         <input_file_ref idref="fl-3a"/>
      </object_component>
      <object_component id="oc-c5">
         <name>.debug_info</name>
         <load_address>0x202d8</load_address>
         <run_address>0x202d8</run_address>
         <size>0x785</size>
         <input_file_ref idref="fl-3b"/>
      </object_component>
      <object_component id="oc-c8">
         <name>.debug_info</name>
         <load_address>0x20a5d</load_address>
         <run_address>0x20a5d</run_address>
         <size>0x7fd</size>
         <input_file_ref idref="fl-3c"/>
      </object_component>
      <object_component id="oc-cb">
         <name>.debug_info</name>
         <load_address>0x2125a</load_address>
         <run_address>0x2125a</run_address>
         <size>0x666</size>
         <input_file_ref idref="fl-3d"/>
      </object_component>
      <object_component id="oc-ce">
         <name>.debug_info</name>
         <load_address>0x218c0</load_address>
         <run_address>0x218c0</run_address>
         <size>0x6e8</size>
         <input_file_ref idref="fl-3e"/>
      </object_component>
      <object_component id="oc-d1">
         <name>.debug_info</name>
         <load_address>0x21fa8</load_address>
         <run_address>0x21fa8</run_address>
         <size>0xe70</size>
         <input_file_ref idref="fl-3f"/>
      </object_component>
      <object_component id="oc-d6">
         <name>.debug_info</name>
         <load_address>0x22e18</load_address>
         <run_address>0x22e18</run_address>
         <size>0x716</size>
         <input_file_ref idref="fl-40"/>
      </object_component>
      <object_component id="oc-d9">
         <name>.debug_info</name>
         <load_address>0x2352e</load_address>
         <run_address>0x2352e</run_address>
         <size>0x6b9</size>
         <input_file_ref idref="fl-41"/>
      </object_component>
      <object_component id="oc-dc">
         <name>.debug_info</name>
         <load_address>0x23be7</load_address>
         <run_address>0x23be7</run_address>
         <size>0xcc</size>
         <input_file_ref idref="fl-42"/>
      </object_component>
      <object_component id="oc-df">
         <name>.debug_info</name>
         <load_address>0x23cb3</load_address>
         <run_address>0x23cb3</run_address>
         <size>0x79d</size>
         <input_file_ref idref="fl-43"/>
      </object_component>
      <object_component id="oc-e2">
         <name>.debug_info</name>
         <load_address>0x24450</load_address>
         <run_address>0x24450</run_address>
         <size>0x655</size>
         <input_file_ref idref="fl-44"/>
      </object_component>
      <object_component id="oc-e5">
         <name>.debug_info</name>
         <load_address>0x24aa5</load_address>
         <run_address>0x24aa5</run_address>
         <size>0x5ff</size>
         <input_file_ref idref="fl-45"/>
      </object_component>
      <object_component id="oc-e8">
         <name>.debug_info</name>
         <load_address>0x250a4</load_address>
         <run_address>0x250a4</run_address>
         <size>0xdc3</size>
         <input_file_ref idref="fl-46"/>
      </object_component>
      <object_component id="oc-ec">
         <name>.debug_info</name>
         <load_address>0x25e67</load_address>
         <run_address>0x25e67</run_address>
         <size>0x850</size>
         <input_file_ref idref="fl-47"/>
      </object_component>
      <object_component id="oc-f0">
         <name>.debug_info</name>
         <load_address>0x266b7</load_address>
         <run_address>0x266b7</run_address>
         <size>0x741</size>
         <input_file_ref idref="fl-48"/>
      </object_component>
      <object_component id="oc-f3">
         <name>.debug_info</name>
         <load_address>0x26df8</load_address>
         <run_address>0x26df8</run_address>
         <size>0x5b3</size>
         <input_file_ref idref="fl-49"/>
      </object_component>
      <object_component id="oc-f6">
         <name>.debug_info</name>
         <load_address>0x273ab</load_address>
         <run_address>0x273ab</run_address>
         <size>0x768</size>
         <input_file_ref idref="fl-4a"/>
      </object_component>
      <object_component id="oc-f9">
         <name>.debug_info</name>
         <load_address>0x27b13</load_address>
         <run_address>0x27b13</run_address>
         <size>0x7a0</size>
         <input_file_ref idref="fl-4b"/>
      </object_component>
      <object_component id="oc-fc">
         <name>.debug_info</name>
         <load_address>0x282b3</load_address>
         <run_address>0x282b3</run_address>
         <size>0x7f3</size>
         <input_file_ref idref="fl-4c"/>
      </object_component>
      <object_component id="oc-ff">
         <name>.debug_info</name>
         <load_address>0x28aa6</load_address>
         <run_address>0x28aa6</run_address>
         <size>0x852</size>
         <input_file_ref idref="fl-4d"/>
      </object_component>
      <object_component id="oc-104">
         <name>.debug_info</name>
         <load_address>0x292f8</load_address>
         <run_address>0x292f8</run_address>
         <size>0xabf</size>
         <input_file_ref idref="fl-4e"/>
      </object_component>
      <object_component id="oc-10a">
         <name>.debug_info</name>
         <load_address>0x29db7</load_address>
         <run_address>0x29db7</run_address>
         <size>0x7ed</size>
         <input_file_ref idref="fl-4f"/>
      </object_component>
      <object_component id="oc-10d">
         <name>.debug_info</name>
         <load_address>0x2a5a4</load_address>
         <run_address>0x2a5a4</run_address>
         <size>0x64b</size>
         <input_file_ref idref="fl-50"/>
      </object_component>
      <object_component id="oc-195">
         <name>.debug_info</name>
         <load_address>0x2abef</load_address>
         <run_address>0x2abef</run_address>
         <size>0x6d</size>
      </object_component>
      <object_component id="oc-12">
         <name>.debug_line</name>
         <load_address>0x0</load_address>
         <run_address>0x0</run_address>
         <size>0xcd</size>
         <input_file_ref idref="fl-2"/>
      </object_component>
      <object_component id="oc-16">
         <name>.debug_line</name>
         <load_address>0xcd</load_address>
         <run_address>0xcd</run_address>
         <size>0x7a</size>
         <input_file_ref idref="fl-3"/>
      </object_component>
      <object_component id="oc-20">
         <name>.debug_line</name>
         <load_address>0x147</load_address>
         <run_address>0x147</run_address>
         <size>0x3e8</size>
         <input_file_ref idref="fl-4"/>
      </object_component>
      <object_component id="oc-24">
         <name>.debug_line</name>
         <load_address>0x52f</load_address>
         <run_address>0x52f</run_address>
         <size>0x1f1</size>
         <input_file_ref idref="fl-5"/>
      </object_component>
      <object_component id="oc-2a">
         <name>.debug_line</name>
         <load_address>0x720</load_address>
         <run_address>0x720</run_address>
         <size>0x155</size>
         <input_file_ref idref="fl-7"/>
      </object_component>
      <object_component id="oc-31">
         <name>.debug_line</name>
         <load_address>0x875</load_address>
         <run_address>0x875</run_address>
         <size>0x601</size>
         <input_file_ref idref="fl-8"/>
      </object_component>
      <object_component id="oc-35">
         <name>.debug_line</name>
         <load_address>0xe76</load_address>
         <run_address>0xe76</run_address>
         <size>0xd8</size>
         <input_file_ref idref="fl-12"/>
      </object_component>
      <object_component id="oc-39">
         <name>.debug_line</name>
         <load_address>0xf4e</load_address>
         <run_address>0xf4e</run_address>
         <size>0x1ba</size>
         <input_file_ref idref="fl-13"/>
      </object_component>
      <object_component id="oc-3d">
         <name>.debug_line</name>
         <load_address>0x1108</load_address>
         <run_address>0x1108</run_address>
         <size>0xad</size>
         <input_file_ref idref="fl-14"/>
      </object_component>
      <object_component id="oc-42">
         <name>.debug_line</name>
         <load_address>0x11b5</load_address>
         <run_address>0x11b5</run_address>
         <size>0x2d8</size>
         <input_file_ref idref="fl-15"/>
      </object_component>
      <object_component id="oc-46">
         <name>.debug_line</name>
         <load_address>0x148d</load_address>
         <run_address>0x148d</run_address>
         <size>0x169</size>
         <input_file_ref idref="fl-16"/>
      </object_component>
      <object_component id="oc-4b">
         <name>.debug_line</name>
         <load_address>0x15f6</load_address>
         <run_address>0x15f6</run_address>
         <size>0x143</size>
         <input_file_ref idref="fl-17"/>
      </object_component>
      <object_component id="oc-4f">
         <name>.debug_line</name>
         <load_address>0x1739</load_address>
         <run_address>0x1739</run_address>
         <size>0x3d</size>
         <input_file_ref idref="fl-18"/>
      </object_component>
      <object_component id="oc-54">
         <name>.debug_line</name>
         <load_address>0x1776</load_address>
         <run_address>0x1776</run_address>
         <size>0x54</size>
         <input_file_ref idref="fl-19"/>
      </object_component>
      <object_component id="oc-57">
         <name>.debug_line</name>
         <load_address>0x17ca</load_address>
         <run_address>0x17ca</run_address>
         <size>0x3c</size>
         <input_file_ref idref="fl-1a"/>
      </object_component>
      <object_component id="oc-5a">
         <name>.debug_line</name>
         <load_address>0x1806</load_address>
         <run_address>0x1806</run_address>
         <size>0x45</size>
         <input_file_ref idref="fl-1b"/>
      </object_component>
      <object_component id="oc-5d">
         <name>.debug_line</name>
         <load_address>0x184b</load_address>
         <run_address>0x184b</run_address>
         <size>0x44</size>
         <input_file_ref idref="fl-1c"/>
      </object_component>
      <object_component id="oc-62">
         <name>.debug_line</name>
         <load_address>0x188f</load_address>
         <run_address>0x188f</run_address>
         <size>0x4f</size>
         <input_file_ref idref="fl-1d"/>
      </object_component>
      <object_component id="oc-65">
         <name>.debug_line</name>
         <load_address>0x18de</load_address>
         <run_address>0x18de</run_address>
         <size>0x37</size>
         <input_file_ref idref="fl-1e"/>
      </object_component>
      <object_component id="oc-69">
         <name>.debug_line</name>
[...]
      <symbol id="sm-2e2">
         <name>_pongOUT</name>
         <value>0x1181e7b8</value>
         <object_component_ref idref="oc-2c"/>
      </symbol>
      <symbol id="sm-2e3">
         <name>_pingOUT</name>
         <value>0x1181e7b0</value>
         <object_component_ref idref="oc-2c"/>
      </symbol>
      <symbol id="sm-2e4">
         <name>_L138_init_mcasp_poll</name>
         <value>0x11810b4c</value>
         <object_component_ref idref="oc-113"/>
      </symbol>
      <symbol id="sm-2f3">
         <name>_USTIMER_get</name>
         <value>0x11818ac4</value>
         <object_component_ref idref="oc-124"/>
      </symbol>
      <symbol id="sm-2f4">
         <name>_USTIMER_delay</name>
         <value>0x11818a04</value>
         <object_component_ref idref="oc-124"/>
      </symbol>
      <symbol id="sm-2f5">
         <name>_USTIMER_set</name>
         <value>0x11818ad8</value>
         <object_component_ref idref="oc-124"/>
      </symbol>
      <symbol id="sm-2f6">
         <name>_USTIMER_init</name>
         <value>0x11818920</value>
         <object_component_ref idref="oc-124"/>
      </symbol>
      <symbol id="sm-2f7">
         <name>_USTIMER_reset</name>
         <value>0x11818a94</value>
         <object_component_ref idref="oc-124"/>
      </symbol>
      <symbol id="sm-331">
         <name>_GPIO_getInput</name>
         <value>0x11815ab8</value>
         <object_component_ref idref="oc-123"/>
      </symbol>
      <symbol id="sm-332">
         <name>_GPIO_setDir</name>
         <value>0x11815a40</value>
         <object_component_ref idref="oc-123"/>
      </symbol>
      <symbol id="sm-333">
         <name>_GPIO_toggleLoop</name>
         <value>0x11815bac</value>
         <object_component_ref idref="oc-123"/>
      </symbol>
      <symbol id="sm-334">
         <name>_GPIO_setOutput</name>
         <value>0x11815b2c</value>
         <object_component_ref idref="oc-123"/>
      </symbol>
      <symbol id="sm-360">
         <name>_AIC3106_writeRegister</name>
         <value>0x11818fb0</value>
         <object_component_ref idref="oc-122"/>
      </symbol>
      <symbol id="sm-361">
         <name>_AIC3106_init</name>
         <value>0x11818e60</value>
         <object_component_ref idref="oc-122"/>
      </symbol>
      <symbol id="sm-362">
         <name>_AIC3106_readRegister</name>
         <value>0x11818f58</value>
         <object_component_ref idref="oc-122"/>
      </symbol>
      <symbol id="sm-3ff">
         <name>_config_pll1</name>
         <value>0x11812bc4</value>
         <object_component_ref idref="oc-125"/>
      </symbol>
      <symbol id="sm-400">
         <name>_config_pll0</name>
         <value>0x11812988</value>
         <object_component_ref idref="oc-125"/>
      </symbol>
      <symbol id="sm-401">
         <name>_UTIL_isUIBoardAttached</name>
         <value>0x11812f00</value>
         <object_component_ref idref="oc-125"/>
      </symbol>
      <symbol id="sm-402">
         <name>_EVMOMAPL138_initRAM</name>
         <value>0x1181232c</value>
         <object_component_ref idref="oc-125"/>
      </symbol>
      <symbol id="sm-403">
         <name>_EVMOMAPL138_lpscTransition</name>
         <value>0x118125b0</value>
         <object_component_ref idref="oc-125"/>
      </symbol>
      <symbol id="sm-404">
         <name>_EVMOMAPL138_enableDsp</name>
         <value>0x118124e8</value>
         <object_component_ref idref="oc-125"/>
      </symbol>
      <symbol id="sm-405">
         <name>_EVMOMAPL138_init</name>
         <value>0x11812300</value>
         <object_component_ref idref="oc-125"/>
      </symbol>
      <symbol id="sm-406">
         <name>_UTIL_printMem</name>
         <value>0x11812da8</value>
         <object_component_ref idref="oc-125"/>
      </symbol>
      <symbol id="sm-407">
         <name>_EVMOMAPL138_pinmuxConfig</name>
         <value>0x11812514</value>
         <object_component_ref idref="oc-125"/>
      </symbol>
      <symbol id="sm-408">
         <name>_bitval_u32</name>
         <value>0x1181e230</value>
         <object_component_ref idref="oc-134"/>
      </symbol>
      <symbol id="sm-436">
         <name>_I2CGPIO_getInput</name>
         <value>0x11814614</value>
         <object_component_ref idref="oc-135"/>
      </symbol>
      <symbol id="sm-437">
         <name>_I2CGPIO_setOutputAll</name>
         <value>0x11814988</value>
         <object_component_ref idref="oc-135"/>
      </symbol>
      <symbol id="sm-438">
         <name>_I2CGPIO_setOutput</name>
         <value>0x11814840</value>
         <object_component_ref idref="oc-135"/>
      </symbol>
      <symbol id="sm-439">
         <name>_I2CGPIO_getInputAll</name>
         <value>0x11814730</value>
         <object_component_ref idref="oc-135"/>
      </symbol>
      <symbol id="sm-43a">
         <name>_I2CGPIO_init</name>
         <value>0x11814540</value>
         <object_component_ref idref="oc-135"/>
      </symbol>
      <symbol id="sm-483">
         <name>_I2C_read</name>
         <value>0x11815eac</value>
         <object_component_ref idref="oc-132"/>
      </symbol>
      <symbol id="sm-484">
         <name>_I2C_write</name>
         <value>0x11816008</value>
         <object_component_ref idref="oc-132"/>
      </symbol>
      <symbol id="sm-485">
         <name>_I2C_init</name>
         <value>0x11815dc0</value>
         <object_component_ref idref="oc-132"/>
      </symbol>
      <symbol id="sm-494">
         <name>_c_int00</name>
         <value>0x1181b880</value>
         <object_component_ref idref="oc-e"/>
      </symbol>
      <symbol id="sm-495">
         <name>__stack</name>
         <value>0x1181d188</value>
         <object_component_ref idref="oc-4e"/>
      </symbol>
      <symbol id="sm-4ab">
         <name>_cos</name>
         <value>0x11816780</value>
         <object_component_ref idref="oc-131"/>
      </symbol>
      <symbol id="sm-4bb">
         <name>__divf</name>
         <value>0x11817260</value>
         <object_component_ref idref="oc-114"/>
      </symbol>
      <symbol id="sm-4c4">
         <name>__c6xabi_divi</name>
         <value>0x1181a040</value>
         <object_component_ref idref="oc-12b"/>
      </symbol>
      <symbol id="sm-4c5">
         <name>__divi</name>
         <value>0x1181a040</value>
         <object_component_ref idref="oc-12b"/>
      </symbol>
      <symbol id="sm-4ce">
         <name>__c6xabi_divu</name>
         <value>0x1181a940</value>
         <object_component_ref idref="oc-129"/>
      </symbol>
      <symbol id="sm-4cf">
         <name>__divu</name>
         <value>0x1181a940</value>
         <object_component_ref idref="oc-129"/>
      </symbol>
      <symbol id="sm-4e6">
         <name>C$$EXIT</name>
         <value>0x1181be20</value>
         <object_component_ref idref="oc-121"/>
      </symbol>
      <symbol id="sm-4e7">
         <name>_exit</name>
         <value>0x1181ab80</value>
         <object_component_ref idref="oc-112"/>
      </symbol>
      <symbol id="sm-4e8">
         <name>___TI_enable_exit_profile_output</name>
         <value>0x1181d160</value>
         <object_component_ref idref="oc-61"/>
      </symbol>
      <symbol id="sm-4e9">
         <name>_abort</name>
         <value>0x1181be20</value>
         <object_component_ref idref="oc-121"/>
      </symbol>
      <symbol id="sm-4ea">
         <name>__cleanup_ptr</name>
         <value>0x1181d158</value>
         <object_component_ref idref="oc-61"/>
      </symbol>
      <symbol id="sm-4eb">
         <name>__dtors_ptr</name>
         <value>0x1181d15c</value>
         <object_component_ref idref="oc-61"/>
      </symbol>
      <symbol id="sm-4f7">
         <name>_modf</name>
         <value>0x1181b520</value>
         <object_component_ref idref="oc-147"/>
      </symbol>
      <symbol id="sm-518">
         <name>_perror</name>
         <value>0x11819b40</value>
         <object_component_ref idref="oc-128"/>
      </symbol>
      <symbol id="sm-543">
         <name>_powf</name>
         <value>0x11813fe0</value>
         <object_component_ref idref="oc-12c"/>
      </symbol>
      <symbol id="sm-558">
         <name>_printf</name>
         <value>0x1181a4a0</value>
         <object_component_ref idref="oc-12a"/>
      </symbol>
      <symbol id="sm-561">
         <name>__remi</name>
         <value>0x1181aac0</value>
         <object_component_ref idref="oc-12e"/>
      </symbol>
      <symbol id="sm-562">
         <name>__c6xabi_remi</name>
         <value>0x1181aac0</value>
         <object_component_ref idref="oc-12e"/>
      </symbol>
      <symbol id="sm-56c">
         <name>__nround</name>
         <value>0x1181b0c0</value>
         <object_component_ref idref="oc-146"/>
      </symbol>
      <symbol id="sm-576">
         <name>__roundf</name>
         <value>0x1181b800</value>
         <object_component_ref idref="oc-13e"/>
      </symbol>
      <symbol id="sm-58b">
         <name>_sin</name>
         <value>0x11817760</value>
         <object_component_ref idref="oc-130"/>
      </symbol>
      <symbol id="sm-596">
         <name>_sqrtf</name>
         <value>0x11819e60</value>
         <object_component_ref idref="oc-12d"/>
      </symbol>
      <symbol id="sm-5a0">
         <name>__trunc</name>
         <value>0x1181bde0</value>
         <object_component_ref idref="oc-145"/>
      </symbol>
      <symbol id="sm-5aa">
         <name>__truncf</name>
         <value>0x1181be00</value>
         <object_component_ref idref="oc-13f"/>
      </symbol>
      <symbol id="sm-5b8">
         <name>__unlock</name>
         <value>0x1181d170</value>
         <object_component_ref idref="oc-8c"/>
      </symbol>
      <symbol id="sm-5b9">
         <name>__lock</name>
         <value>0x1181d16c</value>
         <object_component_ref idref="oc-8c"/>
      </symbol>
      <symbol id="sm-5ba">
         <name>__nop</name>
         <value>0x1181bd80</value>
         <object_component_ref idref="oc-115"/>
      </symbol>
      <symbol id="sm-6c4">
         <name>__printfi</name>
         <value>0x11814a20</value>
         <object_component_ref idref="oc-13a"/>
      </symbol>
      <symbol id="sm-6ce">
         <name>__args_main</name>
         <value>0x1181bc60</value>
         <object_component_ref idref="oc-111"/>
      </symbol>
      <symbol id="sm-6cf">
         <name>__TI_args_main</name>
         <value>0x1</value>
      </symbol>
      <symbol id="sm-6dd">
         <name>_atoi</name>
         <value>0x1181a120</value>
         <object_component_ref idref="oc-153"/>
      </symbol>
      <symbol id="sm-6ec">
         <name>__auto_init</name>
         <value>0x1181a7c0</value>
         <object_component_ref idref="oc-110"/>
      </symbol>
      <symbol id="sm-6f9">
         <name>___TI_cpp_init</name>
         <value>0x1181ba00</value>
         <object_component_ref idref="oc-11f"/>
      </symbol>
      <symbol id="sm-707">
         <name>_copy_in</name>
         <value>0x1181b200</value>
         <object_component_ref idref="oc-11d"/>
      </symbol>
      <symbol id="sm-70f">
         <name>__ctypes_</name>
         <value>0x1181e128</value>
         <object_component_ref idref="oc-15b"/>
      </symbol>
      <symbol id="sm-719">
         <name>__tmpnams</name>
         <value>0x1181cdf0</value>
         <object_component_ref idref="oc-a6"/>
      </symbol>
      <symbol id="sm-71a">
         <name>__ft_end</name>
         <value>0x1181cf30</value>
         <object_component_ref idref="oc-a6"/>
      </symbol>
      <symbol id="sm-71b">
         <name>__ftable</name>
         <value>0x1181cc10</value>
         <object_component_ref idref="oc-a6"/>
      </symbol>
      <symbol id="sm-72d">
         <name>__divd</name>
         <value>0x11812f20</value>
         <object_component_ref idref="oc-16c"/>
      </symbol>
      <symbol id="sm-737">
         <name>_errno</name>
         <value>0x1181cf34</value>
         <object_component_ref idref="oc-ad"/>
      </symbol>
      <symbol id="sm-744">
         <name>__fixdli</name>
         <value>0x1181b020</value>
         <object_component_ref idref="oc-170"/>
      </symbol>
      <symbol id="sm-74f">
         <name>__fltlid</name>
         <value>0x1181b700</value>
         <object_component_ref idref="oc-172"/>
      </symbol>
      <symbol id="sm-76a">
         <name>_putc</name>
         <value>0x11818300</value>
         <object_component_ref idref="oc-138"/>
      </symbol>
      <symbol id="sm-76b">
         <name>_fputc</name>
         <value>0x11818300</value>
         <object_component_ref idref="oc-138"/>
      </symbol>
      <symbol id="sm-78d">
         <name>_fputs</name>
         <value>0x118156a0</value>
         <object_component_ref idref="oc-136"/>
      </symbol>
      <symbol id="sm-797">
         <name>__frcmpyd_div</name>
         <value>0x1181bca0</value>
         <object_component_ref idref="oc-174"/>
      </symbol>
      <symbol id="sm-7a6">
         <name>_frexpf</name>
         <value>0x1181a2e0</value>
         <object_component_ref idref="oc-13c"/>
      </symbol>
      <symbol id="sm-7b6">
         <name>__divul</name>
         <value>0x11818cc0</value>
         <object_component_ref idref="oc-175"/>
      </symbol>
      <symbol id="sm-7b7">
         <name>__remli</name>
         <value>0x1181bd20</value>
         <object_component_ref idref="oc-178"/>
      </symbol>
      <symbol id="sm-7b8">
         <name>__divli</name>
         <value>0x1181ae40</value>
         <object_component_ref idref="oc-179"/>
      </symbol>
      <symbol id="sm-7cc">
         <name>__subcull</name>
         <value>0x1181ba60</value>
         <object_component_ref idref="oc-17b"/>
      </symbol>
      <symbol id="sm-7cd">
         <name>__divull</name>
         <value>0x118179e0</value>
         <object_component_ref idref="oc-176"/>
      </symbol>
      <symbol id="sm-7d7">
         <name>___isinf</name>
         <value>0x1181bbe0</value>
         <object_component_ref idref="oc-15d"/>
      </symbol>
      <symbol id="sm-7e5">
         <name>_ldexpf</name>
         <value>0x11819a20</value>
         <object_component_ref idref="oc-13d"/>
      </symbol>
      <symbol id="sm-7f3">
         <name>__llshl</name>
         <value>0x1181b780</value>
         <object_component_ref idref="oc-17a"/>
      </symbol>
      <symbol id="sm-7f4">
         <name>__llshru</name>
         <value>0x1181bce0</value>
         <object_component_ref idref="oc-173"/>
      </symbol>
      <symbol id="sm-831">
         <name>_unlink</name>
         <value>0x1181b980</value>
         <object_component_ref idref="oc-177"/>
      </symbol>
      <symbol id="sm-832">
         <name>_lseek</name>
         <value>0x1181b340</value>
         <object_component_ref idref="oc-157"/>
      </symbol>
      <symbol id="sm-833">
         <name>_close</name>
         <value>0x1181a200</value>
         <object_component_ref idref="oc-16e"/>
      </symbol>
      <symbol id="sm-834">
         <name>_write</name>
         <value>0x1181b660</value>
         <object_component_ref idref="oc-14a"/>
      </symbol>
      <symbol id="sm-841">
         <name>_ltoa</name>
         <value>0x1181ac40</value>
         <object_component_ref idref="oc-171"/>
      </symbol>
      <symbol id="sm-84e">
         <name>_memccpy</name>
         <value>0x1181bac0</value>
         <object_component_ref idref="oc-156"/>
      </symbol>
      <symbol id="sm-856">
         <name>_memcpy</name>
         <value>0x1181b3e0</value>
         <object_component_ref idref="oc-11e"/>
      </symbol>
      <symbol id="sm-861">
         <name>_memset</name>
         <value>0x1181a3c0</value>
         <object_component_ref idref="oc-152"/>
      </symbol>
      <symbol id="sm-86c">
         <name>_modff</name>
         <value>0x1181bb20</value>
         <object_component_ref idref="oc-140"/>
      </symbol>
      <symbol id="sm-876">
         <name>__negll</name>
         <value>0x1181bd60</value>
         <object_component_ref idref="oc-162"/>
      </symbol>
      <symbol id="sm-89f">
         <name>_HOSTopen</name>
         <value>0x11819f60</value>
         <object_component_ref idref="oc-116"/>
      </symbol>
      <symbol id="sm-8a0">
         <name>_HOSTread</name>
         <value>0x1181a580</value>
         <object_component_ref idref="oc-118"/>
      </symbol>
      <symbol id="sm-8a1">
         <name>_HOSTrename</name>
         <value>0x11819000</value>
         <object_component_ref idref="oc-11c"/>
      </symbol>
      <symbol id="sm-8a2">
         <name>_HOSTwrite</name>
         <value>0x1181a700</value>
         <object_component_ref idref="oc-119"/>
      </symbol>
      <symbol id="sm-8a3">
         <name>_HOSTlseek</name>
         <value>0x11819c60</value>
         <object_component_ref idref="oc-11a"/>
      </symbol>
      <symbol id="sm-8a4">
         <name>_HOSTunlink</name>
         <value>0x1181a640</value>
         <object_component_ref idref="oc-11b"/>
      </symbol>
      <symbol id="sm-8a5">
         <name>_HOSTclose</name>
         <value>0x1181ad00</value>
         <object_component_ref idref="oc-117"/>
      </symbol>
      <symbol id="sm-8b5">
         <name>C$$IO$$</name>
         <value>0x1181bbd8</value>
         <object_component_ref idref="oc-126"/>
      </symbol>
      <symbol id="sm-8b6">
         <name>__CIOBUF_</name>
         <value>0x1181e600</value>
         <object_component_ref idref="oc-ed"/>
      </symbol>
      <symbol id="sm-8b7">
         <name>_readmsg</name>
         <value>0x1181b900</value>
         <object_component_ref idref="oc-127"/>
      </symbol>
      <symbol id="sm-8b8">
         <name>_writemsg</name>
         <value>0x1181bb80</value>
         <object_component_ref idref="oc-126"/>
      </symbol>
      <symbol id="sm-8c7">
         <name>__wrt_ok</name>
         <value>0x11819d60</value>
         <object_component_ref idref="oc-148"/>
      </symbol>
      <symbol id="sm-8db">
         <name>__doflush</name>
         <value>0x1181aa00</value>
         <object_component_ref idref="oc-149"/>
      </symbol>
      <symbol id="sm-8ec">
         <name>_fseek</name>
         <value>0x11819900</value>
         <object_component_ref idref="oc-150"/>
      </symbol>
      <symbol id="sm-902">
         <name>_setvbuf</name>
         <value>0x11818720</value>
         <object_component_ref idref="oc-151"/>
      </symbol>
      <symbol id="sm-915">
         <name>__cleanup</name>
         <value>0x1181ada0</value>
         <object_component_ref idref="oc-15a"/>
      </symbol>
      <symbol id="sm-94e">
         <name>__sys_memory</name>
         <value>0x11800000</value>
         <object_component_ref idref="oc-107"/>
      </symbol>
      <symbol id="sm-94f">
         <name>_free</name>
         <value>0x118174e0</value>
         <object_component_ref idref="oc-158"/>
      </symbol>
      <symbol id="sm-950">
         <name>_malloc</name>
         <value>0x11819180</value>
         <object_component_ref idref="oc-159"/>
      </symbol>
      <symbol id="sm-962">
         <name>__closefile</name>
         <value>0x118196c0</value>
         <object_component_ref idref="oc-166"/>
      </symbol>
      <symbol id="sm-96c">
         <name>_remove</name>
         <value>0x1181be40</value>
         <object_component_ref idref="oc-16f"/>
      </symbol>
   </symbol_table>
</link_info>
